[2026-04-03 18:10:31,856][HYDRA] Joblib.Parallel(n_jobs=1,backend=loky,prefer=processes,require=None,verbose=0,timeout=None,pre_dispatch=2*n_jobs,batch_size=auto,temp_folder=None,max_nbytes=None,mmap_mode=r) is launching 16 jobs
[2026-04-03 18:10:31,858][HYDRA] Launching jobs, sweep output dir : multirun/2026-04-03/18-10-23
[2026-04-03 18:10:31,858][HYDRA] 	#0 : experiment=recommender_industry_mark solver=mark problem=FRED_16country_quarterly/industry_eu_aut
[2026-04-03 18:10:31,858][HYDRA] 	#1 : experiment=recommender_industry_mark solver=mark problem=FRED_16country_quarterly/industry_eu_bel
[2026-04-03 18:10:31,858][HYDRA] 	#2 : experiment=recommender_industry_mark solver=mark problem=FRED_16country_quarterly/industry_eu_deu
[2026-04-03 18:10:31,858][HYDRA] 	#3 : experiment=recommender_industry_mark solver=mark problem=FRED_16country_quarterly/industry_eu_esp
[2026-04-03 18:10:31,858][HYDRA] 	#4 : experiment=recommender_industry_mark solver=mark problem=FRED_16country_quarterly/industry_eu_est
[2026-04-03 18:10:31,858][HYDRA] 	#5 : experiment=recommender_industry_mark solver=mark problem=FRED_16country_quarterly/industry_eu_fin
[2026-04-03 18:10:31,858][HYDRA] 	#6 : experiment=recommender_industry_mark solver=mark problem=FRED_16country_quarterly/industry_eu_fra
[2026-04-03 18:10:31,858][HYDRA] 	#7 : experiment=recommender_industry_mark solver=mark problem=FRED_16country_quarterly/industry_eu_grc
[2026-04-03 18:10:31,858][HYDRA] 	#8 : experiment=recommender_industry_mark solver=mark problem=FRED_16country_quarterly/industry_eu_irl
[2026-04-03 18:10:31,858][HYDRA] 	#9 : experiment=recommender_industry_mark solver=mark problem=FRED_16country_quarterly/industry_eu_ita
[2026-04-03 18:10:31,858][HYDRA] 	#10 : experiment=recommender_industry_mark solver=mark problem=FRED_16country_quarterly/industry_eu_ltu
[2026-04-03 18:10:31,858][HYDRA] 	#11 : experiment=recommender_industry_mark solver=mark problem=FRED_16country_quarterly/industry_eu_lux
[2026-04-03 18:10:31,858][HYDRA] 	#12 : experiment=recommender_industry_mark solver=mark problem=FRED_16country_quarterly/industry_eu_nld
[2026-04-03 18:10:31,858][HYDRA] 	#13 : experiment=recommender_industry_mark solver=mark problem=FRED_16country_quarterly/industry_eu_prt
[2026-04-03 18:10:31,858][HYDRA] 	#14 : experiment=recommender_industry_mark solver=mark problem=FRED_16country_quarterly/industry_eu_svk
[2026-04-03 18:10:31,858][HYDRA] 	#15 : experiment=recommender_industry_mark solver=mark problem=FRED_16country_quarterly/industry_eu_svn
solver:
  name: mark
  model_name: XGB
  custom_objective: reg:squarederror
  N_SELECT_FEATURES: 5
  n_runs: 5
  recalculate_dag: true
  n_estimators: 10
  max_depth: 3
  learning_rate: 0.1
  random_state: 42
  feature_selector: SequentialFeatureSelector
  debug: false
problem:
  name: industry_eu
  data_path: data/industry_eu/processed/industry_eu_fred_ExcludingConstruction_16country_quarterly_100x16.csv
  frequency: Q
  impute: none
  dropna_selected: true
  target: AUT
  features:
  - DEU
  - BEL
  - ITA
  - LUX
  - PRT
  - FRA
  - NLD
  - FIN
  - GRC
  - ESP
  - IRL
  - SVK
  - SVN
  - EST
  - LTU
experiment: recommender_industry_mark

[2026-04-03 18:10:39,537][__main__][INFO] - Starting experiment in /Users/xiaoyuhe/Recommender_Pavel/multirun/2026-04-03/18-10-23/0
Index(['AUT', 'DEU', 'BEL', 'ITA', 'LUX', 'PRT', 'FRA', 'NLD', 'FIN', 'GRC',
       'ESP', 'IRL', 'SVK', 'SVN', 'EST', 'LTU'],
      dtype='object')
[2026-04-03 18:10:40,349][root][INFO] - w_est shape (16, 16)
[2026-04-03 18:10:40,350][root][INFO] - target_col AUT
[2026-04-03 18:10:40,350][root][INFO] - row_and_col_names 16
[2026-04-03 18:10:40,350][root][INFO] - prep_data.shape (100, 16)
[2026-04-03 18:10:40,350][root][INFO] - row_and_col_names Index(['AUT', 'DEU', 'BEL', 'ITA', 'LUX', 'PRT', 'FRA', 'NLD', 'FIN', 'GRC',
       'ESP', 'IRL', 'SVK', 'SVN', 'EST', 'LTU'],
      dtype='object')
[2026-04-03 18:10:40,439][root][INFO] - Testing on columns 15: Index(['DEU', 'BEL', 'ITA', 'LUX', 'PRT', 'FRA', 'NLD', 'FIN', 'GRC', 'ESP',
       'IRL', 'SVK', 'SVN', 'EST', 'LTU'],
      dtype='object')
[2026-04-03 18:11:09,635][root][INFO] - Best features Index(['BEL', 'FIN', 'IRL', 'SVK', 'LTU'], dtype='object'), [ 1  7 10 11 14]
[2026-04-03 18:11:10,282][__main__][INFO] - Experiment Finished
solver:
  name: mark
  model_name: XGB
  custom_objective: reg:squarederror
  N_SELECT_FEATURES: 5
  n_runs: 5
  recalculate_dag: true
  n_estimators: 10
  max_depth: 3
  learning_rate: 0.1
  random_state: 42
  feature_selector: SequentialFeatureSelector
  debug: false
problem:
  name: industry_eu
  data_path: data/industry_eu/processed/industry_eu_fred_ExcludingConstruction_16country_quarterly_100x16.csv
  frequency: Q
  impute: none
  dropna_selected: true
  target: BEL
  features:
  - DEU
  - ITA
  - LUX
  - PRT
  - AUT
  - FRA
  - NLD
  - FIN
  - GRC
  - ESP
  - IRL
  - SVK
  - SVN
  - EST
  - LTU
experiment: recommender_industry_mark

[2026-04-03 18:11:10,981][__main__][INFO] - Starting experiment in /Users/xiaoyuhe/Recommender_Pavel/multirun/2026-04-03/18-10-23/1
Index(['BEL', 'DEU', 'ITA', 'LUX', 'PRT', 'AUT', 'FRA', 'NLD', 'FIN', 'GRC',
       'ESP', 'IRL', 'SVK', 'SVN', 'EST', 'LTU'],
      dtype='object')
[2026-04-03 18:11:11,177][root][INFO] - w_est shape (16, 16)
[2026-04-03 18:11:11,178][root][INFO] - target_col BEL
[2026-04-03 18:11:11,178][root][INFO] - row_and_col_names 16
[2026-04-03 18:11:11,178][root][INFO] - prep_data.shape (100, 16)
[2026-04-03 18:11:11,178][root][INFO] - row_and_col_names Index(['BEL', 'DEU', 'ITA', 'LUX', 'PRT', 'AUT', 'FRA', 'NLD', 'FIN', 'GRC',
       'ESP', 'IRL', 'SVK', 'SVN', 'EST', 'LTU'],
      dtype='object')
[2026-04-03 18:11:11,553][root][INFO] - Testing on columns 15: Index(['DEU', 'ITA', 'LUX', 'PRT', 'AUT', 'FRA', 'NLD', 'FIN', 'GRC', 'ESP',
       'IRL', 'SVK', 'SVN', 'EST', 'LTU'],
      dtype='object')
[2026-04-03 18:11:38,116][root][INFO] - Best features Index(['AUT', 'NLD', 'FIN', 'IRL', 'SVK'], dtype='object'), [ 4  6  7 10 11]
[2026-04-03 18:11:38,763][__main__][INFO] - Experiment Finished
solver:
  name: mark
  model_name: XGB
  custom_objective: reg:squarederror
  N_SELECT_FEATURES: 5
  n_runs: 5
  recalculate_dag: true
  n_estimators: 10
  max_depth: 3
  learning_rate: 0.1
  random_state: 42
  feature_selector: SequentialFeatureSelector
  debug: false
problem:
  name: industry_eu
  data_path: data/industry_eu/processed/industry_eu_fred_ExcludingConstruction_16country_quarterly_100x16.csv
  frequency: Q
  impute: none
  dropna_selected: true
  target: DEU
  features:
  - BEL
  - ITA
  - LUX
  - PRT
  - AUT
  - FRA
  - NLD
  - FIN
  - GRC
  - ESP
  - IRL
  - SVK
  - SVN
  - EST
  - LTU
experiment: recommender_industry_mark

[2026-04-03 18:11:39,314][__main__][INFO] - Starting experiment in /Users/xiaoyuhe/Recommender_Pavel/multirun/2026-04-03/18-10-23/2
Index(['DEU', 'BEL', 'ITA', 'LUX', 'PRT', 'AUT', 'FRA', 'NLD', 'FIN', 'GRC',
       'ESP', 'IRL', 'SVK', 'SVN', 'EST', 'LTU'],
      dtype='object')
[2026-04-03 18:11:39,509][root][INFO] - w_est shape (16, 16)
[2026-04-03 18:11:39,564][root][INFO] - target_col DEU
[2026-04-03 18:11:39,564][root][INFO] - row_and_col_names 16
[2026-04-03 18:11:39,564][root][INFO] - prep_data.shape (100, 16)
[2026-04-03 18:11:39,565][root][INFO] - row_and_col_names Index(['DEU', 'BEL', 'ITA', 'LUX', 'PRT', 'AUT', 'FRA', 'NLD', 'FIN', 'GRC',
       'ESP', 'IRL', 'SVK', 'SVN', 'EST', 'LTU'],
      dtype='object')
[2026-04-03 18:11:39,765][root][INFO] - Testing on columns 15: Index(['BEL', 'ITA', 'LUX', 'PRT', 'AUT', 'FRA', 'NLD', 'FIN', 'GRC', 'ESP',
       'IRL', 'SVK', 'SVN', 'EST', 'LTU'],
      dtype='object')
[2026-04-03 18:12:00,794][root][INFO] - Best features Index(['PRT', 'FRA', 'FIN', 'SVK', 'LTU'], dtype='object'), [ 3  5  7 11 14]
[2026-04-03 18:12:01,662][__main__][INFO] - Experiment Finished
solver:
  name: mark
  model_name: XGB
  custom_objective: reg:squarederror
  N_SELECT_FEATURES: 5
  n_runs: 5
  recalculate_dag: true
  n_estimators: 10
  max_depth: 3
  learning_rate: 0.1
  random_state: 42
  feature_selector: SequentialFeatureSelector
  debug: false
problem:
  name: industry_eu
  data_path: data/industry_eu/processed/industry_eu_fred_ExcludingConstruction_16country_quarterly_100x16.csv
  frequency: Q
  impute: none
  dropna_selected: true
  target: ESP
  features:
  - DEU
  - BEL
  - ITA
  - LUX
  - PRT
  - AUT
  - FRA
  - NLD
  - FIN
  - GRC
  - IRL
  - SVK
  - SVN
  - EST
  - LTU
experiment: recommender_industry_mark

[2026-04-03 18:12:02,245][__main__][INFO] - Starting experiment in /Users/xiaoyuhe/Recommender_Pavel/multirun/2026-04-03/18-10-23/3
Index(['ESP', 'DEU', 'BEL', 'ITA', 'LUX', 'PRT', 'AUT', 'FRA', 'NLD', 'FIN',
       'GRC', 'IRL', 'SVK', 'SVN', 'EST', 'LTU'],
      dtype='object')
[2026-04-03 18:12:02,467][root][INFO] - w_est shape (16, 16)
[2026-04-03 18:12:02,467][root][INFO] - target_col ESP
[2026-04-03 18:12:02,467][root][INFO] - row_and_col_names 16
[2026-04-03 18:12:02,467][root][INFO] - prep_data.shape (100, 16)
[2026-04-03 18:12:02,468][root][INFO] - row_and_col_names Index(['ESP', 'DEU', 'BEL', 'ITA', 'LUX', 'PRT', 'AUT', 'FRA', 'NLD', 'FIN',
       'GRC', 'IRL', 'SVK', 'SVN', 'EST', 'LTU'],
      dtype='object')
[2026-04-03 18:12:02,471][root][INFO] - Testing on columns 15: Index(['DEU', 'BEL', 'ITA', 'LUX', 'PRT', 'AUT', 'FRA', 'NLD', 'FIN', 'GRC',
       'IRL', 'SVK', 'SVN', 'EST', 'LTU'],
      dtype='object')
[2026-04-03 18:12:32,230][root][INFO] - Best features Index(['ITA', 'PRT', 'SVK', 'SVN', 'EST'], dtype='object'), [ 2  4 11 12 13]
[2026-04-03 18:12:33,193][__main__][INFO] - Experiment Finished
solver:
  name: mark
  model_name: XGB
  custom_objective: reg:squarederror
  N_SELECT_FEATURES: 5
  n_runs: 5
  recalculate_dag: true
  n_estimators: 10
  max_depth: 3
  learning_rate: 0.1
  random_state: 42
  feature_selector: SequentialFeatureSelector
  debug: false
problem:
  name: industry_eu
  data_path: data/industry_eu/processed/industry_eu_fred_ExcludingConstruction_16country_quarterly_100x16.csv
  frequency: Q
  impute: none
  dropna_selected: true
  target: EST
  features:
  - DEU
  - BEL
  - ITA
  - LUX
  - PRT
  - AUT
  - FRA
  - NLD
  - FIN
  - GRC
  - ESP
  - IRL
  - SVK
  - SVN
  - LTU
experiment: recommender_industry_mark

[2026-04-03 18:12:34,226][__main__][INFO] - Starting experiment in /Users/xiaoyuhe/Recommender_Pavel/multirun/2026-04-03/18-10-23/4
Index(['EST', 'DEU', 'BEL', 'ITA', 'LUX', 'PRT', 'AUT', 'FRA', 'NLD', 'FIN',
       'GRC', 'ESP', 'IRL', 'SVK', 'SVN', 'LTU'],
      dtype='object')
[2026-04-03 18:12:34,613][root][INFO] - w_est shape (16, 16)
[2026-04-03 18:12:34,613][root][INFO] - target_col EST
[2026-04-03 18:12:34,613][root][INFO] - row_and_col_names 16
[2026-04-03 18:12:34,613][root][INFO] - prep_data.shape (100, 16)
[2026-04-03 18:12:34,613][root][INFO] - row_and_col_names Index(['EST', 'DEU', 'BEL', 'ITA', 'LUX', 'PRT', 'AUT', 'FRA', 'NLD', 'FIN',
       'GRC', 'ESP', 'IRL', 'SVK', 'SVN', 'LTU'],
      dtype='object')
[2026-04-03 18:12:34,615][root][INFO] - Testing on columns 15: Index(['DEU', 'BEL', 'ITA', 'LUX', 'PRT', 'AUT', 'FRA', 'NLD', 'FIN', 'GRC',
       'ESP', 'IRL', 'SVK', 'SVN', 'LTU'],
      dtype='object')
[2026-04-03 18:13:06,552][root][INFO] - Best features Index(['PRT', 'FRA', 'NLD', 'ESP', 'SVK'], dtype='object'), [ 4  6  7 10 12]
[2026-04-03 18:13:07,625][__main__][INFO] - Experiment Finished
solver:
  name: mark
  model_name: XGB
  custom_objective: reg:squarederror
  N_SELECT_FEATURES: 5
  n_runs: 5
  recalculate_dag: true
  n_estimators: 10
  max_depth: 3
  learning_rate: 0.1
  random_state: 42
  feature_selector: SequentialFeatureSelector
  debug: false
problem:
  name: industry_eu
  data_path: data/industry_eu/processed/industry_eu_fred_ExcludingConstruction_16country_quarterly_100x16.csv
  frequency: Q
  impute: none
  dropna_selected: true
  target: FIN
  features:
  - DEU
  - BEL
  - ITA
  - LUX
  - PRT
  - AUT
  - FRA
  - NLD
  - GRC
  - ESP
  - IRL
  - SVK
  - SVN
  - EST
  - LTU
experiment: recommender_industry_mark

[2026-04-03 18:13:09,909][__main__][INFO] - Starting experiment in /Users/xiaoyuhe/Recommender_Pavel/multirun/2026-04-03/18-10-23/5
Index(['FIN', 'DEU', 'BEL', 'ITA', 'LUX', 'PRT', 'AUT', 'FRA', 'NLD', 'GRC',
       'ESP', 'IRL', 'SVK', 'SVN', 'EST', 'LTU'],
      dtype='object')
[2026-04-03 18:13:10,998][root][INFO] - w_est shape (16, 16)
[2026-04-03 18:13:10,998][root][INFO] - target_col FIN
[2026-04-03 18:13:10,998][root][INFO] - row_and_col_names 16
[2026-04-03 18:13:10,998][root][INFO] - prep_data.shape (100, 16)
[2026-04-03 18:13:10,998][root][INFO] - row_and_col_names Index(['FIN', 'DEU', 'BEL', 'ITA', 'LUX', 'PRT', 'AUT', 'FRA', 'NLD', 'GRC',
       'ESP', 'IRL', 'SVK', 'SVN', 'EST', 'LTU'],
      dtype='object')
[2026-04-03 18:13:11,071][root][INFO] - Testing on columns 15: Index(['DEU', 'BEL', 'ITA', 'LUX', 'PRT', 'AUT', 'FRA', 'NLD', 'GRC', 'ESP',
       'IRL', 'SVK', 'SVN', 'EST', 'LTU'],
      dtype='object')
[2026-04-03 18:13:47,358][root][INFO] - Best features Index(['ITA', 'FRA', 'GRC', 'IRL', 'LTU'], dtype='object'), [ 2  6  8 10 14]
[2026-04-03 18:13:48,202][__main__][INFO] - Experiment Finished
solver:
  name: mark
  model_name: XGB
  custom_objective: reg:squarederror
  N_SELECT_FEATURES: 5
  n_runs: 5
  recalculate_dag: true
  n_estimators: 10
  max_depth: 3
  learning_rate: 0.1
  random_state: 42
  feature_selector: SequentialFeatureSelector
  debug: false
problem:
  name: industry_eu
  data_path: data/industry_eu/processed/industry_eu_fred_ExcludingConstruction_16country_quarterly_100x16.csv
  frequency: Q
  impute: none
  dropna_selected: true
  target: FRA
  features:
  - DEU
  - BEL
  - ITA
  - LUX
  - PRT
  - AUT
  - NLD
  - FIN
  - GRC
  - ESP
  - IRL
  - SVK
  - SVN
  - EST
  - LTU
experiment: recommender_industry_mark

[2026-04-03 18:13:49,300][__main__][INFO] - Starting experiment in /Users/xiaoyuhe/Recommender_Pavel/multirun/2026-04-03/18-10-23/6
Index(['FRA', 'DEU', 'BEL', 'ITA', 'LUX', 'PRT', 'AUT', 'NLD', 'FIN', 'GRC',
       'ESP', 'IRL', 'SVK', 'SVN', 'EST', 'LTU'],
      dtype='object')
[2026-04-03 18:13:50,191][root][INFO] - w_est shape (16, 16)
[2026-04-03 18:13:50,191][root][INFO] - target_col FRA
[2026-04-03 18:13:50,191][root][INFO] - row_and_col_names 16
[2026-04-03 18:13:50,191][root][INFO] - prep_data.shape (100, 16)
[2026-04-03 18:13:50,191][root][INFO] - row_and_col_names Index(['FRA', 'DEU', 'BEL', 'ITA', 'LUX', 'PRT', 'AUT', 'NLD', 'FIN', 'GRC',
       'ESP', 'IRL', 'SVK', 'SVN', 'EST', 'LTU'],
      dtype='object')
[2026-04-03 18:13:50,196][root][INFO] - Testing on columns 15: Index(['DEU', 'BEL', 'ITA', 'LUX', 'PRT', 'AUT', 'NLD', 'FIN', 'GRC', 'ESP',
       'IRL', 'SVK', 'SVN', 'EST', 'LTU'],
      dtype='object')
[2026-04-03 18:14:19,338][root][INFO] - Best features Index(['ITA', 'FIN', 'SVN', 'EST', 'LTU'], dtype='object'), [ 2  7 12 13 14]
[2026-04-03 18:14:20,005][__main__][INFO] - Experiment Finished
solver:
  name: mark
  model_name: XGB
  custom_objective: reg:squarederror
  N_SELECT_FEATURES: 5
  n_runs: 5
  recalculate_dag: true
  n_estimators: 10
  max_depth: 3
  learning_rate: 0.1
  random_state: 42
  feature_selector: SequentialFeatureSelector
  debug: false
problem:
  name: industry_eu
  data_path: data/industry_eu/processed/industry_eu_fred_ExcludingConstruction_16country_quarterly_100x16.csv
  frequency: Q
  impute: none
  dropna_selected: true
  target: GRC
  features:
  - DEU
  - BEL
  - ITA
  - LUX
  - PRT
  - AUT
  - FRA
  - NLD
  - FIN
  - ESP
  - IRL
  - SVK
  - SVN
  - EST
  - LTU
experiment: recommender_industry_mark

[2026-04-03 18:14:21,276][__main__][INFO] - Starting experiment in /Users/xiaoyuhe/Recommender_Pavel/multirun/2026-04-03/18-10-23/7
Index(['GRC', 'DEU', 'BEL', 'ITA', 'LUX', 'PRT', 'AUT', 'FRA', 'NLD', 'FIN',
       'ESP', 'IRL', 'SVK', 'SVN', 'EST', 'LTU'],
      dtype='object')
[2026-04-03 18:14:21,902][root][INFO] - w_est shape (16, 16)
[2026-04-03 18:14:21,902][root][INFO] - target_col GRC
[2026-04-03 18:14:21,903][root][INFO] - row_and_col_names 16
[2026-04-03 18:14:21,903][root][INFO] - prep_data.shape (100, 16)
[2026-04-03 18:14:21,903][root][INFO] - row_and_col_names Index(['GRC', 'DEU', 'BEL', 'ITA', 'LUX', 'PRT', 'AUT', 'FRA', 'NLD', 'FIN',
       'ESP', 'IRL', 'SVK', 'SVN', 'EST', 'LTU'],
      dtype='object')
[2026-04-03 18:14:21,907][root][INFO] - Testing on columns 15: Index(['DEU', 'BEL', 'ITA', 'LUX', 'PRT', 'AUT', 'FRA', 'NLD', 'FIN', 'ESP',
       'IRL', 'SVK', 'SVN', 'EST', 'LTU'],
      dtype='object')
[2026-04-03 18:14:54,060][root][INFO] - Best features Index(['BEL', 'PRT', 'AUT', 'SVK', 'LTU'], dtype='object'), [ 1  4  5 11 14]
[2026-04-03 18:14:54,836][__main__][INFO] - Experiment Finished
solver:
  name: mark
  model_name: XGB
  custom_objective: reg:squarederror
  N_SELECT_FEATURES: 5
  n_runs: 5
  recalculate_dag: true
  n_estimators: 10
  max_depth: 3
  learning_rate: 0.1
  random_state: 42
  feature_selector: SequentialFeatureSelector
  debug: false
problem:
  name: industry_eu
  data_path: data/industry_eu/processed/industry_eu_fred_ExcludingConstruction_16country_quarterly_100x16.csv
  frequency: Q
  impute: none
  dropna_selected: true
  target: IRL
  features:
  - DEU
  - BEL
  - ITA
  - LUX
  - PRT
  - AUT
  - FRA
  - NLD
  - FIN
  - GRC
  - ESP
  - SVK
  - SVN
  - EST
  - LTU
experiment: recommender_industry_mark

[2026-04-03 18:14:55,541][__main__][INFO] - Starting experiment in /Users/xiaoyuhe/Recommender_Pavel/multirun/2026-04-03/18-10-23/8
Index(['IRL', 'DEU', 'BEL', 'ITA', 'LUX', 'PRT', 'AUT', 'FRA', 'NLD', 'FIN',
       'GRC', 'ESP', 'SVK', 'SVN', 'EST', 'LTU'],
      dtype='object')
[2026-04-03 18:14:56,281][root][INFO] - w_est shape (16, 16)
[2026-04-03 18:14:56,281][root][INFO] - target_col IRL
[2026-04-03 18:14:56,281][root][INFO] - row_and_col_names 16
[2026-04-03 18:14:56,282][root][INFO] - prep_data.shape (100, 16)
[2026-04-03 18:14:56,282][root][INFO] - row_and_col_names Index(['IRL', 'DEU', 'BEL', 'ITA', 'LUX', 'PRT', 'AUT', 'FRA', 'NLD', 'FIN',
       'GRC', 'ESP', 'SVK', 'SVN', 'EST', 'LTU'],
      dtype='object')
[2026-04-03 18:14:56,288][root][INFO] - Testing on columns 15: Index(['DEU', 'BEL', 'ITA', 'LUX', 'PRT', 'AUT', 'FRA', 'NLD', 'FIN', 'GRC',
       'ESP', 'SVK', 'SVN', 'EST', 'LTU'],
      dtype='object')
[2026-04-03 18:15:28,917][root][INFO] - Best features Index(['BEL', 'LUX', 'AUT', 'EST', 'LTU'], dtype='object'), [ 1  3  5 13 14]
[2026-04-03 18:15:29,486][__main__][INFO] - Experiment Finished
solver:
  name: mark
  model_name: XGB
  custom_objective: reg:squarederror
  N_SELECT_FEATURES: 5
  n_runs: 5
  recalculate_dag: true
  n_estimators: 10
  max_depth: 3
  learning_rate: 0.1
  random_state: 42
  feature_selector: SequentialFeatureSelector
  debug: false
problem:
  name: industry_eu
  data_path: data/industry_eu/processed/industry_eu_fred_ExcludingConstruction_16country_quarterly_100x16.csv
  frequency: Q
  impute: none
  dropna_selected: true
  target: ITA
  features:
  - DEU
  - BEL
  - LUX
  - PRT
  - AUT
  - FRA
  - NLD
  - FIN
  - GRC
  - ESP
  - IRL
  - SVK
  - SVN
  - EST
  - LTU
experiment: recommender_industry_mark

[2026-04-03 18:15:30,344][__main__][INFO] - Starting experiment in /Users/xiaoyuhe/Recommender_Pavel/multirun/2026-04-03/18-10-23/9
Index(['ITA', 'DEU', 'BEL', 'LUX', 'PRT', 'AUT', 'FRA', 'NLD', 'FIN', 'GRC',
       'ESP', 'IRL', 'SVK', 'SVN', 'EST', 'LTU'],
      dtype='object')
[2026-04-03 18:15:31,215][root][INFO] - w_est shape (16, 16)
[2026-04-03 18:15:31,215][root][INFO] - target_col ITA
[2026-04-03 18:15:31,215][root][INFO] - row_and_col_names 16
[2026-04-03 18:15:31,215][root][INFO] - prep_data.shape (100, 16)
[2026-04-03 18:15:31,216][root][INFO] - row_and_col_names Index(['ITA', 'DEU', 'BEL', 'LUX', 'PRT', 'AUT', 'FRA', 'NLD', 'FIN', 'GRC',
       'ESP', 'IRL', 'SVK', 'SVN', 'EST', 'LTU'],
      dtype='object')
[2026-04-03 18:15:31,222][root][INFO] - Testing on columns 15: Index(['DEU', 'BEL', 'LUX', 'PRT', 'AUT', 'FRA', 'NLD', 'FIN', 'GRC', 'ESP',
       'IRL', 'SVK', 'SVN', 'EST', 'LTU'],
      dtype='object')
[2026-04-03 18:16:00,704][root][INFO] - Best features Index(['PRT', 'FRA', 'NLD', 'FIN', 'LTU'], dtype='object'), [ 3  5  6  7 14]
[2026-04-03 18:16:01,469][__main__][INFO] - Experiment Finished
solver:
  name: mark
  model_name: XGB
  custom_objective: reg:squarederror
  N_SELECT_FEATURES: 5
  n_runs: 5
  recalculate_dag: true
  n_estimators: 10
  max_depth: 3
  learning_rate: 0.1
  random_state: 42
  feature_selector: SequentialFeatureSelector
  debug: false
problem:
  name: industry_eu
  data_path: data/industry_eu/processed/industry_eu_fred_ExcludingConstruction_16country_quarterly_100x16.csv
  frequency: Q
  impute: none
  dropna_selected: true
  target: LTU
  features:
  - DEU
  - BEL
  - ITA
  - LUX
  - PRT
  - AUT
  - FRA
  - NLD
  - FIN
  - GRC
  - ESP
  - IRL
  - SVK
  - SVN
  - EST
experiment: recommender_industry_mark

[2026-04-03 18:16:02,122][__main__][INFO] - Starting experiment in /Users/xiaoyuhe/Recommender_Pavel/multirun/2026-04-03/18-10-23/10
Index(['LTU', 'DEU', 'BEL', 'ITA', 'LUX', 'PRT', 'AUT', 'FRA', 'NLD', 'FIN',
       'GRC', 'ESP', 'IRL', 'SVK', 'SVN', 'EST'],
      dtype='object')
[2026-04-03 18:16:02,821][root][INFO] - w_est shape (16, 16)
[2026-04-03 18:16:02,821][root][INFO] - target_col LTU
[2026-04-03 18:16:02,821][root][INFO] - row_and_col_names 16
[2026-04-03 18:16:02,821][root][INFO] - prep_data.shape (100, 16)
[2026-04-03 18:16:02,821][root][INFO] - row_and_col_names Index(['LTU', 'DEU', 'BEL', 'ITA', 'LUX', 'PRT', 'AUT', 'FRA', 'NLD', 'FIN',
       'GRC', 'ESP', 'IRL', 'SVK', 'SVN', 'EST'],
      dtype='object')
[2026-04-03 18:16:02,827][root][INFO] - Testing on columns 15: Index(['DEU', 'BEL', 'ITA', 'LUX', 'PRT', 'AUT', 'FRA', 'NLD', 'FIN', 'GRC',
       'ESP', 'IRL', 'SVK', 'SVN', 'EST'],
      dtype='object')
[2026-04-03 18:16:38,606][root][INFO] - Best features Index(['AUT', 'FRA', 'FIN', 'GRC', 'SVK'], dtype='object'), [ 5  6  8  9 12]
[2026-04-03 18:16:39,282][__main__][INFO] - Experiment Finished
solver:
  name: mark
  model_name: XGB
  custom_objective: reg:squarederror
  N_SELECT_FEATURES: 5
  n_runs: 5
  recalculate_dag: true
  n_estimators: 10
  max_depth: 3
  learning_rate: 0.1
  random_state: 42
  feature_selector: SequentialFeatureSelector
  debug: false
problem:
  name: industry_eu
  data_path: data/industry_eu/processed/industry_eu_fred_ExcludingConstruction_16country_quarterly_100x16.csv
  frequency: Q
  impute: none
  dropna_selected: true
  target: LUX
  features:
  - DEU
  - BEL
  - ITA
  - PRT
  - AUT
  - FRA
  - NLD
  - FIN
  - GRC
  - ESP
  - IRL
  - SVK
  - SVN
  - EST
  - LTU
experiment: recommender_industry_mark

[2026-04-03 18:16:39,956][__main__][INFO] - Starting experiment in /Users/xiaoyuhe/Recommender_Pavel/multirun/2026-04-03/18-10-23/11
Index(['LUX', 'DEU', 'BEL', 'ITA', 'PRT', 'AUT', 'FRA', 'NLD', 'FIN', 'GRC',
       'ESP', 'IRL', 'SVK', 'SVN', 'EST', 'LTU'],
      dtype='object')
[2026-04-03 18:16:40,887][root][INFO] - w_est shape (16, 16)
[2026-04-03 18:16:40,887][root][INFO] - target_col LUX
[2026-04-03 18:16:40,887][root][INFO] - row_and_col_names 16
[2026-04-03 18:16:40,887][root][INFO] - prep_data.shape (100, 16)
[2026-04-03 18:16:40,887][root][INFO] - row_and_col_names Index(['LUX', 'DEU', 'BEL', 'ITA', 'PRT', 'AUT', 'FRA', 'NLD', 'FIN', 'GRC',
       'ESP', 'IRL', 'SVK', 'SVN', 'EST', 'LTU'],
      dtype='object')
[2026-04-03 18:16:40,889][root][INFO] - Testing on columns 15: Index(['DEU', 'BEL', 'ITA', 'PRT', 'AUT', 'FRA', 'NLD', 'FIN', 'GRC', 'ESP',
       'IRL', 'SVK', 'SVN', 'EST', 'LTU'],
      dtype='object')
[2026-04-03 18:17:14,044][root][INFO] - Best features Index(['PRT', 'NLD', 'GRC', 'IRL', 'LTU'], dtype='object'), [ 3  6  8 10 14]
[2026-04-03 18:17:14,663][__main__][INFO] - Experiment Finished
solver:
  name: mark
  model_name: XGB
  custom_objective: reg:squarederror
  N_SELECT_FEATURES: 5
  n_runs: 5
  recalculate_dag: true
  n_estimators: 10
  max_depth: 3
  learning_rate: 0.1
  random_state: 42
  feature_selector: SequentialFeatureSelector
  debug: false
problem:
  name: industry_eu
  data_path: data/industry_eu/processed/industry_eu_fred_ExcludingConstruction_16country_quarterly_100x16.csv
  frequency: Q
  impute: none
  dropna_selected: true
  target: NLD
  features:
  - DEU
  - BEL
  - ITA
  - LUX
  - PRT
  - AUT
  - FRA
  - FIN
  - GRC
  - ESP
  - IRL
  - SVK
  - SVN
  - EST
  - LTU
experiment: recommender_industry_mark

[2026-04-03 18:17:15,417][__main__][INFO] - Starting experiment in /Users/xiaoyuhe/Recommender_Pavel/multirun/2026-04-03/18-10-23/12
Index(['NLD', 'DEU', 'BEL', 'ITA', 'LUX', 'PRT', 'AUT', 'FRA', 'FIN', 'GRC',
       'ESP', 'IRL', 'SVK', 'SVN', 'EST', 'LTU'],
      dtype='object')
[2026-04-03 18:17:15,701][root][INFO] - w_est shape (16, 16)
[2026-04-03 18:17:15,701][root][INFO] - target_col NLD
[2026-04-03 18:17:15,701][root][INFO] - row_and_col_names 16
[2026-04-03 18:17:15,701][root][INFO] - prep_data.shape (100, 16)
[2026-04-03 18:17:15,701][root][INFO] - row_and_col_names Index(['NLD', 'DEU', 'BEL', 'ITA', 'LUX', 'PRT', 'AUT', 'FRA', 'FIN', 'GRC',
       'ESP', 'IRL', 'SVK', 'SVN', 'EST', 'LTU'],
      dtype='object')
[2026-04-03 18:17:15,703][root][INFO] - Testing on columns 15: Index(['DEU', 'BEL', 'ITA', 'LUX', 'PRT', 'AUT', 'FRA', 'FIN', 'GRC', 'ESP',
       'IRL', 'SVK', 'SVN', 'EST', 'LTU'],
      dtype='object')
[2026-04-03 18:17:50,215][root][INFO] - Best features Index(['ITA', 'PRT', 'FIN', 'GRC', 'IRL'], dtype='object'), [ 2  4  7  8 10]
[2026-04-03 18:17:50,927][__main__][INFO] - Experiment Finished
solver:
  name: mark
  model_name: XGB
  custom_objective: reg:squarederror
  N_SELECT_FEATURES: 5
  n_runs: 5
  recalculate_dag: true
  n_estimators: 10
  max_depth: 3
  learning_rate: 0.1
  random_state: 42
  feature_selector: SequentialFeatureSelector
  debug: false
problem:
  name: industry_eu
  data_path: data/industry_eu/processed/industry_eu_fred_ExcludingConstruction_16country_quarterly_100x16.csv
  frequency: Q
  impute: none
  dropna_selected: true
  target: PRT
  features:
  - DEU
  - BEL
  - ITA
  - LUX
  - AUT
  - FRA
  - NLD
  - FIN
  - GRC
  - ESP
  - IRL
  - SVK
  - SVN
  - EST
  - LTU
experiment: recommender_industry_mark

[2026-04-03 18:17:51,646][__main__][INFO] - Starting experiment in /Users/xiaoyuhe/Recommender_Pavel/multirun/2026-04-03/18-10-23/13
Index(['PRT', 'DEU', 'BEL', 'ITA', 'LUX', 'AUT', 'FRA', 'NLD', 'FIN', 'GRC',
       'ESP', 'IRL', 'SVK', 'SVN', 'EST', 'LTU'],
      dtype='object')
[2026-04-03 18:17:51,914][root][INFO] - w_est shape (16, 16)
[2026-04-03 18:17:51,914][root][INFO] - target_col PRT
[2026-04-03 18:17:51,914][root][INFO] - row_and_col_names 16
[2026-04-03 18:17:51,914][root][INFO] - prep_data.shape (100, 16)
[2026-04-03 18:17:51,914][root][INFO] - row_and_col_names Index(['PRT', 'DEU', 'BEL', 'ITA', 'LUX', 'AUT', 'FRA', 'NLD', 'FIN', 'GRC',
       'ESP', 'IRL', 'SVK', 'SVN', 'EST', 'LTU'],
      dtype='object')
[2026-04-03 18:17:51,916][root][INFO] - Testing on columns 15: Index(['DEU', 'BEL', 'ITA', 'LUX', 'AUT', 'FRA', 'NLD', 'FIN', 'GRC', 'ESP',
       'IRL', 'SVK', 'SVN', 'EST', 'LTU'],
      dtype='object')
[2026-04-03 18:18:16,330][root][INFO] - Best features Index(['AUT', 'FRA', 'SVK', 'EST', 'LTU'], dtype='object'), [ 4  5 11 13 14]
[2026-04-03 18:18:16,933][__main__][INFO] - Experiment Finished
solver:
  name: mark
  model_name: XGB
  custom_objective: reg:squarederror
  N_SELECT_FEATURES: 5
  n_runs: 5
  recalculate_dag: true
  n_estimators: 10
  max_depth: 3
  learning_rate: 0.1
  random_state: 42
  feature_selector: SequentialFeatureSelector
  debug: false
problem:
  name: industry_eu
  data_path: data/industry_eu/processed/industry_eu_fred_ExcludingConstruction_16country_quarterly_100x16.csv
  frequency: Q
  impute: none
  dropna_selected: true
  target: SVK
  features:
  - DEU
  - BEL
  - ITA
  - LUX
  - PRT
  - AUT
  - FRA
  - NLD
  - FIN
  - GRC
  - ESP
  - IRL
  - SVN
  - EST
  - LTU
experiment: recommender_industry_mark

[2026-04-03 18:18:17,597][__main__][INFO] - Starting experiment in /Users/xiaoyuhe/Recommender_Pavel/multirun/2026-04-03/18-10-23/14
Index(['SVK', 'DEU', 'BEL', 'ITA', 'LUX', 'PRT', 'AUT', 'FRA', 'NLD', 'FIN',
       'GRC', 'ESP', 'IRL', 'SVN', 'EST', 'LTU'],
      dtype='object')
[2026-04-03 18:18:17,940][root][INFO] - w_est shape (16, 16)
[2026-04-03 18:18:17,940][root][INFO] - target_col SVK
[2026-04-03 18:18:17,940][root][INFO] - row_and_col_names 16
[2026-04-03 18:18:17,941][root][INFO] - prep_data.shape (100, 16)
[2026-04-03 18:18:17,941][root][INFO] - row_and_col_names Index(['SVK', 'DEU', 'BEL', 'ITA', 'LUX', 'PRT', 'AUT', 'FRA', 'NLD', 'FIN',
       'GRC', 'ESP', 'IRL', 'SVN', 'EST', 'LTU'],
      dtype='object')
[2026-04-03 18:18:17,942][root][INFO] - Testing on columns 15: Index(['DEU', 'BEL', 'ITA', 'LUX', 'PRT', 'AUT', 'FRA', 'NLD', 'FIN', 'GRC',
       'ESP', 'IRL', 'SVN', 'EST', 'LTU'],
      dtype='object')
[2026-04-03 18:18:45,914][root][INFO] - Best features Index(['ITA', 'IRL', 'SVN', 'EST', 'LTU'], dtype='object'), [ 2 11 12 13 14]
[2026-04-03 18:18:46,781][__main__][INFO] - Experiment Finished
solver:
  name: mark
  model_name: XGB
  custom_objective: reg:squarederror
  N_SELECT_FEATURES: 5
  n_runs: 5
  recalculate_dag: true
  n_estimators: 10
  max_depth: 3
  learning_rate: 0.1
  random_state: 42
  feature_selector: SequentialFeatureSelector
  debug: false
problem:
  name: industry_eu
  data_path: data/industry_eu/processed/industry_eu_fred_ExcludingConstruction_16country_quarterly_100x16.csv
  frequency: Q
  impute: none
  dropna_selected: true
  target: SVN
  features:
  - DEU
  - BEL
  - ITA
  - LUX
  - PRT
  - AUT
  - FRA
  - NLD
  - FIN
  - GRC
  - ESP
  - IRL
  - SVK
  - EST
  - LTU
experiment: recommender_industry_mark

[2026-04-03 18:18:47,548][__main__][INFO] - Starting experiment in /Users/xiaoyuhe/Recommender_Pavel/multirun/2026-04-03/18-10-23/15
Index(['SVN', 'DEU', 'BEL', 'ITA', 'LUX', 'PRT', 'AUT', 'FRA', 'NLD', 'FIN',
       'GRC', 'ESP', 'IRL', 'SVK', 'EST', 'LTU'],
      dtype='object')
[2026-04-03 18:18:48,195][root][INFO] - w_est shape (16, 16)
[2026-04-03 18:18:48,195][root][INFO] - target_col SVN
[2026-04-03 18:18:48,195][root][INFO] - row_and_col_names 16
[2026-04-03 18:18:48,196][root][INFO] - prep_data.shape (100, 16)
[2026-04-03 18:18:48,196][root][INFO] - row_and_col_names Index(['SVN', 'DEU', 'BEL', 'ITA', 'LUX', 'PRT', 'AUT', 'FRA', 'NLD', 'FIN',
       'GRC', 'ESP', 'IRL', 'SVK', 'EST', 'LTU'],
      dtype='object')
[2026-04-03 18:18:48,198][root][INFO] - Testing on columns 15: Index(['DEU', 'BEL', 'ITA', 'LUX', 'PRT', 'AUT', 'FRA', 'NLD', 'FIN', 'GRC',
       'ESP', 'IRL', 'SVK', 'EST', 'LTU'],
      dtype='object')
[2026-04-03 18:19:22,076][root][INFO] - Best features Index(['PRT', 'NLD', 'FIN', 'ESP', 'SVK'], dtype='object'), [ 4  7  8 10 12]
[2026-04-03 18:19:22,842][__main__][INFO] - Experiment Finished
