[2026-04-03 18:06:36,061][HYDRA] Joblib.Parallel(n_jobs=1,backend=loky,prefer=processes,require=None,verbose=0,timeout=None,pre_dispatch=2*n_jobs,batch_size=auto,temp_folder=None,max_nbytes=None,mmap_mode=r) is launching 9 jobs
[2026-04-03 18:06:36,062][HYDRA] Launching jobs, sweep output dir : multirun/2026-04-03/18-06-31
[2026-04-03 18:06:36,062][HYDRA] 	#0 : experiment=recommender_industry_mark solver=mark problem=FRED_9country_quarterly/industry_eu_aut
[2026-04-03 18:06:36,062][HYDRA] 	#1 : experiment=recommender_industry_mark solver=mark problem=FRED_9country_quarterly/industry_eu_bel
[2026-04-03 18:06:36,062][HYDRA] 	#2 : experiment=recommender_industry_mark solver=mark problem=FRED_9country_quarterly/industry_eu_deu
[2026-04-03 18:06:36,062][HYDRA] 	#3 : experiment=recommender_industry_mark solver=mark problem=FRED_9country_quarterly/industry_eu_fin
[2026-04-03 18:06:36,062][HYDRA] 	#4 : experiment=recommender_industry_mark solver=mark problem=FRED_9country_quarterly/industry_eu_fra
[2026-04-03 18:06:36,062][HYDRA] 	#5 : experiment=recommender_industry_mark solver=mark problem=FRED_9country_quarterly/industry_eu_ita
[2026-04-03 18:06:36,062][HYDRA] 	#6 : experiment=recommender_industry_mark solver=mark problem=FRED_9country_quarterly/industry_eu_lux
[2026-04-03 18:06:36,062][HYDRA] 	#7 : experiment=recommender_industry_mark solver=mark problem=FRED_9country_quarterly/industry_eu_nld
[2026-04-03 18:06:36,062][HYDRA] 	#8 : experiment=recommender_industry_mark solver=mark problem=FRED_9country_quarterly/industry_eu_prt
solver:
  name: mark
  model_name: XGB
  custom_objective: reg:squarederror
  N_SELECT_FEATURES: 5
  n_runs: 5
  recalculate_dag: true
  n_estimators: 10
  max_depth: 3
  learning_rate: 0.1
  random_state: 42
  feature_selector: SequentialFeatureSelector
  debug: false
problem:
  name: industry_eu
  data_path: data/industry_eu/processed/industry_eu_fred_ExcludingConstruction_9country_quarterly_260x9.csv
  frequency: Q
  impute: none
  dropna_selected: true
  target: AUT
  features:
  - DEU
  - BEL
  - PRT
  - ITA
  - LUX
  - FRA
  - NLD
  - FIN
experiment: recommender_industry_mark

[2026-04-03 18:06:44,270][__main__][INFO] - Starting experiment in /Users/xiaoyuhe/Recommender_Pavel/multirun/2026-04-03/18-06-31/0
Index(['AUT', 'DEU', 'BEL', 'PRT', 'ITA', 'LUX', 'FRA', 'NLD', 'FIN'], dtype='object')
[2026-04-03 18:06:45,110][root][INFO] - w_est shape (9, 9)
[2026-04-03 18:06:45,110][root][INFO] - target_col AUT
[2026-04-03 18:06:45,110][root][INFO] - row_and_col_names 9
[2026-04-03 18:06:45,110][root][INFO] - prep_data.shape (260, 9)
[2026-04-03 18:06:45,111][root][INFO] - row_and_col_names Index(['AUT', 'DEU', 'BEL', 'PRT', 'ITA', 'LUX', 'FRA', 'NLD', 'FIN'], dtype='object')
[2026-04-03 18:06:45,450][root][INFO] - Testing on columns 8: Index(['DEU', 'BEL', 'PRT', 'ITA', 'LUX', 'FRA', 'NLD', 'FIN'], dtype='object')
[2026-04-03 18:07:01,496][root][INFO] - Best features Index(['DEU', 'BEL', 'PRT', 'ITA', 'FIN'], dtype='object'), [0 1 2 3 7]
[2026-04-03 18:07:02,329][__main__][INFO] - Experiment Finished
solver:
  name: mark
  model_name: XGB
  custom_objective: reg:squarederror
  N_SELECT_FEATURES: 5
  n_runs: 5
  recalculate_dag: true
  n_estimators: 10
  max_depth: 3
  learning_rate: 0.1
  random_state: 42
  feature_selector: SequentialFeatureSelector
  debug: false
problem:
  name: industry_eu
  data_path: data/industry_eu/processed/industry_eu_fred_ExcludingConstruction_9country_quarterly_260x9.csv
  frequency: Q
  impute: none
  dropna_selected: true
  target: BEL
  features:
  - DEU
  - AUT
  - PRT
  - ITA
  - LUX
  - FRA
  - NLD
  - FIN
experiment: recommender_industry_mark

[2026-04-03 18:07:03,297][__main__][INFO] - Starting experiment in /Users/xiaoyuhe/Recommender_Pavel/multirun/2026-04-03/18-06-31/1
Index(['BEL', 'DEU', 'AUT', 'PRT', 'ITA', 'LUX', 'FRA', 'NLD', 'FIN'], dtype='object')
[2026-04-03 18:07:03,943][root][INFO] - w_est shape (9, 9)
[2026-04-03 18:07:03,943][root][INFO] - target_col BEL
[2026-04-03 18:07:03,943][root][INFO] - row_and_col_names 9
[2026-04-03 18:07:03,943][root][INFO] - prep_data.shape (260, 9)
[2026-04-03 18:07:03,944][root][INFO] - row_and_col_names Index(['BEL', 'DEU', 'AUT', 'PRT', 'ITA', 'LUX', 'FRA', 'NLD', 'FIN'], dtype='object')
[2026-04-03 18:07:03,956][root][INFO] - Testing on columns 8: Index(['DEU', 'AUT', 'PRT', 'ITA', 'LUX', 'FRA', 'NLD', 'FIN'], dtype='object')
[2026-04-03 18:07:20,470][root][INFO] - Best features Index(['AUT', 'PRT', 'FRA', 'NLD', 'FIN'], dtype='object'), [1 2 5 6 7]
[2026-04-03 18:07:21,434][__main__][INFO] - Experiment Finished
solver:
  name: mark
  model_name: XGB
  custom_objective: reg:squarederror
  N_SELECT_FEATURES: 5
  n_runs: 5
  recalculate_dag: true
  n_estimators: 10
  max_depth: 3
  learning_rate: 0.1
  random_state: 42
  feature_selector: SequentialFeatureSelector
  debug: false
problem:
  name: industry_eu
  data_path: data/industry_eu/processed/industry_eu_fred_ExcludingConstruction_9country_quarterly_260x9.csv
  frequency: Q
  impute: none
  dropna_selected: true
  target: DEU
  features:
  - AUT
  - BEL
  - PRT
  - ITA
  - LUX
  - FRA
  - NLD
  - FIN
experiment: recommender_industry_mark

[2026-04-03 18:07:22,393][__main__][INFO] - Starting experiment in /Users/xiaoyuhe/Recommender_Pavel/multirun/2026-04-03/18-06-31/2
Index(['DEU', 'AUT', 'BEL', 'PRT', 'ITA', 'LUX', 'FRA', 'NLD', 'FIN'], dtype='object')
[2026-04-03 18:07:22,942][root][INFO] - w_est shape (9, 9)
[2026-04-03 18:07:22,942][root][INFO] - target_col DEU
[2026-04-03 18:07:22,943][root][INFO] - row_and_col_names 9
[2026-04-03 18:07:22,943][root][INFO] - prep_data.shape (260, 9)
[2026-04-03 18:07:22,943][root][INFO] - row_and_col_names Index(['DEU', 'AUT', 'BEL', 'PRT', 'ITA', 'LUX', 'FRA', 'NLD', 'FIN'], dtype='object')
[2026-04-03 18:07:22,947][root][INFO] - Testing on columns 8: Index(['AUT', 'BEL', 'PRT', 'ITA', 'LUX', 'FRA', 'NLD', 'FIN'], dtype='object')
[2026-04-03 18:07:36,685][root][INFO] - Best features Index(['AUT', 'PRT', 'FRA', 'NLD', 'FIN'], dtype='object'), [0 2 5 6 7]
[2026-04-03 18:07:37,562][__main__][INFO] - Experiment Finished
solver:
  name: mark
  model_name: XGB
  custom_objective: reg:squarederror
  N_SELECT_FEATURES: 5
  n_runs: 5
  recalculate_dag: true
  n_estimators: 10
  max_depth: 3
  learning_rate: 0.1
  random_state: 42
  feature_selector: SequentialFeatureSelector
  debug: false
problem:
  name: industry_eu
  data_path: data/industry_eu/processed/industry_eu_fred_ExcludingConstruction_9country_quarterly_260x9.csv
  frequency: Q
  impute: none
  dropna_selected: true
  target: FIN
  features:
  - DEU
  - AUT
  - BEL
  - PRT
  - ITA
  - LUX
  - FRA
  - NLD
experiment: recommender_industry_mark

[2026-04-03 18:07:38,369][__main__][INFO] - Starting experiment in /Users/xiaoyuhe/Recommender_Pavel/multirun/2026-04-03/18-06-31/3
Index(['FIN', 'DEU', 'AUT', 'BEL', 'PRT', 'ITA', 'LUX', 'FRA', 'NLD'], dtype='object')
[2026-04-03 18:07:38,841][root][INFO] - w_est shape (9, 9)
[2026-04-03 18:07:38,841][root][INFO] - target_col FIN
[2026-04-03 18:07:38,841][root][INFO] - row_and_col_names 9
[2026-04-03 18:07:38,841][root][INFO] - prep_data.shape (260, 9)
[2026-04-03 18:07:38,841][root][INFO] - row_and_col_names Index(['FIN', 'DEU', 'AUT', 'BEL', 'PRT', 'ITA', 'LUX', 'FRA', 'NLD'], dtype='object')
[2026-04-03 18:07:38,846][root][INFO] - Testing on columns 8: Index(['DEU', 'AUT', 'BEL', 'PRT', 'ITA', 'LUX', 'FRA', 'NLD'], dtype='object')
[2026-04-03 18:07:52,551][root][INFO] - Best features Index(['DEU', 'AUT', 'BEL', 'PRT', 'FRA'], dtype='object'), [0 1 2 3 6]
[2026-04-03 18:07:53,230][__main__][INFO] - Experiment Finished
solver:
  name: mark
  model_name: XGB
  custom_objective: reg:squarederror
  N_SELECT_FEATURES: 5
  n_runs: 5
  recalculate_dag: true
  n_estimators: 10
  max_depth: 3
  learning_rate: 0.1
  random_state: 42
  feature_selector: SequentialFeatureSelector
  debug: false
problem:
  name: industry_eu
  data_path: data/industry_eu/processed/industry_eu_fred_ExcludingConstruction_9country_quarterly_260x9.csv
  frequency: Q
  impute: none
  dropna_selected: true
  target: FRA
  features:
  - DEU
  - AUT
  - BEL
  - PRT
  - ITA
  - LUX
  - NLD
  - FIN
experiment: recommender_industry_mark

[2026-04-03 18:07:54,193][__main__][INFO] - Starting experiment in /Users/xiaoyuhe/Recommender_Pavel/multirun/2026-04-03/18-06-31/4
Index(['FRA', 'DEU', 'AUT', 'BEL', 'PRT', 'ITA', 'LUX', 'NLD', 'FIN'], dtype='object')
[2026-04-03 18:07:54,597][root][INFO] - w_est shape (9, 9)
[2026-04-03 18:07:54,597][root][INFO] - target_col FRA
[2026-04-03 18:07:54,598][root][INFO] - row_and_col_names 9
[2026-04-03 18:07:54,598][root][INFO] - prep_data.shape (260, 9)
[2026-04-03 18:07:54,598][root][INFO] - row_and_col_names Index(['FRA', 'DEU', 'AUT', 'BEL', 'PRT', 'ITA', 'LUX', 'NLD', 'FIN'], dtype='object')
[2026-04-03 18:07:54,602][root][INFO] - Testing on columns 8: Index(['DEU', 'AUT', 'BEL', 'PRT', 'ITA', 'LUX', 'NLD', 'FIN'], dtype='object')
[2026-04-03 18:08:10,493][root][INFO] - Best features Index(['AUT', 'BEL', 'LUX', 'NLD', 'FIN'], dtype='object'), [1 2 5 6 7]
[2026-04-03 18:08:11,153][__main__][INFO] - Experiment Finished
solver:
  name: mark
  model_name: XGB
  custom_objective: reg:squarederror
  N_SELECT_FEATURES: 5
  n_runs: 5
  recalculate_dag: true
  n_estimators: 10
  max_depth: 3
  learning_rate: 0.1
  random_state: 42
  feature_selector: SequentialFeatureSelector
  debug: false
problem:
  name: industry_eu
  data_path: data/industry_eu/processed/industry_eu_fred_ExcludingConstruction_9country_quarterly_260x9.csv
  frequency: Q
  impute: none
  dropna_selected: true
  target: ITA
  features:
  - DEU
  - AUT
  - BEL
  - PRT
  - LUX
  - FRA
  - NLD
  - FIN
experiment: recommender_industry_mark

[2026-04-03 18:08:12,408][__main__][INFO] - Starting experiment in /Users/xiaoyuhe/Recommender_Pavel/multirun/2026-04-03/18-06-31/5
Index(['ITA', 'DEU', 'AUT', 'BEL', 'PRT', 'LUX', 'FRA', 'NLD', 'FIN'], dtype='object')
[2026-04-03 18:08:12,898][root][INFO] - w_est shape (9, 9)
[2026-04-03 18:08:12,898][root][INFO] - target_col ITA
[2026-04-03 18:08:12,898][root][INFO] - row_and_col_names 9
[2026-04-03 18:08:12,898][root][INFO] - prep_data.shape (260, 9)
[2026-04-03 18:08:12,898][root][INFO] - row_and_col_names Index(['ITA', 'DEU', 'AUT', 'BEL', 'PRT', 'LUX', 'FRA', 'NLD', 'FIN'], dtype='object')
[2026-04-03 18:08:12,902][root][INFO] - Testing on columns 8: Index(['DEU', 'AUT', 'BEL', 'PRT', 'LUX', 'FRA', 'NLD', 'FIN'], dtype='object')
[2026-04-03 18:08:29,299][root][INFO] - Best features Index(['AUT', 'LUX', 'FRA', 'NLD', 'FIN'], dtype='object'), [1 4 5 6 7]
[2026-04-03 18:08:30,251][__main__][INFO] - Experiment Finished
solver:
  name: mark
  model_name: XGB
  custom_objective: reg:squarederror
  N_SELECT_FEATURES: 5
  n_runs: 5
  recalculate_dag: true
  n_estimators: 10
  max_depth: 3
  learning_rate: 0.1
  random_state: 42
  feature_selector: SequentialFeatureSelector
  debug: false
problem:
  name: industry_eu
  data_path: data/industry_eu/processed/industry_eu_fred_ExcludingConstruction_9country_quarterly_260x9.csv
  frequency: Q
  impute: none
  dropna_selected: true
  target: LUX
  features:
  - DEU
  - AUT
  - BEL
  - PRT
  - ITA
  - FRA
  - NLD
  - FIN
experiment: recommender_industry_mark

[2026-04-03 18:08:31,362][__main__][INFO] - Starting experiment in /Users/xiaoyuhe/Recommender_Pavel/multirun/2026-04-03/18-06-31/6
Index(['LUX', 'DEU', 'AUT', 'BEL', 'PRT', 'ITA', 'FRA', 'NLD', 'FIN'], dtype='object')
[2026-04-03 18:08:31,737][root][INFO] - w_est shape (9, 9)
[2026-04-03 18:08:31,738][root][INFO] - target_col LUX
[2026-04-03 18:08:31,738][root][INFO] - row_and_col_names 9
[2026-04-03 18:08:31,738][root][INFO] - prep_data.shape (260, 9)
[2026-04-03 18:08:31,738][root][INFO] - row_and_col_names Index(['LUX', 'DEU', 'AUT', 'BEL', 'PRT', 'ITA', 'FRA', 'NLD', 'FIN'], dtype='object')
[2026-04-03 18:08:31,749][root][INFO] - Testing on columns 8: Index(['DEU', 'AUT', 'BEL', 'PRT', 'ITA', 'FRA', 'NLD', 'FIN'], dtype='object')
[2026-04-03 18:08:45,641][root][INFO] - Best features Index(['AUT', 'PRT', 'FRA', 'NLD', 'FIN'], dtype='object'), [1 3 5 6 7]
[2026-04-03 18:08:46,175][__main__][INFO] - Experiment Finished
solver:
  name: mark
  model_name: XGB
  custom_objective: reg:squarederror
  N_SELECT_FEATURES: 5
  n_runs: 5
  recalculate_dag: true
  n_estimators: 10
  max_depth: 3
  learning_rate: 0.1
  random_state: 42
  feature_selector: SequentialFeatureSelector
  debug: false
problem:
  name: industry_eu
  data_path: data/industry_eu/processed/industry_eu_fred_ExcludingConstruction_9country_quarterly_260x9.csv
  frequency: Q
  impute: none
  dropna_selected: true
  target: NLD
  features:
  - DEU
  - AUT
  - BEL
  - PRT
  - ITA
  - LUX
  - FRA
  - FIN
experiment: recommender_industry_mark

[2026-04-03 18:08:46,894][__main__][INFO] - Starting experiment in /Users/xiaoyuhe/Recommender_Pavel/multirun/2026-04-03/18-06-31/7
Index(['NLD', 'DEU', 'AUT', 'BEL', 'PRT', 'ITA', 'LUX', 'FRA', 'FIN'], dtype='object')
[2026-04-03 18:08:47,358][root][INFO] - w_est shape (9, 9)
[2026-04-03 18:08:47,358][root][INFO] - target_col NLD
[2026-04-03 18:08:47,358][root][INFO] - row_and_col_names 9
[2026-04-03 18:08:47,358][root][INFO] - prep_data.shape (260, 9)
[2026-04-03 18:08:47,358][root][INFO] - row_and_col_names Index(['NLD', 'DEU', 'AUT', 'BEL', 'PRT', 'ITA', 'LUX', 'FRA', 'FIN'], dtype='object')
[2026-04-03 18:08:47,361][root][INFO] - Testing on columns 8: Index(['DEU', 'AUT', 'BEL', 'PRT', 'ITA', 'LUX', 'FRA', 'FIN'], dtype='object')
[2026-04-03 18:09:00,702][root][INFO] - Best features Index(['DEU', 'BEL', 'PRT', 'ITA', 'FIN'], dtype='object'), [0 2 3 4 7]
[2026-04-03 18:09:01,258][__main__][INFO] - Experiment Finished
solver:
  name: mark
  model_name: XGB
  custom_objective: reg:squarederror
  N_SELECT_FEATURES: 5
  n_runs: 5
  recalculate_dag: true
  n_estimators: 10
  max_depth: 3
  learning_rate: 0.1
  random_state: 42
  feature_selector: SequentialFeatureSelector
  debug: false
problem:
  name: industry_eu
  data_path: data/industry_eu/processed/industry_eu_fred_ExcludingConstruction_9country_quarterly_260x9.csv
  frequency: Q
  impute: none
  dropna_selected: true
  target: PRT
  features:
  - DEU
  - AUT
  - BEL
  - ITA
  - LUX
  - FRA
  - NLD
  - FIN
experiment: recommender_industry_mark

[2026-04-03 18:09:03,651][__main__][INFO] - Starting experiment in /Users/xiaoyuhe/Recommender_Pavel/multirun/2026-04-03/18-06-31/8
Index(['PRT', 'DEU', 'AUT', 'BEL', 'ITA', 'LUX', 'FRA', 'NLD', 'FIN'], dtype='object')
[2026-04-03 18:09:04,193][root][INFO] - w_est shape (9, 9)
[2026-04-03 18:09:04,193][root][INFO] - target_col PRT
[2026-04-03 18:09:04,193][root][INFO] - row_and_col_names 9
[2026-04-03 18:09:04,193][root][INFO] - prep_data.shape (260, 9)
[2026-04-03 18:09:04,193][root][INFO] - row_and_col_names Index(['PRT', 'DEU', 'AUT', 'BEL', 'ITA', 'LUX', 'FRA', 'NLD', 'FIN'], dtype='object')
[2026-04-03 18:09:04,250][root][INFO] - Testing on columns 8: Index(['DEU', 'AUT', 'BEL', 'ITA', 'LUX', 'FRA', 'NLD', 'FIN'], dtype='object')
[2026-04-03 18:09:19,040][root][INFO] - Best features Index(['DEU', 'AUT', 'FRA', 'NLD', 'FIN'], dtype='object'), [0 1 5 6 7]
[2026-04-03 18:09:19,782][__main__][INFO] - Experiment Finished
