[2026-04-03 15:03:18,632][HYDRA] Joblib.Parallel(n_jobs=1,backend=loky,prefer=processes,require=None,verbose=0,timeout=None,pre_dispatch=2*n_jobs,batch_size=auto,temp_folder=None,max_nbytes=None,mmap_mode=r) is launching 9 jobs
[2026-04-03 15:03:18,632][HYDRA] Launching jobs, sweep output dir : multirun/2026-04-03/15-03-17
[2026-04-03 15:03:18,632][HYDRA] 	#0 : experiment=recommender_industry solver=hc_predictor problem=FRED_9country_monthly/industry_eu_aut
[2026-04-03 15:03:18,632][HYDRA] 	#1 : experiment=recommender_industry solver=hc_predictor problem=FRED_9country_monthly/industry_eu_bel
[2026-04-03 15:03:18,632][HYDRA] 	#2 : experiment=recommender_industry solver=hc_predictor problem=FRED_9country_monthly/industry_eu_deu
[2026-04-03 15:03:18,632][HYDRA] 	#3 : experiment=recommender_industry solver=hc_predictor problem=FRED_9country_monthly/industry_eu_fin
[2026-04-03 15:03:18,632][HYDRA] 	#4 : experiment=recommender_industry solver=hc_predictor problem=FRED_9country_monthly/industry_eu_fra
[2026-04-03 15:03:18,633][HYDRA] 	#5 : experiment=recommender_industry solver=hc_predictor problem=FRED_9country_monthly/industry_eu_ita
[2026-04-03 15:03:18,633][HYDRA] 	#6 : experiment=recommender_industry solver=hc_predictor problem=FRED_9country_monthly/industry_eu_lux
[2026-04-03 15:03:18,633][HYDRA] 	#7 : experiment=recommender_industry solver=hc_predictor problem=FRED_9country_monthly/industry_eu_nld
[2026-04-03 15:03:18,633][HYDRA] 	#8 : experiment=recommender_industry solver=hc_predictor problem=FRED_9country_monthly/industry_eu_prt
solver:
  name: hc_predictor
  model_name: HC
  custom_objective: lagrange
  N_SELECT_FEATURES: 5
  n_runs: 5
  recalculate_dag: true
  feature_selector: SequentialFeatureSelector
  n_outer: 10
  n_inner: 100
  hidden_dim: 32
  depth: 2
  constrained: true
  rho0: 0
  lambda0: 1.0
  rho_mult: 1.0
  learning_rate: 0.25
  lambda_update_rate: 1.0
  weight_decay: 0.25
  loss_type: l2
  reg_type: l2
  a_reg_type: l1
  lambda1: 0.1
  lambda2: 0.1
  nonzero_threshold: 0.001
  constraints_mode: weights
  callback_mode: all_cycles
  robust: false
  tabu_edges: false
  weights_bound: 1.0
  time_limit: 1800
  target_mip_gap: 0.0001
  data_path: ./data/
  knowledge_graph_filename: knowledge_graph_intersection.graphml
  debug: false
problem:
  name: industry_eu
  data_path: data/industry_eu/processed/industry_eu_fred_ExcludingConstruction_9country_monthly_780x9.csv
  frequency: M
  impute: none
  dropna_selected: true
  target: AUT
  features:
  - DEU
  - BEL
  - PRT
  - ITA
  - LUX
  - FRA
  - NLD
  - FIN
experiment: recommender_industry

[2026-04-03 15:03:20,731][__main__][INFO] - Starting experiment in /Users/xiaoyuhe/Recommender_Pavel/multirun/2026-04-03/15-03-17/0
Index(['AUT', 'DEU', 'BEL', 'PRT', 'ITA', 'LUX', 'FRA', 'NLD', 'FIN'], dtype='object')
[2026-04-03 15:03:21,084][root][INFO] - w_est shape (9, 9)
[2026-04-03 15:03:21,084][root][INFO] - target_col AUT
[2026-04-03 15:03:21,084][root][INFO] - row_and_col_names 9
[2026-04-03 15:03:21,084][root][INFO] - prep_data.shape (780, 9)
[2026-04-03 15:03:21,084][root][INFO] - row_and_col_names Index(['AUT', 'DEU', 'BEL', 'PRT', 'ITA', 'LUX', 'FRA', 'NLD', 'FIN'], dtype='object')
[2026-04-03 15:03:21,095][root][INFO] - Testing on columns 8: Index(['DEU', 'BEL', 'PRT', 'ITA', 'LUX', 'FRA', 'NLD', 'FIN'], dtype='object')
[2026-04-03 15:08:12,787][root][INFO] - Best features Index(['DEU', 'ITA', 'LUX', 'FRA', 'FIN'], dtype='object'), [0 3 4 5 7]
[2026-04-03 15:08:43,606][__main__][INFO] - Experiment Finished
solver:
  name: hc_predictor
  model_name: HC
  custom_objective: lagrange
  N_SELECT_FEATURES: 5
  n_runs: 5
  recalculate_dag: true
  feature_selector: SequentialFeatureSelector
  n_outer: 10
  n_inner: 100
  hidden_dim: 32
  depth: 2
  constrained: true
  rho0: 0
  lambda0: 1.0
  rho_mult: 1.0
  learning_rate: 0.25
  lambda_update_rate: 1.0
  weight_decay: 0.25
  loss_type: l2
  reg_type: l2
  a_reg_type: l1
  lambda1: 0.1
  lambda2: 0.1
  nonzero_threshold: 0.001
  constraints_mode: weights
  callback_mode: all_cycles
  robust: false
  tabu_edges: false
  weights_bound: 1.0
  time_limit: 1800
  target_mip_gap: 0.0001
  data_path: ./data/
  knowledge_graph_filename: knowledge_graph_intersection.graphml
  debug: false
problem:
  name: industry_eu
  data_path: data/industry_eu/processed/industry_eu_fred_ExcludingConstruction_9country_monthly_780x9.csv
  frequency: M
  impute: none
  dropna_selected: true
  target: BEL
  features:
  - DEU
  - AUT
  - PRT
  - ITA
  - LUX
  - FRA
  - NLD
  - FIN
experiment: recommender_industry

[2026-04-03 15:08:43,684][__main__][INFO] - Starting experiment in /Users/xiaoyuhe/Recommender_Pavel/multirun/2026-04-03/15-03-17/1
Index(['BEL', 'DEU', 'AUT', 'PRT', 'ITA', 'LUX', 'FRA', 'NLD', 'FIN'], dtype='object')
[2026-04-03 15:08:43,810][root][INFO] - w_est shape (9, 9)
[2026-04-03 15:08:43,810][root][INFO] - target_col BEL
[2026-04-03 15:08:43,810][root][INFO] - row_and_col_names 9
[2026-04-03 15:08:43,810][root][INFO] - prep_data.shape (780, 9)
[2026-04-03 15:08:43,810][root][INFO] - row_and_col_names Index(['BEL', 'DEU', 'AUT', 'PRT', 'ITA', 'LUX', 'FRA', 'NLD', 'FIN'], dtype='object')
[2026-04-03 15:08:43,819][root][INFO] - Testing on columns 8: Index(['DEU', 'AUT', 'PRT', 'ITA', 'LUX', 'FRA', 'NLD', 'FIN'], dtype='object')
[2026-04-03 15:10:28,404][root][INFO] - Best features Index(['AUT', 'PRT', 'FRA', 'NLD', 'FIN'], dtype='object'), [1 2 5 6 7]
[2026-04-03 15:10:36,278][__main__][INFO] - Experiment Finished
solver:
  name: hc_predictor
  model_name: HC
  custom_objective: lagrange
  N_SELECT_FEATURES: 5
  n_runs: 5
  recalculate_dag: true
  feature_selector: SequentialFeatureSelector
  n_outer: 10
  n_inner: 100
  hidden_dim: 32
  depth: 2
  constrained: true
  rho0: 0
  lambda0: 1.0
  rho_mult: 1.0
  learning_rate: 0.25
  lambda_update_rate: 1.0
  weight_decay: 0.25
  loss_type: l2
  reg_type: l2
  a_reg_type: l1
  lambda1: 0.1
  lambda2: 0.1
  nonzero_threshold: 0.001
  constraints_mode: weights
  callback_mode: all_cycles
  robust: false
  tabu_edges: false
  weights_bound: 1.0
  time_limit: 1800
  target_mip_gap: 0.0001
  data_path: ./data/
  knowledge_graph_filename: knowledge_graph_intersection.graphml
  debug: false
problem:
  name: industry_eu
  data_path: data/industry_eu/processed/industry_eu_fred_ExcludingConstruction_9country_monthly_780x9.csv
  frequency: M
  impute: none
  dropna_selected: true
  target: DEU
  features:
  - AUT
  - BEL
  - PRT
  - ITA
  - LUX
  - FRA
  - NLD
  - FIN
experiment: recommender_industry

[2026-04-03 15:10:36,336][__main__][INFO] - Starting experiment in /Users/xiaoyuhe/Recommender_Pavel/multirun/2026-04-03/15-03-17/2
Index(['DEU', 'AUT', 'BEL', 'PRT', 'ITA', 'LUX', 'FRA', 'NLD', 'FIN'], dtype='object')
[2026-04-03 15:10:36,424][root][INFO] - w_est shape (9, 9)
[2026-04-03 15:10:36,424][root][INFO] - target_col DEU
[2026-04-03 15:10:36,424][root][INFO] - row_and_col_names 9
[2026-04-03 15:10:36,424][root][INFO] - prep_data.shape (780, 9)
[2026-04-03 15:10:36,424][root][INFO] - row_and_col_names Index(['DEU', 'AUT', 'BEL', 'PRT', 'ITA', 'LUX', 'FRA', 'NLD', 'FIN'], dtype='object')
[2026-04-03 15:10:36,430][root][INFO] - Testing on columns 8: Index(['AUT', 'BEL', 'PRT', 'ITA', 'LUX', 'FRA', 'NLD', 'FIN'], dtype='object')
[2026-04-03 15:12:16,335][root][INFO] - Best features Index(['AUT', 'PRT', 'FRA', 'NLD', 'FIN'], dtype='object'), [0 2 5 6 7]
[2026-04-03 15:12:23,456][__main__][INFO] - Experiment Finished
solver:
  name: hc_predictor
  model_name: HC
  custom_objective: lagrange
  N_SELECT_FEATURES: 5
  n_runs: 5
  recalculate_dag: true
  feature_selector: SequentialFeatureSelector
  n_outer: 10
  n_inner: 100
  hidden_dim: 32
  depth: 2
  constrained: true
  rho0: 0
  lambda0: 1.0
  rho_mult: 1.0
  learning_rate: 0.25
  lambda_update_rate: 1.0
  weight_decay: 0.25
  loss_type: l2
  reg_type: l2
  a_reg_type: l1
  lambda1: 0.1
  lambda2: 0.1
  nonzero_threshold: 0.001
  constraints_mode: weights
  callback_mode: all_cycles
  robust: false
  tabu_edges: false
  weights_bound: 1.0
  time_limit: 1800
  target_mip_gap: 0.0001
  data_path: ./data/
  knowledge_graph_filename: knowledge_graph_intersection.graphml
  debug: false
problem:
  name: industry_eu
  data_path: data/industry_eu/processed/industry_eu_fred_ExcludingConstruction_9country_monthly_780x9.csv
  frequency: M
  impute: none
  dropna_selected: true
  target: FIN
  features:
  - DEU
  - AUT
  - BEL
  - PRT
  - ITA
  - LUX
  - FRA
  - NLD
experiment: recommender_industry

[2026-04-03 15:12:23,514][__main__][INFO] - Starting experiment in /Users/xiaoyuhe/Recommender_Pavel/multirun/2026-04-03/15-03-17/3
Index(['FIN', 'DEU', 'AUT', 'BEL', 'PRT', 'ITA', 'LUX', 'FRA', 'NLD'], dtype='object')
[2026-04-03 15:12:23,608][root][INFO] - w_est shape (9, 9)
[2026-04-03 15:12:23,608][root][INFO] - target_col FIN
[2026-04-03 15:12:23,608][root][INFO] - row_and_col_names 9
[2026-04-03 15:12:23,608][root][INFO] - prep_data.shape (780, 9)
[2026-04-03 15:12:23,608][root][INFO] - row_and_col_names Index(['FIN', 'DEU', 'AUT', 'BEL', 'PRT', 'ITA', 'LUX', 'FRA', 'NLD'], dtype='object')
[2026-04-03 15:12:23,614][root][INFO] - Testing on columns 8: Index(['DEU', 'AUT', 'BEL', 'PRT', 'ITA', 'LUX', 'FRA', 'NLD'], dtype='object')
[2026-04-03 15:14:40,540][root][INFO] - Best features Index(['AUT', 'ITA', 'LUX', 'FRA', 'NLD'], dtype='object'), [1 4 5 6 7]
[2026-04-03 15:14:54,718][__main__][INFO] - Experiment Finished
solver:
  name: hc_predictor
  model_name: HC
  custom_objective: lagrange
  N_SELECT_FEATURES: 5
  n_runs: 5
  recalculate_dag: true
  feature_selector: SequentialFeatureSelector
  n_outer: 10
  n_inner: 100
  hidden_dim: 32
  depth: 2
  constrained: true
  rho0: 0
  lambda0: 1.0
  rho_mult: 1.0
  learning_rate: 0.25
  lambda_update_rate: 1.0
  weight_decay: 0.25
  loss_type: l2
  reg_type: l2
  a_reg_type: l1
  lambda1: 0.1
  lambda2: 0.1
  nonzero_threshold: 0.001
  constraints_mode: weights
  callback_mode: all_cycles
  robust: false
  tabu_edges: false
  weights_bound: 1.0
  time_limit: 1800
  target_mip_gap: 0.0001
  data_path: ./data/
  knowledge_graph_filename: knowledge_graph_intersection.graphml
  debug: false
problem:
  name: industry_eu
  data_path: data/industry_eu/processed/industry_eu_fred_ExcludingConstruction_9country_monthly_780x9.csv
  frequency: M
  impute: none
  dropna_selected: true
  target: FRA
  features:
  - DEU
  - AUT
  - BEL
  - PRT
  - ITA
  - LUX
  - NLD
  - FIN
experiment: recommender_industry

[2026-04-03 15:14:54,801][__main__][INFO] - Starting experiment in /Users/xiaoyuhe/Recommender_Pavel/multirun/2026-04-03/15-03-17/4
Index(['FRA', 'DEU', 'AUT', 'BEL', 'PRT', 'ITA', 'LUX', 'NLD', 'FIN'], dtype='object')
[2026-04-03 15:14:55,110][root][INFO] - w_est shape (9, 9)
[2026-04-03 15:14:55,110][root][INFO] - target_col FRA
[2026-04-03 15:14:55,110][root][INFO] - row_and_col_names 9
[2026-04-03 15:14:55,110][root][INFO] - prep_data.shape (780, 9)
[2026-04-03 15:14:55,110][root][INFO] - row_and_col_names Index(['FRA', 'DEU', 'AUT', 'BEL', 'PRT', 'ITA', 'LUX', 'NLD', 'FIN'], dtype='object')
[2026-04-03 15:14:55,116][root][INFO] - Testing on columns 8: Index(['DEU', 'AUT', 'BEL', 'PRT', 'ITA', 'LUX', 'NLD', 'FIN'], dtype='object')
[2026-04-03 15:17:34,485][root][INFO] - Best features Index(['DEU', 'AUT', 'ITA', 'LUX', 'FIN'], dtype='object'), [0 1 4 5 7]
[2026-04-03 15:17:54,751][__main__][INFO] - Experiment Finished
solver:
  name: hc_predictor
  model_name: HC
  custom_objective: lagrange
  N_SELECT_FEATURES: 5
  n_runs: 5
  recalculate_dag: true
  feature_selector: SequentialFeatureSelector
  n_outer: 10
  n_inner: 100
  hidden_dim: 32
  depth: 2
  constrained: true
  rho0: 0
  lambda0: 1.0
  rho_mult: 1.0
  learning_rate: 0.25
  lambda_update_rate: 1.0
  weight_decay: 0.25
  loss_type: l2
  reg_type: l2
  a_reg_type: l1
  lambda1: 0.1
  lambda2: 0.1
  nonzero_threshold: 0.001
  constraints_mode: weights
  callback_mode: all_cycles
  robust: false
  tabu_edges: false
  weights_bound: 1.0
  time_limit: 1800
  target_mip_gap: 0.0001
  data_path: ./data/
  knowledge_graph_filename: knowledge_graph_intersection.graphml
  debug: false
problem:
  name: industry_eu
  data_path: data/industry_eu/processed/industry_eu_fred_ExcludingConstruction_9country_monthly_780x9.csv
  frequency: M
  impute: none
  dropna_selected: true
  target: ITA
  features:
  - DEU
  - AUT
  - BEL
  - PRT
  - LUX
  - FRA
  - NLD
  - FIN
experiment: recommender_industry

[2026-04-03 15:17:54,837][__main__][INFO] - Starting experiment in /Users/xiaoyuhe/Recommender_Pavel/multirun/2026-04-03/15-03-17/5
Index(['ITA', 'DEU', 'AUT', 'BEL', 'PRT', 'LUX', 'FRA', 'NLD', 'FIN'], dtype='object')
[2026-04-03 15:17:54,939][root][INFO] - w_est shape (9, 9)
[2026-04-03 15:17:54,939][root][INFO] - target_col ITA
[2026-04-03 15:17:54,939][root][INFO] - row_and_col_names 9
[2026-04-03 15:17:54,939][root][INFO] - prep_data.shape (780, 9)
[2026-04-03 15:17:54,939][root][INFO] - row_and_col_names Index(['ITA', 'DEU', 'AUT', 'BEL', 'PRT', 'LUX', 'FRA', 'NLD', 'FIN'], dtype='object')
[2026-04-03 15:17:54,945][root][INFO] - Testing on columns 8: Index(['DEU', 'AUT', 'BEL', 'PRT', 'LUX', 'FRA', 'NLD', 'FIN'], dtype='object')
[2026-04-03 15:19:27,547][root][INFO] - Best features Index(['AUT', 'PRT', 'FRA', 'NLD', 'FIN'], dtype='object'), [1 3 5 6 7]
[2026-04-03 15:19:33,442][__main__][INFO] - Experiment Finished
solver:
  name: hc_predictor
  model_name: HC
  custom_objective: lagrange
  N_SELECT_FEATURES: 5
  n_runs: 5
  recalculate_dag: true
  feature_selector: SequentialFeatureSelector
  n_outer: 10
  n_inner: 100
  hidden_dim: 32
  depth: 2
  constrained: true
  rho0: 0
  lambda0: 1.0
  rho_mult: 1.0
  learning_rate: 0.25
  lambda_update_rate: 1.0
  weight_decay: 0.25
  loss_type: l2
  reg_type: l2
  a_reg_type: l1
  lambda1: 0.1
  lambda2: 0.1
  nonzero_threshold: 0.001
  constraints_mode: weights
  callback_mode: all_cycles
  robust: false
  tabu_edges: false
  weights_bound: 1.0
  time_limit: 1800
  target_mip_gap: 0.0001
  data_path: ./data/
  knowledge_graph_filename: knowledge_graph_intersection.graphml
  debug: false
problem:
  name: industry_eu
  data_path: data/industry_eu/processed/industry_eu_fred_ExcludingConstruction_9country_monthly_780x9.csv
  frequency: M
  impute: none
  dropna_selected: true
  target: LUX
  features:
  - DEU
  - AUT
  - BEL
  - PRT
  - ITA
  - FRA
  - NLD
  - FIN
experiment: recommender_industry

[2026-04-03 15:19:33,500][__main__][INFO] - Starting experiment in /Users/xiaoyuhe/Recommender_Pavel/multirun/2026-04-03/15-03-17/6
Index(['LUX', 'DEU', 'AUT', 'BEL', 'PRT', 'ITA', 'FRA', 'NLD', 'FIN'], dtype='object')
[2026-04-03 15:19:33,591][root][INFO] - w_est shape (9, 9)
[2026-04-03 15:19:33,591][root][INFO] - target_col LUX
[2026-04-03 15:19:33,591][root][INFO] - row_and_col_names 9
[2026-04-03 15:19:33,591][root][INFO] - prep_data.shape (780, 9)
[2026-04-03 15:19:33,591][root][INFO] - row_and_col_names Index(['LUX', 'DEU', 'AUT', 'BEL', 'PRT', 'ITA', 'FRA', 'NLD', 'FIN'], dtype='object')
[2026-04-03 15:19:33,597][root][INFO] - Testing on columns 8: Index(['DEU', 'AUT', 'BEL', 'PRT', 'ITA', 'FRA', 'NLD', 'FIN'], dtype='object')
[2026-04-03 15:21:13,771][root][INFO] - Best features Index(['AUT', 'PRT', 'FRA', 'NLD', 'FIN'], dtype='object'), [1 3 5 6 7]
[2026-04-03 15:21:22,004][__main__][INFO] - Experiment Finished
solver:
  name: hc_predictor
  model_name: HC
  custom_objective: lagrange
  N_SELECT_FEATURES: 5
  n_runs: 5
  recalculate_dag: true
  feature_selector: SequentialFeatureSelector
  n_outer: 10
  n_inner: 100
  hidden_dim: 32
  depth: 2
  constrained: true
  rho0: 0
  lambda0: 1.0
  rho_mult: 1.0
  learning_rate: 0.25
  lambda_update_rate: 1.0
  weight_decay: 0.25
  loss_type: l2
  reg_type: l2
  a_reg_type: l1
  lambda1: 0.1
  lambda2: 0.1
  nonzero_threshold: 0.001
  constraints_mode: weights
  callback_mode: all_cycles
  robust: false
  tabu_edges: false
  weights_bound: 1.0
  time_limit: 1800
  target_mip_gap: 0.0001
  data_path: ./data/
  knowledge_graph_filename: knowledge_graph_intersection.graphml
  debug: false
problem:
  name: industry_eu
  data_path: data/industry_eu/processed/industry_eu_fred_ExcludingConstruction_9country_monthly_780x9.csv
  frequency: M
  impute: none
  dropna_selected: true
  target: NLD
  features:
  - DEU
  - AUT
  - BEL
  - PRT
  - ITA
  - LUX
  - FRA
  - FIN
experiment: recommender_industry

[2026-04-03 15:21:22,091][__main__][INFO] - Starting experiment in /Users/xiaoyuhe/Recommender_Pavel/multirun/2026-04-03/15-03-17/7
Index(['NLD', 'DEU', 'AUT', 'BEL', 'PRT', 'ITA', 'LUX', 'FRA', 'FIN'], dtype='object')
[2026-04-03 15:21:22,178][root][INFO] - w_est shape (9, 9)
[2026-04-03 15:21:22,179][root][INFO] - target_col NLD
[2026-04-03 15:21:22,179][root][INFO] - row_and_col_names 9
[2026-04-03 15:21:22,179][root][INFO] - prep_data.shape (780, 9)
[2026-04-03 15:21:22,179][root][INFO] - row_and_col_names Index(['NLD', 'DEU', 'AUT', 'BEL', 'PRT', 'ITA', 'LUX', 'FRA', 'FIN'], dtype='object')
[2026-04-03 15:21:22,186][root][INFO] - Testing on columns 8: Index(['DEU', 'AUT', 'BEL', 'PRT', 'ITA', 'LUX', 'FRA', 'FIN'], dtype='object')
[2026-04-03 15:23:29,841][root][INFO] - Best features Index(['DEU', 'BEL', 'PRT', 'FRA', 'FIN'], dtype='object'), [0 2 3 6 7]
[2026-04-03 15:23:47,950][__main__][INFO] - Experiment Finished
solver:
  name: hc_predictor
  model_name: HC
  custom_objective: lagrange
  N_SELECT_FEATURES: 5
  n_runs: 5
  recalculate_dag: true
  feature_selector: SequentialFeatureSelector
  n_outer: 10
  n_inner: 100
  hidden_dim: 32
  depth: 2
  constrained: true
  rho0: 0
  lambda0: 1.0
  rho_mult: 1.0
  learning_rate: 0.25
  lambda_update_rate: 1.0
  weight_decay: 0.25
  loss_type: l2
  reg_type: l2
  a_reg_type: l1
  lambda1: 0.1
  lambda2: 0.1
  nonzero_threshold: 0.001
  constraints_mode: weights
  callback_mode: all_cycles
  robust: false
  tabu_edges: false
  weights_bound: 1.0
  time_limit: 1800
  target_mip_gap: 0.0001
  data_path: ./data/
  knowledge_graph_filename: knowledge_graph_intersection.graphml
  debug: false
problem:
  name: industry_eu
  data_path: data/industry_eu/processed/industry_eu_fred_ExcludingConstruction_9country_monthly_780x9.csv
  frequency: M
  impute: none
  dropna_selected: true
  target: PRT
  features:
  - DEU
  - AUT
  - BEL
  - ITA
  - LUX
  - FRA
  - NLD
  - FIN
experiment: recommender_industry

[2026-04-03 15:23:48,021][__main__][INFO] - Starting experiment in /Users/xiaoyuhe/Recommender_Pavel/multirun/2026-04-03/15-03-17/8
Index(['PRT', 'DEU', 'AUT', 'BEL', 'ITA', 'LUX', 'FRA', 'NLD', 'FIN'], dtype='object')
[2026-04-03 15:23:48,119][root][INFO] - w_est shape (9, 9)
[2026-04-03 15:23:48,119][root][INFO] - target_col PRT
[2026-04-03 15:23:48,119][root][INFO] - row_and_col_names 9
[2026-04-03 15:23:48,119][root][INFO] - prep_data.shape (780, 9)
[2026-04-03 15:23:48,119][root][INFO] - row_and_col_names Index(['PRT', 'DEU', 'AUT', 'BEL', 'ITA', 'LUX', 'FRA', 'NLD', 'FIN'], dtype='object')
[2026-04-03 15:23:48,125][root][INFO] - Testing on columns 8: Index(['DEU', 'AUT', 'BEL', 'ITA', 'LUX', 'FRA', 'NLD', 'FIN'], dtype='object')
[2026-04-03 15:25:31,827][root][INFO] - Best features Index(['AUT', 'LUX', 'FRA', 'NLD', 'FIN'], dtype='object'), [1 4 5 6 7]
[2026-04-03 15:25:39,697][__main__][INFO] - Experiment Finished
