[2026-04-03 13:45:06,824][HYDRA] Joblib.Parallel(n_jobs=1,backend=loky,prefer=processes,require=None,verbose=0,timeout=None,pre_dispatch=2*n_jobs,batch_size=auto,temp_folder=None,max_nbytes=None,mmap_mode=r) is launching 16 jobs
[2026-04-03 13:45:06,825][HYDRA] Launching jobs, sweep output dir : multirun/2026-04-03/13-45-06
[2026-04-03 13:45:06,825][HYDRA] 	#0 : experiment=recommender_industry solver=hc_predictor problem=FRED_16country_quarterly/industry_eu_aut
[2026-04-03 13:45:06,825][HYDRA] 	#1 : experiment=recommender_industry solver=hc_predictor problem=FRED_16country_quarterly/industry_eu_bel
[2026-04-03 13:45:06,825][HYDRA] 	#2 : experiment=recommender_industry solver=hc_predictor problem=FRED_16country_quarterly/industry_eu_deu
[2026-04-03 13:45:06,825][HYDRA] 	#3 : experiment=recommender_industry solver=hc_predictor problem=FRED_16country_quarterly/industry_eu_esp
[2026-04-03 13:45:06,825][HYDRA] 	#4 : experiment=recommender_industry solver=hc_predictor problem=FRED_16country_quarterly/industry_eu_est
[2026-04-03 13:45:06,825][HYDRA] 	#5 : experiment=recommender_industry solver=hc_predictor problem=FRED_16country_quarterly/industry_eu_fin
[2026-04-03 13:45:06,825][HYDRA] 	#6 : experiment=recommender_industry solver=hc_predictor problem=FRED_16country_quarterly/industry_eu_fra
[2026-04-03 13:45:06,825][HYDRA] 	#7 : experiment=recommender_industry solver=hc_predictor problem=FRED_16country_quarterly/industry_eu_grc
[2026-04-03 13:45:06,825][HYDRA] 	#8 : experiment=recommender_industry solver=hc_predictor problem=FRED_16country_quarterly/industry_eu_irl
[2026-04-03 13:45:06,825][HYDRA] 	#9 : experiment=recommender_industry solver=hc_predictor problem=FRED_16country_quarterly/industry_eu_ita
[2026-04-03 13:45:06,825][HYDRA] 	#10 : experiment=recommender_industry solver=hc_predictor problem=FRED_16country_quarterly/industry_eu_ltu
[2026-04-03 13:45:06,825][HYDRA] 	#11 : experiment=recommender_industry solver=hc_predictor problem=FRED_16country_quarterly/industry_eu_lux
[2026-04-03 13:45:06,825][HYDRA] 	#12 : experiment=recommender_industry solver=hc_predictor problem=FRED_16country_quarterly/industry_eu_nld
[2026-04-03 13:45:06,825][HYDRA] 	#13 : experiment=recommender_industry solver=hc_predictor problem=FRED_16country_quarterly/industry_eu_prt
[2026-04-03 13:45:06,825][HYDRA] 	#14 : experiment=recommender_industry solver=hc_predictor problem=FRED_16country_quarterly/industry_eu_svk
[2026-04-03 13:45:06,825][HYDRA] 	#15 : experiment=recommender_industry solver=hc_predictor problem=FRED_16country_quarterly/industry_eu_svn
solver:
  name: hc_predictor
  model_name: HC
  custom_objective: lagrange
  N_SELECT_FEATURES: 5
  n_runs: 5
  recalculate_dag: true
  feature_selector: SequentialFeatureSelector
  n_outer: 10
  n_inner: 100
  hidden_dim: 32
  depth: 2
  constrained: true
  rho0: 0
  lambda0: 1.0
  rho_mult: 1.0
  learning_rate: 0.25
  lambda_update_rate: 1.0
  weight_decay: 0.25
  loss_type: l2
  reg_type: l2
  a_reg_type: l1
  lambda1: 0.1
  lambda2: 0.1
  nonzero_threshold: 0.001
  constraints_mode: weights
  callback_mode: all_cycles
  robust: false
  tabu_edges: false
  weights_bound: 1.0
  time_limit: 1800
  target_mip_gap: 0.0001
  data_path: ./data/
  knowledge_graph_filename: knowledge_graph_intersection.graphml
  debug: false
problem:
  name: industry_eu
  data_path: data/industry_eu/processed/industry_eu_fred_ExcludingConstruction_16country_quarterly_100x16.csv
  frequency: Q
  impute: none
  dropna_selected: true
  target: AUT
  features:
  - DEU
  - BEL
  - ITA
  - LUX
  - PRT
  - FRA
  - NLD
  - FIN
  - GRC
  - ESP
  - IRL
  - SVK
  - SVN
  - EST
  - LTU
experiment: recommender_industry

[2026-04-03 13:45:07,575][__main__][INFO] - Starting experiment in /Users/xiaoyuhe/Recommender_Pavel/multirun/2026-04-03/13-45-06/0
Index(['AUT', 'DEU', 'BEL', 'ITA', 'LUX', 'PRT', 'FRA', 'NLD', 'FIN', 'GRC',
       'ESP', 'IRL', 'SVK', 'SVN', 'EST', 'LTU'],
      dtype='object')
[2026-04-03 13:45:07,683][root][INFO] - w_est shape (16, 16)
[2026-04-03 13:45:07,683][root][INFO] - target_col AUT
[2026-04-03 13:45:07,683][root][INFO] - row_and_col_names 16
[2026-04-03 13:45:07,683][root][INFO] - prep_data.shape (100, 16)
[2026-04-03 13:45:07,683][root][INFO] - row_and_col_names Index(['AUT', 'DEU', 'BEL', 'ITA', 'LUX', 'PRT', 'FRA', 'NLD', 'FIN', 'GRC',
       'ESP', 'IRL', 'SVK', 'SVN', 'EST', 'LTU'],
      dtype='object')
[2026-04-03 13:45:07,690][root][INFO] - Testing on columns 15: Index(['DEU', 'BEL', 'ITA', 'LUX', 'PRT', 'FRA', 'NLD', 'FIN', 'GRC', 'ESP',
       'IRL', 'SVK', 'SVN', 'EST', 'LTU'],
      dtype='object')
[2026-04-03 13:57:07,588][root][INFO] - Best features Index(['DEU', 'BEL', 'LUX', 'FRA', 'ESP'], dtype='object'), [0 1 3 5 9]
[2026-04-03 13:57:36,023][__main__][INFO] - Experiment Finished
solver:
  name: hc_predictor
  model_name: HC
  custom_objective: lagrange
  N_SELECT_FEATURES: 5
  n_runs: 5
  recalculate_dag: true
  feature_selector: SequentialFeatureSelector
  n_outer: 10
  n_inner: 100
  hidden_dim: 32
  depth: 2
  constrained: true
  rho0: 0
  lambda0: 1.0
  rho_mult: 1.0
  learning_rate: 0.25
  lambda_update_rate: 1.0
  weight_decay: 0.25
  loss_type: l2
  reg_type: l2
  a_reg_type: l1
  lambda1: 0.1
  lambda2: 0.1
  nonzero_threshold: 0.001
  constraints_mode: weights
  callback_mode: all_cycles
  robust: false
  tabu_edges: false
  weights_bound: 1.0
  time_limit: 1800
  target_mip_gap: 0.0001
  data_path: ./data/
  knowledge_graph_filename: knowledge_graph_intersection.graphml
  debug: false
problem:
  name: industry_eu
  data_path: data/industry_eu/processed/industry_eu_fred_ExcludingConstruction_16country_quarterly_100x16.csv
  frequency: Q
  impute: none
  dropna_selected: true
  target: BEL
  features:
  - DEU
  - ITA
  - LUX
  - PRT
  - AUT
  - FRA
  - NLD
  - FIN
  - GRC
  - ESP
  - IRL
  - SVK
  - SVN
  - EST
  - LTU
experiment: recommender_industry

[2026-04-03 13:57:36,093][__main__][INFO] - Starting experiment in /Users/xiaoyuhe/Recommender_Pavel/multirun/2026-04-03/13-45-06/1
Index(['BEL', 'DEU', 'ITA', 'LUX', 'PRT', 'AUT', 'FRA', 'NLD', 'FIN', 'GRC',
       'ESP', 'IRL', 'SVK', 'SVN', 'EST', 'LTU'],
      dtype='object')
[2026-04-03 13:57:36,223][root][INFO] - w_est shape (16, 16)
[2026-04-03 13:57:36,223][root][INFO] - target_col BEL
[2026-04-03 13:57:36,223][root][INFO] - row_and_col_names 16
[2026-04-03 13:57:36,223][root][INFO] - prep_data.shape (100, 16)
[2026-04-03 13:57:36,224][root][INFO] - row_and_col_names Index(['BEL', 'DEU', 'ITA', 'LUX', 'PRT', 'AUT', 'FRA', 'NLD', 'FIN', 'GRC',
       'ESP', 'IRL', 'SVK', 'SVN', 'EST', 'LTU'],
      dtype='object')
[2026-04-03 13:57:36,236][root][INFO] - Testing on columns 15: Index(['DEU', 'ITA', 'LUX', 'PRT', 'AUT', 'FRA', 'NLD', 'FIN', 'GRC', 'ESP',
       'IRL', 'SVK', 'SVN', 'EST', 'LTU'],
      dtype='object')
[2026-04-03 14:00:57,714][root][INFO] - Best features Index(['NLD', 'GRC', 'ESP', 'IRL', 'SVK'], dtype='object'), [ 6  8  9 10 11]
[2026-04-03 14:01:07,150][__main__][INFO] - Experiment Finished
solver:
  name: hc_predictor
  model_name: HC
  custom_objective: lagrange
  N_SELECT_FEATURES: 5
  n_runs: 5
  recalculate_dag: true
  feature_selector: SequentialFeatureSelector
  n_outer: 10
  n_inner: 100
  hidden_dim: 32
  depth: 2
  constrained: true
  rho0: 0
  lambda0: 1.0
  rho_mult: 1.0
  learning_rate: 0.25
  lambda_update_rate: 1.0
  weight_decay: 0.25
  loss_type: l2
  reg_type: l2
  a_reg_type: l1
  lambda1: 0.1
  lambda2: 0.1
  nonzero_threshold: 0.001
  constraints_mode: weights
  callback_mode: all_cycles
  robust: false
  tabu_edges: false
  weights_bound: 1.0
  time_limit: 1800
  target_mip_gap: 0.0001
  data_path: ./data/
  knowledge_graph_filename: knowledge_graph_intersection.graphml
  debug: false
problem:
  name: industry_eu
  data_path: data/industry_eu/processed/industry_eu_fred_ExcludingConstruction_16country_quarterly_100x16.csv
  frequency: Q
  impute: none
  dropna_selected: true
  target: DEU
  features:
  - BEL
  - ITA
  - LUX
  - PRT
  - AUT
  - FRA
  - NLD
  - FIN
  - GRC
  - ESP
  - IRL
  - SVK
  - SVN
  - EST
  - LTU
experiment: recommender_industry

[2026-04-03 14:01:07,219][__main__][INFO] - Starting experiment in /Users/xiaoyuhe/Recommender_Pavel/multirun/2026-04-03/13-45-06/2
Index(['DEU', 'BEL', 'ITA', 'LUX', 'PRT', 'AUT', 'FRA', 'NLD', 'FIN', 'GRC',
       'ESP', 'IRL', 'SVK', 'SVN', 'EST', 'LTU'],
      dtype='object')
[2026-04-03 14:01:07,327][root][INFO] - w_est shape (16, 16)
[2026-04-03 14:01:07,327][root][INFO] - target_col DEU
[2026-04-03 14:01:07,327][root][INFO] - row_and_col_names 16
[2026-04-03 14:01:07,327][root][INFO] - prep_data.shape (100, 16)
[2026-04-03 14:01:07,327][root][INFO] - row_and_col_names Index(['DEU', 'BEL', 'ITA', 'LUX', 'PRT', 'AUT', 'FRA', 'NLD', 'FIN', 'GRC',
       'ESP', 'IRL', 'SVK', 'SVN', 'EST', 'LTU'],
      dtype='object')
[2026-04-03 14:01:07,333][root][INFO] - Testing on columns 15: Index(['BEL', 'ITA', 'LUX', 'PRT', 'AUT', 'FRA', 'NLD', 'FIN', 'GRC', 'ESP',
       'IRL', 'SVK', 'SVN', 'EST', 'LTU'],
      dtype='object')
[2026-04-03 14:04:33,199][root][INFO] - Best features Index(['PRT', 'FRA', 'ESP', 'IRL', 'SVK'], dtype='object'), [ 3  5  9 10 11]
[2026-04-03 14:04:40,292][__main__][INFO] - Experiment Finished
solver:
  name: hc_predictor
  model_name: HC
  custom_objective: lagrange
  N_SELECT_FEATURES: 5
  n_runs: 5
  recalculate_dag: true
  feature_selector: SequentialFeatureSelector
  n_outer: 10
  n_inner: 100
  hidden_dim: 32
  depth: 2
  constrained: true
  rho0: 0
  lambda0: 1.0
  rho_mult: 1.0
  learning_rate: 0.25
  lambda_update_rate: 1.0
  weight_decay: 0.25
  loss_type: l2
  reg_type: l2
  a_reg_type: l1
  lambda1: 0.1
  lambda2: 0.1
  nonzero_threshold: 0.001
  constraints_mode: weights
  callback_mode: all_cycles
  robust: false
  tabu_edges: false
  weights_bound: 1.0
  time_limit: 1800
  target_mip_gap: 0.0001
  data_path: ./data/
  knowledge_graph_filename: knowledge_graph_intersection.graphml
  debug: false
problem:
  name: industry_eu
  data_path: data/industry_eu/processed/industry_eu_fred_ExcludingConstruction_16country_quarterly_100x16.csv
  frequency: Q
  impute: none
  dropna_selected: true
  target: ESP
  features:
  - DEU
  - BEL
  - ITA
  - LUX
  - PRT
  - AUT
  - FRA
  - NLD
  - FIN
  - GRC
  - IRL
  - SVK
  - SVN
  - EST
  - LTU
experiment: recommender_industry

[2026-04-03 14:04:40,365][__main__][INFO] - Starting experiment in /Users/xiaoyuhe/Recommender_Pavel/multirun/2026-04-03/13-45-06/3
Index(['ESP', 'DEU', 'BEL', 'ITA', 'LUX', 'PRT', 'AUT', 'FRA', 'NLD', 'FIN',
       'GRC', 'IRL', 'SVK', 'SVN', 'EST', 'LTU'],
      dtype='object')
[2026-04-03 14:04:40,462][root][INFO] - w_est shape (16, 16)
[2026-04-03 14:04:40,462][root][INFO] - target_col ESP
[2026-04-03 14:04:40,462][root][INFO] - row_and_col_names 16
[2026-04-03 14:04:40,462][root][INFO] - prep_data.shape (100, 16)
[2026-04-03 14:04:40,462][root][INFO] - row_and_col_names Index(['ESP', 'DEU', 'BEL', 'ITA', 'LUX', 'PRT', 'AUT', 'FRA', 'NLD', 'FIN',
       'GRC', 'IRL', 'SVK', 'SVN', 'EST', 'LTU'],
      dtype='object')
[2026-04-03 14:04:40,468][root][INFO] - Testing on columns 15: Index(['DEU', 'BEL', 'ITA', 'LUX', 'PRT', 'AUT', 'FRA', 'NLD', 'FIN', 'GRC',
       'IRL', 'SVK', 'SVN', 'EST', 'LTU'],
      dtype='object')
[2026-04-03 14:08:24,055][root][INFO] - Best features Index(['ITA', 'LUX', 'FIN', 'GRC', 'EST'], dtype='object'), [ 2  3  8  9 13]
[2026-04-03 14:08:32,149][__main__][INFO] - Experiment Finished
solver:
  name: hc_predictor
  model_name: HC
  custom_objective: lagrange
  N_SELECT_FEATURES: 5
  n_runs: 5
  recalculate_dag: true
  feature_selector: SequentialFeatureSelector
  n_outer: 10
  n_inner: 100
  hidden_dim: 32
  depth: 2
  constrained: true
  rho0: 0
  lambda0: 1.0
  rho_mult: 1.0
  learning_rate: 0.25
  lambda_update_rate: 1.0
  weight_decay: 0.25
  loss_type: l2
  reg_type: l2
  a_reg_type: l1
  lambda1: 0.1
  lambda2: 0.1
  nonzero_threshold: 0.001
  constraints_mode: weights
  callback_mode: all_cycles
  robust: false
  tabu_edges: false
  weights_bound: 1.0
  time_limit: 1800
  target_mip_gap: 0.0001
  data_path: ./data/
  knowledge_graph_filename: knowledge_graph_intersection.graphml
  debug: false
problem:
  name: industry_eu
  data_path: data/industry_eu/processed/industry_eu_fred_ExcludingConstruction_16country_quarterly_100x16.csv
  frequency: Q
  impute: none
  dropna_selected: true
  target: EST
  features:
  - DEU
  - BEL
  - ITA
  - LUX
  - PRT
  - AUT
  - FRA
  - NLD
  - FIN
  - GRC
  - ESP
  - IRL
  - SVK
  - SVN
  - LTU
experiment: recommender_industry

[2026-04-03 14:08:32,209][__main__][INFO] - Starting experiment in /Users/xiaoyuhe/Recommender_Pavel/multirun/2026-04-03/13-45-06/4
Index(['EST', 'DEU', 'BEL', 'ITA', 'LUX', 'PRT', 'AUT', 'FRA', 'NLD', 'FIN',
       'GRC', 'ESP', 'IRL', 'SVK', 'SVN', 'LTU'],
      dtype='object')
[2026-04-03 14:08:32,314][root][INFO] - w_est shape (16, 16)
[2026-04-03 14:08:32,314][root][INFO] - target_col EST
[2026-04-03 14:08:32,314][root][INFO] - row_and_col_names 16
[2026-04-03 14:08:32,314][root][INFO] - prep_data.shape (100, 16)
[2026-04-03 14:08:32,314][root][INFO] - row_and_col_names Index(['EST', 'DEU', 'BEL', 'ITA', 'LUX', 'PRT', 'AUT', 'FRA', 'NLD', 'FIN',
       'GRC', 'ESP', 'IRL', 'SVK', 'SVN', 'LTU'],
      dtype='object')
[2026-04-03 14:08:32,320][root][INFO] - Testing on columns 15: Index(['DEU', 'BEL', 'ITA', 'LUX', 'PRT', 'AUT', 'FRA', 'NLD', 'FIN', 'GRC',
       'ESP', 'IRL', 'SVK', 'SVN', 'LTU'],
      dtype='object')
[2026-04-03 14:11:29,679][root][INFO] - Best features Index(['BEL', 'PRT', 'NLD', 'SVK', 'LTU'], dtype='object'), [ 1  4  7 12 14]
[2026-04-03 14:11:37,526][__main__][INFO] - Experiment Finished
solver:
  name: hc_predictor
  model_name: HC
  custom_objective: lagrange
  N_SELECT_FEATURES: 5
  n_runs: 5
  recalculate_dag: true
  feature_selector: SequentialFeatureSelector
  n_outer: 10
  n_inner: 100
  hidden_dim: 32
  depth: 2
  constrained: true
  rho0: 0
  lambda0: 1.0
  rho_mult: 1.0
  learning_rate: 0.25
  lambda_update_rate: 1.0
  weight_decay: 0.25
  loss_type: l2
  reg_type: l2
  a_reg_type: l1
  lambda1: 0.1
  lambda2: 0.1
  nonzero_threshold: 0.001
  constraints_mode: weights
  callback_mode: all_cycles
  robust: false
  tabu_edges: false
  weights_bound: 1.0
  time_limit: 1800
  target_mip_gap: 0.0001
  data_path: ./data/
  knowledge_graph_filename: knowledge_graph_intersection.graphml
  debug: false
problem:
  name: industry_eu
  data_path: data/industry_eu/processed/industry_eu_fred_ExcludingConstruction_16country_quarterly_100x16.csv
  frequency: Q
  impute: none
  dropna_selected: true
  target: FIN
  features:
  - DEU
  - BEL
  - ITA
  - LUX
  - PRT
  - AUT
  - FRA
  - NLD
  - GRC
  - ESP
  - IRL
  - SVK
  - SVN
  - EST
  - LTU
experiment: recommender_industry

[2026-04-03 14:11:37,588][__main__][INFO] - Starting experiment in /Users/xiaoyuhe/Recommender_Pavel/multirun/2026-04-03/13-45-06/5
Index(['FIN', 'DEU', 'BEL', 'ITA', 'LUX', 'PRT', 'AUT', 'FRA', 'NLD', 'GRC',
       'ESP', 'IRL', 'SVK', 'SVN', 'EST', 'LTU'],
      dtype='object')
[2026-04-03 14:11:37,695][root][INFO] - w_est shape (16, 16)
[2026-04-03 14:11:37,695][root][INFO] - target_col FIN
[2026-04-03 14:11:37,695][root][INFO] - row_and_col_names 16
[2026-04-03 14:11:37,695][root][INFO] - prep_data.shape (100, 16)
[2026-04-03 14:11:37,695][root][INFO] - row_and_col_names Index(['FIN', 'DEU', 'BEL', 'ITA', 'LUX', 'PRT', 'AUT', 'FRA', 'NLD', 'GRC',
       'ESP', 'IRL', 'SVK', 'SVN', 'EST', 'LTU'],
      dtype='object')
[2026-04-03 14:11:37,702][root][INFO] - Testing on columns 15: Index(['DEU', 'BEL', 'ITA', 'LUX', 'PRT', 'AUT', 'FRA', 'NLD', 'GRC', 'ESP',
       'IRL', 'SVK', 'SVN', 'EST', 'LTU'],
      dtype='object')
[2026-04-03 14:17:07,471][root][INFO] - Best features Index(['NLD', 'ESP', 'SVK', 'SVN', 'EST'], dtype='object'), [ 7  9 11 12 13]
[2026-04-03 14:17:16,224][__main__][INFO] - Experiment Finished
solver:
  name: hc_predictor
  model_name: HC
  custom_objective: lagrange
  N_SELECT_FEATURES: 5
  n_runs: 5
  recalculate_dag: true
  feature_selector: SequentialFeatureSelector
  n_outer: 10
  n_inner: 100
  hidden_dim: 32
  depth: 2
  constrained: true
  rho0: 0
  lambda0: 1.0
  rho_mult: 1.0
  learning_rate: 0.25
  lambda_update_rate: 1.0
  weight_decay: 0.25
  loss_type: l2
  reg_type: l2
  a_reg_type: l1
  lambda1: 0.1
  lambda2: 0.1
  nonzero_threshold: 0.001
  constraints_mode: weights
  callback_mode: all_cycles
  robust: false
  tabu_edges: false
  weights_bound: 1.0
  time_limit: 1800
  target_mip_gap: 0.0001
  data_path: ./data/
  knowledge_graph_filename: knowledge_graph_intersection.graphml
  debug: false
problem:
  name: industry_eu
  data_path: data/industry_eu/processed/industry_eu_fred_ExcludingConstruction_16country_quarterly_100x16.csv
  frequency: Q
  impute: none
  dropna_selected: true
  target: FRA
  features:
  - DEU
  - BEL
  - ITA
  - LUX
  - PRT
  - AUT
  - NLD
  - FIN
  - GRC
  - ESP
  - IRL
  - SVK
  - SVN
  - EST
  - LTU
experiment: recommender_industry

[2026-04-03 14:17:16,300][__main__][INFO] - Starting experiment in /Users/xiaoyuhe/Recommender_Pavel/multirun/2026-04-03/13-45-06/6
Index(['FRA', 'DEU', 'BEL', 'ITA', 'LUX', 'PRT', 'AUT', 'NLD', 'FIN', 'GRC',
       'ESP', 'IRL', 'SVK', 'SVN', 'EST', 'LTU'],
      dtype='object')
[2026-04-03 14:17:16,412][root][INFO] - w_est shape (16, 16)
[2026-04-03 14:17:16,412][root][INFO] - target_col FRA
[2026-04-03 14:17:16,412][root][INFO] - row_and_col_names 16
[2026-04-03 14:17:16,412][root][INFO] - prep_data.shape (100, 16)
[2026-04-03 14:17:16,412][root][INFO] - row_and_col_names Index(['FRA', 'DEU', 'BEL', 'ITA', 'LUX', 'PRT', 'AUT', 'NLD', 'FIN', 'GRC',
       'ESP', 'IRL', 'SVK', 'SVN', 'EST', 'LTU'],
      dtype='object')
[2026-04-03 14:17:16,420][root][INFO] - Testing on columns 15: Index(['DEU', 'BEL', 'ITA', 'LUX', 'PRT', 'AUT', 'NLD', 'FIN', 'GRC', 'ESP',
       'IRL', 'SVK', 'SVN', 'EST', 'LTU'],
      dtype='object')
[2026-04-03 14:20:08,222][root][INFO] - Best features Index(['BEL', 'LUX', 'AUT', 'NLD', 'EST'], dtype='object'), [ 1  3  5  6 13]
[2026-04-03 14:20:13,870][__main__][INFO] - Experiment Finished
solver:
  name: hc_predictor
  model_name: HC
  custom_objective: lagrange
  N_SELECT_FEATURES: 5
  n_runs: 5
  recalculate_dag: true
  feature_selector: SequentialFeatureSelector
  n_outer: 10
  n_inner: 100
  hidden_dim: 32
  depth: 2
  constrained: true
  rho0: 0
  lambda0: 1.0
  rho_mult: 1.0
  learning_rate: 0.25
  lambda_update_rate: 1.0
  weight_decay: 0.25
  loss_type: l2
  reg_type: l2
  a_reg_type: l1
  lambda1: 0.1
  lambda2: 0.1
  nonzero_threshold: 0.001
  constraints_mode: weights
  callback_mode: all_cycles
  robust: false
  tabu_edges: false
  weights_bound: 1.0
  time_limit: 1800
  target_mip_gap: 0.0001
  data_path: ./data/
  knowledge_graph_filename: knowledge_graph_intersection.graphml
  debug: false
problem:
  name: industry_eu
  data_path: data/industry_eu/processed/industry_eu_fred_ExcludingConstruction_16country_quarterly_100x16.csv
  frequency: Q
  impute: none
  dropna_selected: true
  target: GRC
  features:
  - DEU
  - BEL
  - ITA
  - LUX
  - PRT
  - AUT
  - FRA
  - NLD
  - FIN
  - ESP
  - IRL
  - SVK
  - SVN
  - EST
  - LTU
experiment: recommender_industry

[2026-04-03 14:20:13,938][__main__][INFO] - Starting experiment in /Users/xiaoyuhe/Recommender_Pavel/multirun/2026-04-03/13-45-06/7
Index(['GRC', 'DEU', 'BEL', 'ITA', 'LUX', 'PRT', 'AUT', 'FRA', 'NLD', 'FIN',
       'ESP', 'IRL', 'SVK', 'SVN', 'EST', 'LTU'],
      dtype='object')
[2026-04-03 14:20:14,038][root][INFO] - w_est shape (16, 16)
[2026-04-03 14:20:14,038][root][INFO] - target_col GRC
[2026-04-03 14:20:14,038][root][INFO] - row_and_col_names 16
[2026-04-03 14:20:14,038][root][INFO] - prep_data.shape (100, 16)
[2026-04-03 14:20:14,038][root][INFO] - row_and_col_names Index(['GRC', 'DEU', 'BEL', 'ITA', 'LUX', 'PRT', 'AUT', 'FRA', 'NLD', 'FIN',
       'ESP', 'IRL', 'SVK', 'SVN', 'EST', 'LTU'],
      dtype='object')
[2026-04-03 14:20:14,044][root][INFO] - Testing on columns 15: Index(['DEU', 'BEL', 'ITA', 'LUX', 'PRT', 'AUT', 'FRA', 'NLD', 'FIN', 'ESP',
       'IRL', 'SVK', 'SVN', 'EST', 'LTU'],
      dtype='object')
[2026-04-03 14:23:44,999][root][INFO] - Best features Index(['LUX', 'PRT', 'NLD', 'SVK', 'LTU'], dtype='object'), [ 3  4  7 11 14]
[2026-04-03 14:23:51,873][__main__][INFO] - Experiment Finished
solver:
  name: hc_predictor
  model_name: HC
  custom_objective: lagrange
  N_SELECT_FEATURES: 5
  n_runs: 5
  recalculate_dag: true
  feature_selector: SequentialFeatureSelector
  n_outer: 10
  n_inner: 100
  hidden_dim: 32
  depth: 2
  constrained: true
  rho0: 0
  lambda0: 1.0
  rho_mult: 1.0
  learning_rate: 0.25
  lambda_update_rate: 1.0
  weight_decay: 0.25
  loss_type: l2
  reg_type: l2
  a_reg_type: l1
  lambda1: 0.1
  lambda2: 0.1
  nonzero_threshold: 0.001
  constraints_mode: weights
  callback_mode: all_cycles
  robust: false
  tabu_edges: false
  weights_bound: 1.0
  time_limit: 1800
  target_mip_gap: 0.0001
  data_path: ./data/
  knowledge_graph_filename: knowledge_graph_intersection.graphml
  debug: false
problem:
  name: industry_eu
  data_path: data/industry_eu/processed/industry_eu_fred_ExcludingConstruction_16country_quarterly_100x16.csv
  frequency: Q
  impute: none
  dropna_selected: true
  target: IRL
  features:
  - DEU
  - BEL
  - ITA
  - LUX
  - PRT
  - AUT
  - FRA
  - NLD
  - FIN
  - GRC
  - ESP
  - SVK
  - SVN
  - EST
  - LTU
experiment: recommender_industry

[2026-04-03 14:23:51,952][__main__][INFO] - Starting experiment in /Users/xiaoyuhe/Recommender_Pavel/multirun/2026-04-03/13-45-06/8
Index(['IRL', 'DEU', 'BEL', 'ITA', 'LUX', 'PRT', 'AUT', 'FRA', 'NLD', 'FIN',
       'GRC', 'ESP', 'SVK', 'SVN', 'EST', 'LTU'],
      dtype='object')
[2026-04-03 14:23:52,084][root][INFO] - w_est shape (16, 16)
[2026-04-03 14:23:52,084][root][INFO] - target_col IRL
[2026-04-03 14:23:52,084][root][INFO] - row_and_col_names 16
[2026-04-03 14:23:52,084][root][INFO] - prep_data.shape (100, 16)
[2026-04-03 14:23:52,084][root][INFO] - row_and_col_names Index(['IRL', 'DEU', 'BEL', 'ITA', 'LUX', 'PRT', 'AUT', 'FRA', 'NLD', 'FIN',
       'GRC', 'ESP', 'SVK', 'SVN', 'EST', 'LTU'],
      dtype='object')
[2026-04-03 14:23:52,093][root][INFO] - Testing on columns 15: Index(['DEU', 'BEL', 'ITA', 'LUX', 'PRT', 'AUT', 'FRA', 'NLD', 'FIN', 'GRC',
       'ESP', 'SVK', 'SVN', 'EST', 'LTU'],
      dtype='object')
[2026-04-03 14:27:07,974][root][INFO] - Best features Index(['LUX', 'FIN', 'ESP', 'EST', 'LTU'], dtype='object'), [ 3  8 10 13 14]
[2026-04-03 14:27:15,539][__main__][INFO] - Experiment Finished
solver:
  name: hc_predictor
  model_name: HC
  custom_objective: lagrange
  N_SELECT_FEATURES: 5
  n_runs: 5
  recalculate_dag: true
  feature_selector: SequentialFeatureSelector
  n_outer: 10
  n_inner: 100
  hidden_dim: 32
  depth: 2
  constrained: true
  rho0: 0
  lambda0: 1.0
  rho_mult: 1.0
  learning_rate: 0.25
  lambda_update_rate: 1.0
  weight_decay: 0.25
  loss_type: l2
  reg_type: l2
  a_reg_type: l1
  lambda1: 0.1
  lambda2: 0.1
  nonzero_threshold: 0.001
  constraints_mode: weights
  callback_mode: all_cycles
  robust: false
  tabu_edges: false
  weights_bound: 1.0
  time_limit: 1800
  target_mip_gap: 0.0001
  data_path: ./data/
  knowledge_graph_filename: knowledge_graph_intersection.graphml
  debug: false
problem:
  name: industry_eu
  data_path: data/industry_eu/processed/industry_eu_fred_ExcludingConstruction_16country_quarterly_100x16.csv
  frequency: Q
  impute: none
  dropna_selected: true
  target: ITA
  features:
  - DEU
  - BEL
  - LUX
  - PRT
  - AUT
  - FRA
  - NLD
  - FIN
  - GRC
  - ESP
  - IRL
  - SVK
  - SVN
  - EST
  - LTU
experiment: recommender_industry

[2026-04-03 14:27:15,597][__main__][INFO] - Starting experiment in /Users/xiaoyuhe/Recommender_Pavel/multirun/2026-04-03/13-45-06/9
Index(['ITA', 'DEU', 'BEL', 'LUX', 'PRT', 'AUT', 'FRA', 'NLD', 'FIN', 'GRC',
       'ESP', 'IRL', 'SVK', 'SVN', 'EST', 'LTU'],
      dtype='object')
[2026-04-03 14:27:15,693][root][INFO] - w_est shape (16, 16)
[2026-04-03 14:27:15,693][root][INFO] - target_col ITA
[2026-04-03 14:27:15,693][root][INFO] - row_and_col_names 16
[2026-04-03 14:27:15,693][root][INFO] - prep_data.shape (100, 16)
[2026-04-03 14:27:15,693][root][INFO] - row_and_col_names Index(['ITA', 'DEU', 'BEL', 'LUX', 'PRT', 'AUT', 'FRA', 'NLD', 'FIN', 'GRC',
       'ESP', 'IRL', 'SVK', 'SVN', 'EST', 'LTU'],
      dtype='object')
[2026-04-03 14:27:15,699][root][INFO] - Testing on columns 15: Index(['DEU', 'BEL', 'LUX', 'PRT', 'AUT', 'FRA', 'NLD', 'FIN', 'GRC', 'ESP',
       'IRL', 'SVK', 'SVN', 'EST', 'LTU'],
      dtype='object')
[2026-04-03 14:30:50,082][root][INFO] - Best features Index(['PRT', 'FRA', 'NLD', 'FIN', 'ESP'], dtype='object'), [3 5 6 7 9]
[2026-04-03 14:31:03,335][__main__][INFO] - Experiment Finished
solver:
  name: hc_predictor
  model_name: HC
  custom_objective: lagrange
  N_SELECT_FEATURES: 5
  n_runs: 5
  recalculate_dag: true
  feature_selector: SequentialFeatureSelector
  n_outer: 10
  n_inner: 100
  hidden_dim: 32
  depth: 2
  constrained: true
  rho0: 0
  lambda0: 1.0
  rho_mult: 1.0
  learning_rate: 0.25
  lambda_update_rate: 1.0
  weight_decay: 0.25
  loss_type: l2
  reg_type: l2
  a_reg_type: l1
  lambda1: 0.1
  lambda2: 0.1
  nonzero_threshold: 0.001
  constraints_mode: weights
  callback_mode: all_cycles
  robust: false
  tabu_edges: false
  weights_bound: 1.0
  time_limit: 1800
  target_mip_gap: 0.0001
  data_path: ./data/
  knowledge_graph_filename: knowledge_graph_intersection.graphml
  debug: false
problem:
  name: industry_eu
  data_path: data/industry_eu/processed/industry_eu_fred_ExcludingConstruction_16country_quarterly_100x16.csv
  frequency: Q
  impute: none
  dropna_selected: true
  target: LTU
  features:
  - DEU
  - BEL
  - ITA
  - LUX
  - PRT
  - AUT
  - FRA
  - NLD
  - FIN
  - GRC
  - ESP
  - IRL
  - SVK
  - SVN
  - EST
experiment: recommender_industry

[2026-04-03 14:31:03,392][__main__][INFO] - Starting experiment in /Users/xiaoyuhe/Recommender_Pavel/multirun/2026-04-03/13-45-06/10
Index(['LTU', 'DEU', 'BEL', 'ITA', 'LUX', 'PRT', 'AUT', 'FRA', 'NLD', 'FIN',
       'GRC', 'ESP', 'IRL', 'SVK', 'SVN', 'EST'],
      dtype='object')
[2026-04-03 14:31:03,502][root][INFO] - w_est shape (16, 16)
[2026-04-03 14:31:03,502][root][INFO] - target_col LTU
[2026-04-03 14:31:03,502][root][INFO] - row_and_col_names 16
[2026-04-03 14:31:03,502][root][INFO] - prep_data.shape (100, 16)
[2026-04-03 14:31:03,502][root][INFO] - row_and_col_names Index(['LTU', 'DEU', 'BEL', 'ITA', 'LUX', 'PRT', 'AUT', 'FRA', 'NLD', 'FIN',
       'GRC', 'ESP', 'IRL', 'SVK', 'SVN', 'EST'],
      dtype='object')
[2026-04-03 14:31:03,509][root][INFO] - Testing on columns 15: Index(['DEU', 'BEL', 'ITA', 'LUX', 'PRT', 'AUT', 'FRA', 'NLD', 'FIN', 'GRC',
       'ESP', 'IRL', 'SVK', 'SVN', 'EST'],
      dtype='object')
[2026-04-03 14:34:39,763][root][INFO] - Best features Index(['LUX', 'AUT', 'FRA', 'GRC', 'SVK'], dtype='object'), [ 3  5  6  9 12]
[2026-04-03 14:34:50,762][__main__][INFO] - Experiment Finished
solver:
  name: hc_predictor
  model_name: HC
  custom_objective: lagrange
  N_SELECT_FEATURES: 5
  n_runs: 5
  recalculate_dag: true
  feature_selector: SequentialFeatureSelector
  n_outer: 10
  n_inner: 100
  hidden_dim: 32
  depth: 2
  constrained: true
  rho0: 0
  lambda0: 1.0
  rho_mult: 1.0
  learning_rate: 0.25
  lambda_update_rate: 1.0
  weight_decay: 0.25
  loss_type: l2
  reg_type: l2
  a_reg_type: l1
  lambda1: 0.1
  lambda2: 0.1
  nonzero_threshold: 0.001
  constraints_mode: weights
  callback_mode: all_cycles
  robust: false
  tabu_edges: false
  weights_bound: 1.0
  time_limit: 1800
  target_mip_gap: 0.0001
  data_path: ./data/
  knowledge_graph_filename: knowledge_graph_intersection.graphml
  debug: false
problem:
  name: industry_eu
  data_path: data/industry_eu/processed/industry_eu_fred_ExcludingConstruction_16country_quarterly_100x16.csv
  frequency: Q
  impute: none
  dropna_selected: true
  target: LUX
  features:
  - DEU
  - BEL
  - ITA
  - PRT
  - AUT
  - FRA
  - NLD
  - FIN
  - GRC
  - ESP
  - IRL
  - SVK
  - SVN
  - EST
  - LTU
experiment: recommender_industry

[2026-04-03 14:34:50,830][__main__][INFO] - Starting experiment in /Users/xiaoyuhe/Recommender_Pavel/multirun/2026-04-03/13-45-06/11
Index(['LUX', 'DEU', 'BEL', 'ITA', 'PRT', 'AUT', 'FRA', 'NLD', 'FIN', 'GRC',
       'ESP', 'IRL', 'SVK', 'SVN', 'EST', 'LTU'],
      dtype='object')
[2026-04-03 14:34:50,940][root][INFO] - w_est shape (16, 16)
[2026-04-03 14:34:50,940][root][INFO] - target_col LUX
[2026-04-03 14:34:50,940][root][INFO] - row_and_col_names 16
[2026-04-03 14:34:50,940][root][INFO] - prep_data.shape (100, 16)
[2026-04-03 14:34:50,940][root][INFO] - row_and_col_names Index(['LUX', 'DEU', 'BEL', 'ITA', 'PRT', 'AUT', 'FRA', 'NLD', 'FIN', 'GRC',
       'ESP', 'IRL', 'SVK', 'SVN', 'EST', 'LTU'],
      dtype='object')
[2026-04-03 14:34:50,947][root][INFO] - Testing on columns 15: Index(['DEU', 'BEL', 'ITA', 'PRT', 'AUT', 'FRA', 'NLD', 'FIN', 'GRC', 'ESP',
       'IRL', 'SVK', 'SVN', 'EST', 'LTU'],
      dtype='object')
[2026-04-03 14:38:11,843][root][INFO] - Best features Index(['BEL', 'PRT', 'AUT', 'FRA', 'NLD'], dtype='object'), [1 3 4 5 6]
[2026-04-03 14:38:19,567][__main__][INFO] - Experiment Finished
solver:
  name: hc_predictor
  model_name: HC
  custom_objective: lagrange
  N_SELECT_FEATURES: 5
  n_runs: 5
  recalculate_dag: true
  feature_selector: SequentialFeatureSelector
  n_outer: 10
  n_inner: 100
  hidden_dim: 32
  depth: 2
  constrained: true
  rho0: 0
  lambda0: 1.0
  rho_mult: 1.0
  learning_rate: 0.25
  lambda_update_rate: 1.0
  weight_decay: 0.25
  loss_type: l2
  reg_type: l2
  a_reg_type: l1
  lambda1: 0.1
  lambda2: 0.1
  nonzero_threshold: 0.001
  constraints_mode: weights
  callback_mode: all_cycles
  robust: false
  tabu_edges: false
  weights_bound: 1.0
  time_limit: 1800
  target_mip_gap: 0.0001
  data_path: ./data/
  knowledge_graph_filename: knowledge_graph_intersection.graphml
  debug: false
problem:
  name: industry_eu
  data_path: data/industry_eu/processed/industry_eu_fred_ExcludingConstruction_16country_quarterly_100x16.csv
  frequency: Q
  impute: none
  dropna_selected: true
  target: NLD
  features:
  - DEU
  - BEL
  - ITA
  - LUX
  - PRT
  - AUT
  - FRA
  - FIN
  - GRC
  - ESP
  - IRL
  - SVK
  - SVN
  - EST
  - LTU
experiment: recommender_industry

[2026-04-03 14:38:19,640][__main__][INFO] - Starting experiment in /Users/xiaoyuhe/Recommender_Pavel/multirun/2026-04-03/13-45-06/12
Index(['NLD', 'DEU', 'BEL', 'ITA', 'LUX', 'PRT', 'AUT', 'FRA', 'FIN', 'GRC',
       'ESP', 'IRL', 'SVK', 'SVN', 'EST', 'LTU'],
      dtype='object')
[2026-04-03 14:38:19,759][root][INFO] - w_est shape (16, 16)
[2026-04-03 14:38:19,759][root][INFO] - target_col NLD
[2026-04-03 14:38:19,759][root][INFO] - row_and_col_names 16
[2026-04-03 14:38:19,759][root][INFO] - prep_data.shape (100, 16)
[2026-04-03 14:38:19,759][root][INFO] - row_and_col_names Index(['NLD', 'DEU', 'BEL', 'ITA', 'LUX', 'PRT', 'AUT', 'FRA', 'FIN', 'GRC',
       'ESP', 'IRL', 'SVK', 'SVN', 'EST', 'LTU'],
      dtype='object')
[2026-04-03 14:38:19,765][root][INFO] - Testing on columns 15: Index(['DEU', 'BEL', 'ITA', 'LUX', 'PRT', 'AUT', 'FRA', 'FIN', 'GRC', 'ESP',
       'IRL', 'SVK', 'SVN', 'EST', 'LTU'],
      dtype='object')
[2026-04-03 14:47:10,893][root][INFO] - Best features Index(['BEL', 'GRC', 'IRL', 'SVN', 'LTU'], dtype='object'), [ 1  8 10 12 14]
[2026-04-03 14:48:22,986][__main__][INFO] - Experiment Finished
solver:
  name: hc_predictor
  model_name: HC
  custom_objective: lagrange
  N_SELECT_FEATURES: 5
  n_runs: 5
  recalculate_dag: true
  feature_selector: SequentialFeatureSelector
  n_outer: 10
  n_inner: 100
  hidden_dim: 32
  depth: 2
  constrained: true
  rho0: 0
  lambda0: 1.0
  rho_mult: 1.0
  learning_rate: 0.25
  lambda_update_rate: 1.0
  weight_decay: 0.25
  loss_type: l2
  reg_type: l2
  a_reg_type: l1
  lambda1: 0.1
  lambda2: 0.1
  nonzero_threshold: 0.001
  constraints_mode: weights
  callback_mode: all_cycles
  robust: false
  tabu_edges: false
  weights_bound: 1.0
  time_limit: 1800
  target_mip_gap: 0.0001
  data_path: ./data/
  knowledge_graph_filename: knowledge_graph_intersection.graphml
  debug: false
problem:
  name: industry_eu
  data_path: data/industry_eu/processed/industry_eu_fred_ExcludingConstruction_16country_quarterly_100x16.csv
  frequency: Q
  impute: none
  dropna_selected: true
  target: PRT
  features:
  - DEU
  - BEL
  - ITA
  - LUX
  - AUT
  - FRA
  - NLD
  - FIN
  - GRC
  - ESP
  - IRL
  - SVK
  - SVN
  - EST
  - LTU
experiment: recommender_industry

[2026-04-03 14:48:23,050][__main__][INFO] - Starting experiment in /Users/xiaoyuhe/Recommender_Pavel/multirun/2026-04-03/13-45-06/13
Index(['PRT', 'DEU', 'BEL', 'ITA', 'LUX', 'AUT', 'FRA', 'NLD', 'FIN', 'GRC',
       'ESP', 'IRL', 'SVK', 'SVN', 'EST', 'LTU'],
      dtype='object')
[2026-04-03 14:48:23,155][root][INFO] - w_est shape (16, 16)
[2026-04-03 14:48:23,155][root][INFO] - target_col PRT
[2026-04-03 14:48:23,155][root][INFO] - row_and_col_names 16
[2026-04-03 14:48:23,155][root][INFO] - prep_data.shape (100, 16)
[2026-04-03 14:48:23,155][root][INFO] - row_and_col_names Index(['PRT', 'DEU', 'BEL', 'ITA', 'LUX', 'AUT', 'FRA', 'NLD', 'FIN', 'GRC',
       'ESP', 'IRL', 'SVK', 'SVN', 'EST', 'LTU'],
      dtype='object')
[2026-04-03 14:48:23,161][root][INFO] - Testing on columns 15: Index(['DEU', 'BEL', 'ITA', 'LUX', 'AUT', 'FRA', 'NLD', 'FIN', 'GRC', 'ESP',
       'IRL', 'SVK', 'SVN', 'EST', 'LTU'],
      dtype='object')
[2026-04-03 14:52:01,299][root][INFO] - Best features Index(['AUT', 'NLD', 'GRC', 'ESP', 'EST'], dtype='object'), [ 4  6  8  9 13]
[2026-04-03 14:52:12,145][__main__][INFO] - Experiment Finished
solver:
  name: hc_predictor
  model_name: HC
  custom_objective: lagrange
  N_SELECT_FEATURES: 5
  n_runs: 5
  recalculate_dag: true
  feature_selector: SequentialFeatureSelector
  n_outer: 10
  n_inner: 100
  hidden_dim: 32
  depth: 2
  constrained: true
  rho0: 0
  lambda0: 1.0
  rho_mult: 1.0
  learning_rate: 0.25
  lambda_update_rate: 1.0
  weight_decay: 0.25
  loss_type: l2
  reg_type: l2
  a_reg_type: l1
  lambda1: 0.1
  lambda2: 0.1
  nonzero_threshold: 0.001
  constraints_mode: weights
  callback_mode: all_cycles
  robust: false
  tabu_edges: false
  weights_bound: 1.0
  time_limit: 1800
  target_mip_gap: 0.0001
  data_path: ./data/
  knowledge_graph_filename: knowledge_graph_intersection.graphml
  debug: false
problem:
  name: industry_eu
  data_path: data/industry_eu/processed/industry_eu_fred_ExcludingConstruction_16country_quarterly_100x16.csv
  frequency: Q
  impute: none
  dropna_selected: true
  target: SVK
  features:
  - DEU
  - BEL
  - ITA
  - LUX
  - PRT
  - AUT
  - FRA
  - NLD
  - FIN
  - GRC
  - ESP
  - IRL
  - SVN
  - EST
  - LTU
experiment: recommender_industry

[2026-04-03 14:52:12,458][__main__][INFO] - Starting experiment in /Users/xiaoyuhe/Recommender_Pavel/multirun/2026-04-03/13-45-06/14
Index(['SVK', 'DEU', 'BEL', 'ITA', 'LUX', 'PRT', 'AUT', 'FRA', 'NLD', 'FIN',
       'GRC', 'ESP', 'IRL', 'SVN', 'EST', 'LTU'],
      dtype='object')
[2026-04-03 14:52:12,582][root][INFO] - w_est shape (16, 16)
[2026-04-03 14:52:12,582][root][INFO] - target_col SVK
[2026-04-03 14:52:12,582][root][INFO] - row_and_col_names 16
[2026-04-03 14:52:12,582][root][INFO] - prep_data.shape (100, 16)
[2026-04-03 14:52:12,582][root][INFO] - row_and_col_names Index(['SVK', 'DEU', 'BEL', 'ITA', 'LUX', 'PRT', 'AUT', 'FRA', 'NLD', 'FIN',
       'GRC', 'ESP', 'IRL', 'SVN', 'EST', 'LTU'],
      dtype='object')
[2026-04-03 14:52:12,589][root][INFO] - Testing on columns 15: Index(['DEU', 'BEL', 'ITA', 'LUX', 'PRT', 'AUT', 'FRA', 'NLD', 'FIN', 'GRC',
       'ESP', 'IRL', 'SVN', 'EST', 'LTU'],
      dtype='object')
[2026-04-03 14:59:02,737][root][INFO] - Best features Index(['DEU', 'GRC', 'ESP', 'IRL', 'LTU'], dtype='object'), [ 0  9 10 11 14]
[2026-04-03 14:59:35,872][__main__][INFO] - Experiment Finished
solver:
  name: hc_predictor
  model_name: HC
  custom_objective: lagrange
  N_SELECT_FEATURES: 5
  n_runs: 5
  recalculate_dag: true
  feature_selector: SequentialFeatureSelector
  n_outer: 10
  n_inner: 100
  hidden_dim: 32
  depth: 2
  constrained: true
  rho0: 0
  lambda0: 1.0
  rho_mult: 1.0
  learning_rate: 0.25
  lambda_update_rate: 1.0
  weight_decay: 0.25
  loss_type: l2
  reg_type: l2
  a_reg_type: l1
  lambda1: 0.1
  lambda2: 0.1
  nonzero_threshold: 0.001
  constraints_mode: weights
  callback_mode: all_cycles
  robust: false
  tabu_edges: false
  weights_bound: 1.0
  time_limit: 1800
  target_mip_gap: 0.0001
  data_path: ./data/
  knowledge_graph_filename: knowledge_graph_intersection.graphml
  debug: false
problem:
  name: industry_eu
  data_path: data/industry_eu/processed/industry_eu_fred_ExcludingConstruction_16country_quarterly_100x16.csv
  frequency: Q
  impute: none
  dropna_selected: true
  target: SVN
  features:
  - DEU
  - BEL
  - ITA
  - LUX
  - PRT
  - AUT
  - FRA
  - NLD
  - FIN
  - GRC
  - ESP
  - IRL
  - SVK
  - EST
  - LTU
experiment: recommender_industry

[2026-04-03 14:59:36,195][__main__][INFO] - Starting experiment in /Users/xiaoyuhe/Recommender_Pavel/multirun/2026-04-03/13-45-06/15
Index(['SVN', 'DEU', 'BEL', 'ITA', 'LUX', 'PRT', 'AUT', 'FRA', 'NLD', 'FIN',
       'GRC', 'ESP', 'IRL', 'SVK', 'EST', 'LTU'],
      dtype='object')
[2026-04-03 14:59:36,301][root][INFO] - w_est shape (16, 16)
[2026-04-03 14:59:36,301][root][INFO] - target_col SVN
[2026-04-03 14:59:36,301][root][INFO] - row_and_col_names 16
[2026-04-03 14:59:36,301][root][INFO] - prep_data.shape (100, 16)
[2026-04-03 14:59:36,301][root][INFO] - row_and_col_names Index(['SVN', 'DEU', 'BEL', 'ITA', 'LUX', 'PRT', 'AUT', 'FRA', 'NLD', 'FIN',
       'GRC', 'ESP', 'IRL', 'SVK', 'EST', 'LTU'],
      dtype='object')
[2026-04-03 14:59:36,307][root][INFO] - Testing on columns 15: Index(['DEU', 'BEL', 'ITA', 'LUX', 'PRT', 'AUT', 'FRA', 'NLD', 'FIN', 'GRC',
       'ESP', 'IRL', 'SVK', 'EST', 'LTU'],
      dtype='object')
[2026-04-03 15:02:45,022][root][INFO] - Best features Index(['PRT', 'AUT', 'NLD', 'SVK', 'LTU'], dtype='object'), [ 4  5  7 12 14]
[2026-04-03 15:02:52,811][__main__][INFO] - Experiment Finished
