[2026-04-03 15:25:48,212][HYDRA] Joblib.Parallel(n_jobs=1,backend=loky,prefer=processes,require=None,verbose=0,timeout=None,pre_dispatch=2*n_jobs,batch_size=auto,temp_folder=None,max_nbytes=None,mmap_mode=r) is launching 9 jobs
[2026-04-03 15:25:48,212][HYDRA] Launching jobs, sweep output dir : multirun/2026-04-03/15-25-47
[2026-04-03 15:25:48,212][HYDRA] 	#0 : experiment=recommender_industry solver=hc_predictor problem=FRED_9country_quarterly/industry_eu_aut
[2026-04-03 15:25:48,212][HYDRA] 	#1 : experiment=recommender_industry solver=hc_predictor problem=FRED_9country_quarterly/industry_eu_bel
[2026-04-03 15:25:48,212][HYDRA] 	#2 : experiment=recommender_industry solver=hc_predictor problem=FRED_9country_quarterly/industry_eu_deu
[2026-04-03 15:25:48,212][HYDRA] 	#3 : experiment=recommender_industry solver=hc_predictor problem=FRED_9country_quarterly/industry_eu_fin
[2026-04-03 15:25:48,212][HYDRA] 	#4 : experiment=recommender_industry solver=hc_predictor problem=FRED_9country_quarterly/industry_eu_fra
[2026-04-03 15:25:48,212][HYDRA] 	#5 : experiment=recommender_industry solver=hc_predictor problem=FRED_9country_quarterly/industry_eu_ita
[2026-04-03 15:25:48,212][HYDRA] 	#6 : experiment=recommender_industry solver=hc_predictor problem=FRED_9country_quarterly/industry_eu_lux
[2026-04-03 15:25:48,212][HYDRA] 	#7 : experiment=recommender_industry solver=hc_predictor problem=FRED_9country_quarterly/industry_eu_nld
[2026-04-03 15:25:48,212][HYDRA] 	#8 : experiment=recommender_industry solver=hc_predictor problem=FRED_9country_quarterly/industry_eu_prt
solver:
  name: hc_predictor
  model_name: HC
  custom_objective: lagrange
  N_SELECT_FEATURES: 5
  n_runs: 5
  recalculate_dag: true
  feature_selector: SequentialFeatureSelector
  n_outer: 10
  n_inner: 100
  hidden_dim: 32
  depth: 2
  constrained: true
  rho0: 0
  lambda0: 1.0
  rho_mult: 1.0
  learning_rate: 0.25
  lambda_update_rate: 1.0
  weight_decay: 0.25
  loss_type: l2
  reg_type: l2
  a_reg_type: l1
  lambda1: 0.1
  lambda2: 0.1
  nonzero_threshold: 0.001
  constraints_mode: weights
  callback_mode: all_cycles
  robust: false
  tabu_edges: false
  weights_bound: 1.0
  time_limit: 1800
  target_mip_gap: 0.0001
  data_path: ./data/
  knowledge_graph_filename: knowledge_graph_intersection.graphml
  debug: false
problem:
  name: industry_eu
  data_path: data/industry_eu/processed/industry_eu_fred_ExcludingConstruction_9country_quarterly_260x9.csv
  frequency: Q
  impute: none
  dropna_selected: true
  target: AUT
  features:
  - DEU
  - BEL
  - PRT
  - ITA
  - LUX
  - FRA
  - NLD
  - FIN
experiment: recommender_industry

[2026-04-03 15:25:49,125][__main__][INFO] - Starting experiment in /Users/xiaoyuhe/Recommender_Pavel/multirun/2026-04-03/15-25-47/0
Index(['AUT', 'DEU', 'BEL', 'PRT', 'ITA', 'LUX', 'FRA', 'NLD', 'FIN'], dtype='object')
[2026-04-03 15:25:49,272][root][INFO] - w_est shape (9, 9)
[2026-04-03 15:25:49,272][root][INFO] - target_col AUT
[2026-04-03 15:25:49,272][root][INFO] - row_and_col_names 9
[2026-04-03 15:25:49,273][root][INFO] - prep_data.shape (260, 9)
[2026-04-03 15:25:49,273][root][INFO] - row_and_col_names Index(['AUT', 'DEU', 'BEL', 'PRT', 'ITA', 'LUX', 'FRA', 'NLD', 'FIN'], dtype='object')
[2026-04-03 15:25:49,281][root][INFO] - Testing on columns 8: Index(['DEU', 'BEL', 'PRT', 'ITA', 'LUX', 'FRA', 'NLD', 'FIN'], dtype='object')
[2026-04-03 15:29:27,174][root][INFO] - Best features Index(['BEL', 'PRT', 'ITA', 'LUX', 'FRA'], dtype='object'), [1 2 3 4 5]
[2026-04-03 15:29:59,343][__main__][INFO] - Experiment Finished
solver:
  name: hc_predictor
  model_name: HC
  custom_objective: lagrange
  N_SELECT_FEATURES: 5
  n_runs: 5
  recalculate_dag: true
  feature_selector: SequentialFeatureSelector
  n_outer: 10
  n_inner: 100
  hidden_dim: 32
  depth: 2
  constrained: true
  rho0: 0
  lambda0: 1.0
  rho_mult: 1.0
  learning_rate: 0.25
  lambda_update_rate: 1.0
  weight_decay: 0.25
  loss_type: l2
  reg_type: l2
  a_reg_type: l1
  lambda1: 0.1
  lambda2: 0.1
  nonzero_threshold: 0.001
  constraints_mode: weights
  callback_mode: all_cycles
  robust: false
  tabu_edges: false
  weights_bound: 1.0
  time_limit: 1800
  target_mip_gap: 0.0001
  data_path: ./data/
  knowledge_graph_filename: knowledge_graph_intersection.graphml
  debug: false
problem:
  name: industry_eu
  data_path: data/industry_eu/processed/industry_eu_fred_ExcludingConstruction_9country_quarterly_260x9.csv
  frequency: Q
  impute: none
  dropna_selected: true
  target: BEL
  features:
  - DEU
  - AUT
  - PRT
  - ITA
  - LUX
  - FRA
  - NLD
  - FIN
experiment: recommender_industry

[2026-04-03 15:29:59,410][__main__][INFO] - Starting experiment in /Users/xiaoyuhe/Recommender_Pavel/multirun/2026-04-03/15-25-47/1
Index(['BEL', 'DEU', 'AUT', 'PRT', 'ITA', 'LUX', 'FRA', 'NLD', 'FIN'], dtype='object')
[2026-04-03 15:29:59,509][root][INFO] - w_est shape (9, 9)
[2026-04-03 15:29:59,509][root][INFO] - target_col BEL
[2026-04-03 15:29:59,509][root][INFO] - row_and_col_names 9
[2026-04-03 15:29:59,509][root][INFO] - prep_data.shape (260, 9)
[2026-04-03 15:29:59,509][root][INFO] - row_and_col_names Index(['BEL', 'DEU', 'AUT', 'PRT', 'ITA', 'LUX', 'FRA', 'NLD', 'FIN'], dtype='object')
[2026-04-03 15:29:59,516][root][INFO] - Testing on columns 8: Index(['DEU', 'AUT', 'PRT', 'ITA', 'LUX', 'FRA', 'NLD', 'FIN'], dtype='object')
[2026-04-03 15:31:49,456][root][INFO] - Best features Index(['AUT', 'PRT', 'FRA', 'NLD', 'FIN'], dtype='object'), [1 2 5 6 7]
[2026-04-03 15:32:00,484][__main__][INFO] - Experiment Finished
solver:
  name: hc_predictor
  model_name: HC
  custom_objective: lagrange
  N_SELECT_FEATURES: 5
  n_runs: 5
  recalculate_dag: true
  feature_selector: SequentialFeatureSelector
  n_outer: 10
  n_inner: 100
  hidden_dim: 32
  depth: 2
  constrained: true
  rho0: 0
  lambda0: 1.0
  rho_mult: 1.0
  learning_rate: 0.25
  lambda_update_rate: 1.0
  weight_decay: 0.25
  loss_type: l2
  reg_type: l2
  a_reg_type: l1
  lambda1: 0.1
  lambda2: 0.1
  nonzero_threshold: 0.001
  constraints_mode: weights
  callback_mode: all_cycles
  robust: false
  tabu_edges: false
  weights_bound: 1.0
  time_limit: 1800
  target_mip_gap: 0.0001
  data_path: ./data/
  knowledge_graph_filename: knowledge_graph_intersection.graphml
  debug: false
problem:
  name: industry_eu
  data_path: data/industry_eu/processed/industry_eu_fred_ExcludingConstruction_9country_quarterly_260x9.csv
  frequency: Q
  impute: none
  dropna_selected: true
  target: DEU
  features:
  - AUT
  - BEL
  - PRT
  - ITA
  - LUX
  - FRA
  - NLD
  - FIN
experiment: recommender_industry

[2026-04-03 15:32:00,543][__main__][INFO] - Starting experiment in /Users/xiaoyuhe/Recommender_Pavel/multirun/2026-04-03/15-25-47/2
Index(['DEU', 'AUT', 'BEL', 'PRT', 'ITA', 'LUX', 'FRA', 'NLD', 'FIN'], dtype='object')
[2026-04-03 15:32:00,642][root][INFO] - w_est shape (9, 9)
[2026-04-03 15:32:00,642][root][INFO] - target_col DEU
[2026-04-03 15:32:00,642][root][INFO] - row_and_col_names 9
[2026-04-03 15:32:00,642][root][INFO] - prep_data.shape (260, 9)
[2026-04-03 15:32:00,642][root][INFO] - row_and_col_names Index(['DEU', 'AUT', 'BEL', 'PRT', 'ITA', 'LUX', 'FRA', 'NLD', 'FIN'], dtype='object')
[2026-04-03 15:32:00,648][root][INFO] - Testing on columns 8: Index(['AUT', 'BEL', 'PRT', 'ITA', 'LUX', 'FRA', 'NLD', 'FIN'], dtype='object')
[2026-04-03 15:33:29,382][root][INFO] - Best features Index(['AUT', 'PRT', 'FRA', 'NLD', 'FIN'], dtype='object'), [0 2 5 6 7]
[2026-04-03 15:33:36,990][__main__][INFO] - Experiment Finished
solver:
  name: hc_predictor
  model_name: HC
  custom_objective: lagrange
  N_SELECT_FEATURES: 5
  n_runs: 5
  recalculate_dag: true
  feature_selector: SequentialFeatureSelector
  n_outer: 10
  n_inner: 100
  hidden_dim: 32
  depth: 2
  constrained: true
  rho0: 0
  lambda0: 1.0
  rho_mult: 1.0
  learning_rate: 0.25
  lambda_update_rate: 1.0
  weight_decay: 0.25
  loss_type: l2
  reg_type: l2
  a_reg_type: l1
  lambda1: 0.1
  lambda2: 0.1
  nonzero_threshold: 0.001
  constraints_mode: weights
  callback_mode: all_cycles
  robust: false
  tabu_edges: false
  weights_bound: 1.0
  time_limit: 1800
  target_mip_gap: 0.0001
  data_path: ./data/
  knowledge_graph_filename: knowledge_graph_intersection.graphml
  debug: false
problem:
  name: industry_eu
  data_path: data/industry_eu/processed/industry_eu_fred_ExcludingConstruction_9country_quarterly_260x9.csv
  frequency: Q
  impute: none
  dropna_selected: true
  target: FIN
  features:
  - DEU
  - AUT
  - BEL
  - PRT
  - ITA
  - LUX
  - FRA
  - NLD
experiment: recommender_industry

[2026-04-03 15:33:37,059][__main__][INFO] - Starting experiment in /Users/xiaoyuhe/Recommender_Pavel/multirun/2026-04-03/15-25-47/3
Index(['FIN', 'DEU', 'AUT', 'BEL', 'PRT', 'ITA', 'LUX', 'FRA', 'NLD'], dtype='object')
[2026-04-03 15:33:37,152][root][INFO] - w_est shape (9, 9)
[2026-04-03 15:33:37,152][root][INFO] - target_col FIN
[2026-04-03 15:33:37,153][root][INFO] - row_and_col_names 9
[2026-04-03 15:33:37,153][root][INFO] - prep_data.shape (260, 9)
[2026-04-03 15:33:37,153][root][INFO] - row_and_col_names Index(['FIN', 'DEU', 'AUT', 'BEL', 'PRT', 'ITA', 'LUX', 'FRA', 'NLD'], dtype='object')
[2026-04-03 15:33:37,158][root][INFO] - Testing on columns 8: Index(['DEU', 'AUT', 'BEL', 'PRT', 'ITA', 'LUX', 'FRA', 'NLD'], dtype='object')
[2026-04-03 15:36:05,358][root][INFO] - Best features Index(['DEU', 'BEL', 'PRT', 'ITA', 'NLD'], dtype='object'), [0 2 3 4 7]
[2026-04-03 15:36:34,948][__main__][INFO] - Experiment Finished
solver:
  name: hc_predictor
  model_name: HC
  custom_objective: lagrange
  N_SELECT_FEATURES: 5
  n_runs: 5
  recalculate_dag: true
  feature_selector: SequentialFeatureSelector
  n_outer: 10
  n_inner: 100
  hidden_dim: 32
  depth: 2
  constrained: true
  rho0: 0
  lambda0: 1.0
  rho_mult: 1.0
  learning_rate: 0.25
  lambda_update_rate: 1.0
  weight_decay: 0.25
  loss_type: l2
  reg_type: l2
  a_reg_type: l1
  lambda1: 0.1
  lambda2: 0.1
  nonzero_threshold: 0.001
  constraints_mode: weights
  callback_mode: all_cycles
  robust: false
  tabu_edges: false
  weights_bound: 1.0
  time_limit: 1800
  target_mip_gap: 0.0001
  data_path: ./data/
  knowledge_graph_filename: knowledge_graph_intersection.graphml
  debug: false
problem:
  name: industry_eu
  data_path: data/industry_eu/processed/industry_eu_fred_ExcludingConstruction_9country_quarterly_260x9.csv
  frequency: Q
  impute: none
  dropna_selected: true
  target: FRA
  features:
  - DEU
  - AUT
  - BEL
  - PRT
  - ITA
  - LUX
  - NLD
  - FIN
experiment: recommender_industry

[2026-04-03 15:36:35,007][__main__][INFO] - Starting experiment in /Users/xiaoyuhe/Recommender_Pavel/multirun/2026-04-03/15-25-47/4
Index(['FRA', 'DEU', 'AUT', 'BEL', 'PRT', 'ITA', 'LUX', 'NLD', 'FIN'], dtype='object')
[2026-04-03 15:36:35,106][root][INFO] - w_est shape (9, 9)
[2026-04-03 15:36:35,107][root][INFO] - target_col FRA
[2026-04-03 15:36:35,107][root][INFO] - row_and_col_names 9
[2026-04-03 15:36:35,107][root][INFO] - prep_data.shape (260, 9)
[2026-04-03 15:36:35,107][root][INFO] - row_and_col_names Index(['FRA', 'DEU', 'AUT', 'BEL', 'PRT', 'ITA', 'LUX', 'NLD', 'FIN'], dtype='object')
[2026-04-03 15:36:35,112][root][INFO] - Testing on columns 8: Index(['DEU', 'AUT', 'BEL', 'PRT', 'ITA', 'LUX', 'NLD', 'FIN'], dtype='object')
[2026-04-03 15:38:00,396][root][INFO] - Best features Index(['DEU', 'AUT', 'BEL', 'LUX', 'FIN'], dtype='object'), [0 1 2 5 7]
[2026-04-03 15:38:07,134][__main__][INFO] - Experiment Finished
solver:
  name: hc_predictor
  model_name: HC
  custom_objective: lagrange
  N_SELECT_FEATURES: 5
  n_runs: 5
  recalculate_dag: true
  feature_selector: SequentialFeatureSelector
  n_outer: 10
  n_inner: 100
  hidden_dim: 32
  depth: 2
  constrained: true
  rho0: 0
  lambda0: 1.0
  rho_mult: 1.0
  learning_rate: 0.25
  lambda_update_rate: 1.0
  weight_decay: 0.25
  loss_type: l2
  reg_type: l2
  a_reg_type: l1
  lambda1: 0.1
  lambda2: 0.1
  nonzero_threshold: 0.001
  constraints_mode: weights
  callback_mode: all_cycles
  robust: false
  tabu_edges: false
  weights_bound: 1.0
  time_limit: 1800
  target_mip_gap: 0.0001
  data_path: ./data/
  knowledge_graph_filename: knowledge_graph_intersection.graphml
  debug: false
problem:
  name: industry_eu
  data_path: data/industry_eu/processed/industry_eu_fred_ExcludingConstruction_9country_quarterly_260x9.csv
  frequency: Q
  impute: none
  dropna_selected: true
  target: ITA
  features:
  - DEU
  - AUT
  - BEL
  - PRT
  - LUX
  - FRA
  - NLD
  - FIN
experiment: recommender_industry

[2026-04-03 15:38:07,192][__main__][INFO] - Starting experiment in /Users/xiaoyuhe/Recommender_Pavel/multirun/2026-04-03/15-25-47/5
Index(['ITA', 'DEU', 'AUT', 'BEL', 'PRT', 'LUX', 'FRA', 'NLD', 'FIN'], dtype='object')
[2026-04-03 15:38:07,291][root][INFO] - w_est shape (9, 9)
[2026-04-03 15:38:07,291][root][INFO] - target_col ITA
[2026-04-03 15:38:07,291][root][INFO] - row_and_col_names 9
[2026-04-03 15:38:07,291][root][INFO] - prep_data.shape (260, 9)
[2026-04-03 15:38:07,291][root][INFO] - row_and_col_names Index(['ITA', 'DEU', 'AUT', 'BEL', 'PRT', 'LUX', 'FRA', 'NLD', 'FIN'], dtype='object')
[2026-04-03 15:38:07,297][root][INFO] - Testing on columns 8: Index(['DEU', 'AUT', 'BEL', 'PRT', 'LUX', 'FRA', 'NLD', 'FIN'], dtype='object')
[2026-04-03 15:39:30,430][root][INFO] - Best features Index(['AUT', 'PRT', 'LUX', 'FRA', 'NLD'], dtype='object'), [1 3 4 5 6]
[2026-04-03 15:39:37,076][__main__][INFO] - Experiment Finished
solver:
  name: hc_predictor
  model_name: HC
  custom_objective: lagrange
  N_SELECT_FEATURES: 5
  n_runs: 5
  recalculate_dag: true
  feature_selector: SequentialFeatureSelector
  n_outer: 10
  n_inner: 100
  hidden_dim: 32
  depth: 2
  constrained: true
  rho0: 0
  lambda0: 1.0
  rho_mult: 1.0
  learning_rate: 0.25
  lambda_update_rate: 1.0
  weight_decay: 0.25
  loss_type: l2
  reg_type: l2
  a_reg_type: l1
  lambda1: 0.1
  lambda2: 0.1
  nonzero_threshold: 0.001
  constraints_mode: weights
  callback_mode: all_cycles
  robust: false
  tabu_edges: false
  weights_bound: 1.0
  time_limit: 1800
  target_mip_gap: 0.0001
  data_path: ./data/
  knowledge_graph_filename: knowledge_graph_intersection.graphml
  debug: false
problem:
  name: industry_eu
  data_path: data/industry_eu/processed/industry_eu_fred_ExcludingConstruction_9country_quarterly_260x9.csv
  frequency: Q
  impute: none
  dropna_selected: true
  target: LUX
  features:
  - DEU
  - AUT
  - BEL
  - PRT
  - ITA
  - FRA
  - NLD
  - FIN
experiment: recommender_industry

[2026-04-03 15:39:37,141][__main__][INFO] - Starting experiment in /Users/xiaoyuhe/Recommender_Pavel/multirun/2026-04-03/15-25-47/6
Index(['LUX', 'DEU', 'AUT', 'BEL', 'PRT', 'ITA', 'FRA', 'NLD', 'FIN'], dtype='object')
[2026-04-03 15:39:37,235][root][INFO] - w_est shape (9, 9)
[2026-04-03 15:39:37,235][root][INFO] - target_col LUX
[2026-04-03 15:39:37,235][root][INFO] - row_and_col_names 9
[2026-04-03 15:39:37,235][root][INFO] - prep_data.shape (260, 9)
[2026-04-03 15:39:37,236][root][INFO] - row_and_col_names Index(['LUX', 'DEU', 'AUT', 'BEL', 'PRT', 'ITA', 'FRA', 'NLD', 'FIN'], dtype='object')
[2026-04-03 15:39:37,241][root][INFO] - Testing on columns 8: Index(['DEU', 'AUT', 'BEL', 'PRT', 'ITA', 'FRA', 'NLD', 'FIN'], dtype='object')
[2026-04-03 15:40:57,259][root][INFO] - Best features Index(['AUT', 'PRT', 'FRA', 'NLD', 'FIN'], dtype='object'), [1 3 5 6 7]
[2026-04-03 15:41:04,375][__main__][INFO] - Experiment Finished
solver:
  name: hc_predictor
  model_name: HC
  custom_objective: lagrange
  N_SELECT_FEATURES: 5
  n_runs: 5
  recalculate_dag: true
  feature_selector: SequentialFeatureSelector
  n_outer: 10
  n_inner: 100
  hidden_dim: 32
  depth: 2
  constrained: true
  rho0: 0
  lambda0: 1.0
  rho_mult: 1.0
  learning_rate: 0.25
  lambda_update_rate: 1.0
  weight_decay: 0.25
  loss_type: l2
  reg_type: l2
  a_reg_type: l1
  lambda1: 0.1
  lambda2: 0.1
  nonzero_threshold: 0.001
  constraints_mode: weights
  callback_mode: all_cycles
  robust: false
  tabu_edges: false
  weights_bound: 1.0
  time_limit: 1800
  target_mip_gap: 0.0001
  data_path: ./data/
  knowledge_graph_filename: knowledge_graph_intersection.graphml
  debug: false
problem:
  name: industry_eu
  data_path: data/industry_eu/processed/industry_eu_fred_ExcludingConstruction_9country_quarterly_260x9.csv
  frequency: Q
  impute: none
  dropna_selected: true
  target: NLD
  features:
  - DEU
  - AUT
  - BEL
  - PRT
  - ITA
  - LUX
  - FRA
  - FIN
experiment: recommender_industry

[2026-04-03 15:41:04,432][__main__][INFO] - Starting experiment in /Users/xiaoyuhe/Recommender_Pavel/multirun/2026-04-03/15-25-47/7
Index(['NLD', 'DEU', 'AUT', 'BEL', 'PRT', 'ITA', 'LUX', 'FRA', 'FIN'], dtype='object')
[2026-04-03 15:41:04,537][root][INFO] - w_est shape (9, 9)
[2026-04-03 15:41:04,537][root][INFO] - target_col NLD
[2026-04-03 15:41:04,537][root][INFO] - row_and_col_names 9
[2026-04-03 15:41:04,537][root][INFO] - prep_data.shape (260, 9)
[2026-04-03 15:41:04,538][root][INFO] - row_and_col_names Index(['NLD', 'DEU', 'AUT', 'BEL', 'PRT', 'ITA', 'LUX', 'FRA', 'FIN'], dtype='object')
[2026-04-03 15:41:04,543][root][INFO] - Testing on columns 8: Index(['DEU', 'AUT', 'BEL', 'PRT', 'ITA', 'LUX', 'FRA', 'FIN'], dtype='object')
[2026-04-03 15:43:41,652][root][INFO] - Best features Index(['AUT', 'PRT', 'ITA', 'FRA', 'FIN'], dtype='object'), [1 3 4 6 7]
[2026-04-03 15:43:56,877][__main__][INFO] - Experiment Finished
solver:
  name: hc_predictor
  model_name: HC
  custom_objective: lagrange
  N_SELECT_FEATURES: 5
  n_runs: 5
  recalculate_dag: true
  feature_selector: SequentialFeatureSelector
  n_outer: 10
  n_inner: 100
  hidden_dim: 32
  depth: 2
  constrained: true
  rho0: 0
  lambda0: 1.0
  rho_mult: 1.0
  learning_rate: 0.25
  lambda_update_rate: 1.0
  weight_decay: 0.25
  loss_type: l2
  reg_type: l2
  a_reg_type: l1
  lambda1: 0.1
  lambda2: 0.1
  nonzero_threshold: 0.001
  constraints_mode: weights
  callback_mode: all_cycles
  robust: false
  tabu_edges: false
  weights_bound: 1.0
  time_limit: 1800
  target_mip_gap: 0.0001
  data_path: ./data/
  knowledge_graph_filename: knowledge_graph_intersection.graphml
  debug: false
problem:
  name: industry_eu
  data_path: data/industry_eu/processed/industry_eu_fred_ExcludingConstruction_9country_quarterly_260x9.csv
  frequency: Q
  impute: none
  dropna_selected: true
  target: PRT
  features:
  - DEU
  - AUT
  - BEL
  - ITA
  - LUX
  - FRA
  - NLD
  - FIN
experiment: recommender_industry

[2026-04-03 15:43:56,943][__main__][INFO] - Starting experiment in /Users/xiaoyuhe/Recommender_Pavel/multirun/2026-04-03/15-25-47/8
Index(['PRT', 'DEU', 'AUT', 'BEL', 'ITA', 'LUX', 'FRA', 'NLD', 'FIN'], dtype='object')
[2026-04-03 15:43:57,044][root][INFO] - w_est shape (9, 9)
[2026-04-03 15:43:57,044][root][INFO] - target_col PRT
[2026-04-03 15:43:57,044][root][INFO] - row_and_col_names 9
[2026-04-03 15:43:57,044][root][INFO] - prep_data.shape (260, 9)
[2026-04-03 15:43:57,044][root][INFO] - row_and_col_names Index(['PRT', 'DEU', 'AUT', 'BEL', 'ITA', 'LUX', 'FRA', 'NLD', 'FIN'], dtype='object')
[2026-04-03 15:43:57,050][root][INFO] - Testing on columns 8: Index(['DEU', 'AUT', 'BEL', 'ITA', 'LUX', 'FRA', 'NLD', 'FIN'], dtype='object')
[2026-04-03 15:45:29,728][root][INFO] - Best features Index(['AUT', 'LUX', 'FRA', 'NLD', 'FIN'], dtype='object'), [1 4 5 6 7]
[2026-04-03 15:45:39,490][__main__][INFO] - Experiment Finished
