[2026-04-03 18:02:31,801][HYDRA] Joblib.Parallel(n_jobs=1,backend=loky,prefer=processes,require=None,verbose=0,timeout=None,pre_dispatch=2*n_jobs,batch_size=auto,temp_folder=None,max_nbytes=None,mmap_mode=r) is launching 9 jobs
[2026-04-03 18:02:31,801][HYDRA] Launching jobs, sweep output dir : multirun/2026-04-03/18-02-27
[2026-04-03 18:02:31,801][HYDRA] 	#0 : experiment=recommender_industry_mark solver=mark problem=FRED_9country_monthly/industry_eu_aut
[2026-04-03 18:02:31,801][HYDRA] 	#1 : experiment=recommender_industry_mark solver=mark problem=FRED_9country_monthly/industry_eu_bel
[2026-04-03 18:02:31,801][HYDRA] 	#2 : experiment=recommender_industry_mark solver=mark problem=FRED_9country_monthly/industry_eu_deu
[2026-04-03 18:02:31,802][HYDRA] 	#3 : experiment=recommender_industry_mark solver=mark problem=FRED_9country_monthly/industry_eu_fin
[2026-04-03 18:02:31,802][HYDRA] 	#4 : experiment=recommender_industry_mark solver=mark problem=FRED_9country_monthly/industry_eu_fra
[2026-04-03 18:02:31,802][HYDRA] 	#5 : experiment=recommender_industry_mark solver=mark problem=FRED_9country_monthly/industry_eu_ita
[2026-04-03 18:02:31,802][HYDRA] 	#6 : experiment=recommender_industry_mark solver=mark problem=FRED_9country_monthly/industry_eu_lux
[2026-04-03 18:02:31,802][HYDRA] 	#7 : experiment=recommender_industry_mark solver=mark problem=FRED_9country_monthly/industry_eu_nld
[2026-04-03 18:02:31,802][HYDRA] 	#8 : experiment=recommender_industry_mark solver=mark problem=FRED_9country_monthly/industry_eu_prt
solver:
  name: mark
  model_name: XGB
  custom_objective: reg:squarederror
  N_SELECT_FEATURES: 5
  n_runs: 5
  recalculate_dag: true
  n_estimators: 10
  max_depth: 3
  learning_rate: 0.1
  random_state: 42
  feature_selector: SequentialFeatureSelector
  debug: false
problem:
  name: industry_eu
  data_path: data/industry_eu/processed/industry_eu_fred_ExcludingConstruction_9country_monthly_780x9.csv
  frequency: M
  impute: none
  dropna_selected: true
  target: AUT
  features:
  - DEU
  - BEL
  - PRT
  - ITA
  - LUX
  - FRA
  - NLD
  - FIN
experiment: recommender_industry_mark

[2026-04-03 18:02:38,288][__main__][INFO] - Starting experiment in /Users/xiaoyuhe/Recommender_Pavel/multirun/2026-04-03/18-02-27/0
Index(['AUT', 'DEU', 'BEL', 'PRT', 'ITA', 'LUX', 'FRA', 'NLD', 'FIN'], dtype='object')
[2026-04-03 18:02:38,938][root][INFO] - w_est shape (9, 9)
[2026-04-03 18:02:38,938][root][INFO] - target_col AUT
[2026-04-03 18:02:38,938][root][INFO] - row_and_col_names 9
[2026-04-03 18:02:38,938][root][INFO] - prep_data.shape (780, 9)
[2026-04-03 18:02:38,939][root][INFO] - row_and_col_names Index(['AUT', 'DEU', 'BEL', 'PRT', 'ITA', 'LUX', 'FRA', 'NLD', 'FIN'], dtype='object')
[2026-04-03 18:02:38,946][root][INFO] - Testing on columns 8: Index(['DEU', 'BEL', 'PRT', 'ITA', 'LUX', 'FRA', 'NLD', 'FIN'], dtype='object')
[2026-04-03 18:02:52,526][root][INFO] - Best features Index(['DEU', 'BEL', 'PRT', 'LUX', 'FIN'], dtype='object'), [0 1 2 4 7]
[2026-04-03 18:02:53,257][__main__][INFO] - Experiment Finished
solver:
  name: mark
  model_name: XGB
  custom_objective: reg:squarederror
  N_SELECT_FEATURES: 5
  n_runs: 5
  recalculate_dag: true
  n_estimators: 10
  max_depth: 3
  learning_rate: 0.1
  random_state: 42
  feature_selector: SequentialFeatureSelector
  debug: false
problem:
  name: industry_eu
  data_path: data/industry_eu/processed/industry_eu_fred_ExcludingConstruction_9country_monthly_780x9.csv
  frequency: M
  impute: none
  dropna_selected: true
  target: BEL
  features:
  - DEU
  - AUT
  - PRT
  - ITA
  - LUX
  - FRA
  - NLD
  - FIN
experiment: recommender_industry_mark

[2026-04-03 18:02:54,044][__main__][INFO] - Starting experiment in /Users/xiaoyuhe/Recommender_Pavel/multirun/2026-04-03/18-02-27/1
Index(['BEL', 'DEU', 'AUT', 'PRT', 'ITA', 'LUX', 'FRA', 'NLD', 'FIN'], dtype='object')
[2026-04-03 18:02:54,544][root][INFO] - w_est shape (9, 9)
[2026-04-03 18:02:54,544][root][INFO] - target_col BEL
[2026-04-03 18:02:54,544][root][INFO] - row_and_col_names 9
[2026-04-03 18:02:54,544][root][INFO] - prep_data.shape (780, 9)
[2026-04-03 18:02:54,544][root][INFO] - row_and_col_names Index(['BEL', 'DEU', 'AUT', 'PRT', 'ITA', 'LUX', 'FRA', 'NLD', 'FIN'], dtype='object')
[2026-04-03 18:02:54,548][root][INFO] - Testing on columns 8: Index(['DEU', 'AUT', 'PRT', 'ITA', 'LUX', 'FRA', 'NLD', 'FIN'], dtype='object')
[2026-04-03 18:03:14,905][root][INFO] - Best features Index(['AUT', 'PRT', 'FRA', 'NLD', 'FIN'], dtype='object'), [1 2 5 6 7]
[2026-04-03 18:03:15,334][__main__][INFO] - Experiment Finished
solver:
  name: mark
  model_name: XGB
  custom_objective: reg:squarederror
  N_SELECT_FEATURES: 5
  n_runs: 5
  recalculate_dag: true
  n_estimators: 10
  max_depth: 3
  learning_rate: 0.1
  random_state: 42
  feature_selector: SequentialFeatureSelector
  debug: false
problem:
  name: industry_eu
  data_path: data/industry_eu/processed/industry_eu_fred_ExcludingConstruction_9country_monthly_780x9.csv
  frequency: M
  impute: none
  dropna_selected: true
  target: DEU
  features:
  - AUT
  - BEL
  - PRT
  - ITA
  - LUX
  - FRA
  - NLD
  - FIN
experiment: recommender_industry_mark

[2026-04-03 18:03:16,247][__main__][INFO] - Starting experiment in /Users/xiaoyuhe/Recommender_Pavel/multirun/2026-04-03/18-02-27/2
Index(['DEU', 'AUT', 'BEL', 'PRT', 'ITA', 'LUX', 'FRA', 'NLD', 'FIN'], dtype='object')
[2026-04-03 18:03:16,514][root][INFO] - w_est shape (9, 9)
[2026-04-03 18:03:16,514][root][INFO] - target_col DEU
[2026-04-03 18:03:16,514][root][INFO] - row_and_col_names 9
[2026-04-03 18:03:16,514][root][INFO] - prep_data.shape (780, 9)
[2026-04-03 18:03:16,514][root][INFO] - row_and_col_names Index(['DEU', 'AUT', 'BEL', 'PRT', 'ITA', 'LUX', 'FRA', 'NLD', 'FIN'], dtype='object')
[2026-04-03 18:03:16,520][root][INFO] - Testing on columns 8: Index(['AUT', 'BEL', 'PRT', 'ITA', 'LUX', 'FRA', 'NLD', 'FIN'], dtype='object')
[2026-04-03 18:03:36,378][root][INFO] - Best features Index(['AUT', 'PRT', 'FRA', 'NLD', 'FIN'], dtype='object'), [0 2 5 6 7]
[2026-04-03 18:03:37,518][__main__][INFO] - Experiment Finished
solver:
  name: mark
  model_name: XGB
  custom_objective: reg:squarederror
  N_SELECT_FEATURES: 5
  n_runs: 5
  recalculate_dag: true
  n_estimators: 10
  max_depth: 3
  learning_rate: 0.1
  random_state: 42
  feature_selector: SequentialFeatureSelector
  debug: false
problem:
  name: industry_eu
  data_path: data/industry_eu/processed/industry_eu_fred_ExcludingConstruction_9country_monthly_780x9.csv
  frequency: M
  impute: none
  dropna_selected: true
  target: FIN
  features:
  - DEU
  - AUT
  - BEL
  - PRT
  - ITA
  - LUX
  - FRA
  - NLD
experiment: recommender_industry_mark

[2026-04-03 18:03:38,546][__main__][INFO] - Starting experiment in /Users/xiaoyuhe/Recommender_Pavel/multirun/2026-04-03/18-02-27/3
Index(['FIN', 'DEU', 'AUT', 'BEL', 'PRT', 'ITA', 'LUX', 'FRA', 'NLD'], dtype='object')
[2026-04-03 18:03:38,709][root][INFO] - w_est shape (9, 9)
[2026-04-03 18:03:38,709][root][INFO] - target_col FIN
[2026-04-03 18:03:38,709][root][INFO] - row_and_col_names 9
[2026-04-03 18:03:38,710][root][INFO] - prep_data.shape (780, 9)
[2026-04-03 18:03:38,710][root][INFO] - row_and_col_names Index(['FIN', 'DEU', 'AUT', 'BEL', 'PRT', 'ITA', 'LUX', 'FRA', 'NLD'], dtype='object')
[2026-04-03 18:03:38,714][root][INFO] - Testing on columns 8: Index(['DEU', 'AUT', 'BEL', 'PRT', 'ITA', 'LUX', 'FRA', 'NLD'], dtype='object')
[2026-04-03 18:03:57,787][root][INFO] - Best features Index(['AUT', 'BEL', 'PRT', 'ITA', 'NLD'], dtype='object'), [1 2 3 4 7]
[2026-04-03 18:03:58,584][__main__][INFO] - Experiment Finished
solver:
  name: mark
  model_name: XGB
  custom_objective: reg:squarederror
  N_SELECT_FEATURES: 5
  n_runs: 5
  recalculate_dag: true
  n_estimators: 10
  max_depth: 3
  learning_rate: 0.1
  random_state: 42
  feature_selector: SequentialFeatureSelector
  debug: false
problem:
  name: industry_eu
  data_path: data/industry_eu/processed/industry_eu_fred_ExcludingConstruction_9country_monthly_780x9.csv
  frequency: M
  impute: none
  dropna_selected: true
  target: FRA
  features:
  - DEU
  - AUT
  - BEL
  - PRT
  - ITA
  - LUX
  - NLD
  - FIN
experiment: recommender_industry_mark

[2026-04-03 18:03:59,581][__main__][INFO] - Starting experiment in /Users/xiaoyuhe/Recommender_Pavel/multirun/2026-04-03/18-02-27/4
Index(['FRA', 'DEU', 'AUT', 'BEL', 'PRT', 'ITA', 'LUX', 'NLD', 'FIN'], dtype='object')
[2026-04-03 18:04:00,081][root][INFO] - w_est shape (9, 9)
[2026-04-03 18:04:00,081][root][INFO] - target_col FRA
[2026-04-03 18:04:00,081][root][INFO] - row_and_col_names 9
[2026-04-03 18:04:00,081][root][INFO] - prep_data.shape (780, 9)
[2026-04-03 18:04:00,081][root][INFO] - row_and_col_names Index(['FRA', 'DEU', 'AUT', 'BEL', 'PRT', 'ITA', 'LUX', 'NLD', 'FIN'], dtype='object')
[2026-04-03 18:04:00,095][root][INFO] - Testing on columns 8: Index(['DEU', 'AUT', 'BEL', 'PRT', 'ITA', 'LUX', 'NLD', 'FIN'], dtype='object')
[2026-04-03 18:04:17,888][root][INFO] - Best features Index(['AUT', 'BEL', 'PRT', 'LUX', 'FIN'], dtype='object'), [1 2 3 5 7]
[2026-04-03 18:04:18,725][__main__][INFO] - Experiment Finished
solver:
  name: mark
  model_name: XGB
  custom_objective: reg:squarederror
  N_SELECT_FEATURES: 5
  n_runs: 5
  recalculate_dag: true
  n_estimators: 10
  max_depth: 3
  learning_rate: 0.1
  random_state: 42
  feature_selector: SequentialFeatureSelector
  debug: false
problem:
  name: industry_eu
  data_path: data/industry_eu/processed/industry_eu_fred_ExcludingConstruction_9country_monthly_780x9.csv
  frequency: M
  impute: none
  dropna_selected: true
  target: ITA
  features:
  - DEU
  - AUT
  - BEL
  - PRT
  - LUX
  - FRA
  - NLD
  - FIN
experiment: recommender_industry_mark

[2026-04-03 18:04:19,754][__main__][INFO] - Starting experiment in /Users/xiaoyuhe/Recommender_Pavel/multirun/2026-04-03/18-02-27/5
Index(['ITA', 'DEU', 'AUT', 'BEL', 'PRT', 'LUX', 'FRA', 'NLD', 'FIN'], dtype='object')
[2026-04-03 18:04:20,154][root][INFO] - w_est shape (9, 9)
[2026-04-03 18:04:20,154][root][INFO] - target_col ITA
[2026-04-03 18:04:20,154][root][INFO] - row_and_col_names 9
[2026-04-03 18:04:20,154][root][INFO] - prep_data.shape (780, 9)
[2026-04-03 18:04:20,155][root][INFO] - row_and_col_names Index(['ITA', 'DEU', 'AUT', 'BEL', 'PRT', 'LUX', 'FRA', 'NLD', 'FIN'], dtype='object')
[2026-04-03 18:04:20,158][root][INFO] - Testing on columns 8: Index(['DEU', 'AUT', 'BEL', 'PRT', 'LUX', 'FRA', 'NLD', 'FIN'], dtype='object')
[2026-04-03 18:04:39,706][root][INFO] - Best features Index(['AUT', 'LUX', 'FRA', 'NLD', 'FIN'], dtype='object'), [1 4 5 6 7]
[2026-04-03 18:04:40,694][__main__][INFO] - Experiment Finished
solver:
  name: mark
  model_name: XGB
  custom_objective: reg:squarederror
  N_SELECT_FEATURES: 5
  n_runs: 5
  recalculate_dag: true
  n_estimators: 10
  max_depth: 3
  learning_rate: 0.1
  random_state: 42
  feature_selector: SequentialFeatureSelector
  debug: false
problem:
  name: industry_eu
  data_path: data/industry_eu/processed/industry_eu_fred_ExcludingConstruction_9country_monthly_780x9.csv
  frequency: M
  impute: none
  dropna_selected: true
  target: LUX
  features:
  - DEU
  - AUT
  - BEL
  - PRT
  - ITA
  - FRA
  - NLD
  - FIN
experiment: recommender_industry_mark

[2026-04-03 18:04:41,298][__main__][INFO] - Starting experiment in /Users/xiaoyuhe/Recommender_Pavel/multirun/2026-04-03/18-02-27/6
Index(['LUX', 'DEU', 'AUT', 'BEL', 'PRT', 'ITA', 'FRA', 'NLD', 'FIN'], dtype='object')
[2026-04-03 18:04:41,631][root][INFO] - w_est shape (9, 9)
[2026-04-03 18:04:41,631][root][INFO] - target_col LUX
[2026-04-03 18:04:41,631][root][INFO] - row_and_col_names 9
[2026-04-03 18:04:41,631][root][INFO] - prep_data.shape (780, 9)
[2026-04-03 18:04:41,631][root][INFO] - row_and_col_names Index(['LUX', 'DEU', 'AUT', 'BEL', 'PRT', 'ITA', 'FRA', 'NLD', 'FIN'], dtype='object')
[2026-04-03 18:04:41,635][root][INFO] - Testing on columns 8: Index(['DEU', 'AUT', 'BEL', 'PRT', 'ITA', 'FRA', 'NLD', 'FIN'], dtype='object')
[2026-04-03 18:04:56,414][root][INFO] - Best features Index(['AUT', 'PRT', 'FRA', 'NLD', 'FIN'], dtype='object'), [1 3 5 6 7]
[2026-04-03 18:04:57,078][__main__][INFO] - Experiment Finished
solver:
  name: mark
  model_name: XGB
  custom_objective: reg:squarederror
  N_SELECT_FEATURES: 5
  n_runs: 5
  recalculate_dag: true
  n_estimators: 10
  max_depth: 3
  learning_rate: 0.1
  random_state: 42
  feature_selector: SequentialFeatureSelector
  debug: false
problem:
  name: industry_eu
  data_path: data/industry_eu/processed/industry_eu_fred_ExcludingConstruction_9country_monthly_780x9.csv
  frequency: M
  impute: none
  dropna_selected: true
  target: NLD
  features:
  - DEU
  - AUT
  - BEL
  - PRT
  - ITA
  - LUX
  - FRA
  - FIN
experiment: recommender_industry_mark

[2026-04-03 18:04:57,843][__main__][INFO] - Starting experiment in /Users/xiaoyuhe/Recommender_Pavel/multirun/2026-04-03/18-02-27/7
Index(['NLD', 'DEU', 'AUT', 'BEL', 'PRT', 'ITA', 'LUX', 'FRA', 'FIN'], dtype='object')
[2026-04-03 18:04:58,026][root][INFO] - w_est shape (9, 9)
[2026-04-03 18:04:58,027][root][INFO] - target_col NLD
[2026-04-03 18:04:58,027][root][INFO] - row_and_col_names 9
[2026-04-03 18:04:58,027][root][INFO] - prep_data.shape (780, 9)
[2026-04-03 18:04:58,027][root][INFO] - row_and_col_names Index(['NLD', 'DEU', 'AUT', 'BEL', 'PRT', 'ITA', 'LUX', 'FRA', 'FIN'], dtype='object')
[2026-04-03 18:04:58,031][root][INFO] - Testing on columns 8: Index(['DEU', 'AUT', 'BEL', 'PRT', 'ITA', 'LUX', 'FRA', 'FIN'], dtype='object')
[2026-04-03 18:05:11,414][root][INFO] - Best features Index(['DEU', 'BEL', 'PRT', 'ITA', 'FIN'], dtype='object'), [0 2 3 4 7]
[2026-04-03 18:05:12,349][__main__][INFO] - Experiment Finished
solver:
  name: mark
  model_name: XGB
  custom_objective: reg:squarederror
  N_SELECT_FEATURES: 5
  n_runs: 5
  recalculate_dag: true
  n_estimators: 10
  max_depth: 3
  learning_rate: 0.1
  random_state: 42
  feature_selector: SequentialFeatureSelector
  debug: false
problem:
  name: industry_eu
  data_path: data/industry_eu/processed/industry_eu_fred_ExcludingConstruction_9country_monthly_780x9.csv
  frequency: M
  impute: none
  dropna_selected: true
  target: PRT
  features:
  - DEU
  - AUT
  - BEL
  - ITA
  - LUX
  - FRA
  - NLD
  - FIN
experiment: recommender_industry_mark

[2026-04-03 18:05:14,632][__main__][INFO] - Starting experiment in /Users/xiaoyuhe/Recommender_Pavel/multirun/2026-04-03/18-02-27/8
Index(['PRT', 'DEU', 'AUT', 'BEL', 'ITA', 'LUX', 'FRA', 'NLD', 'FIN'], dtype='object')
[2026-04-03 18:05:14,770][root][INFO] - w_est shape (9, 9)
[2026-04-03 18:05:14,770][root][INFO] - target_col PRT
[2026-04-03 18:05:14,770][root][INFO] - row_and_col_names 9
[2026-04-03 18:05:14,770][root][INFO] - prep_data.shape (780, 9)
[2026-04-03 18:05:14,770][root][INFO] - row_and_col_names Index(['PRT', 'DEU', 'AUT', 'BEL', 'ITA', 'LUX', 'FRA', 'NLD', 'FIN'], dtype='object')
[2026-04-03 18:05:14,777][root][INFO] - Testing on columns 8: Index(['DEU', 'AUT', 'BEL', 'ITA', 'LUX', 'FRA', 'NLD', 'FIN'], dtype='object')
[2026-04-03 18:05:29,394][root][INFO] - Best features Index(['AUT', 'BEL', 'FRA', 'NLD', 'FIN'], dtype='object'), [1 2 5 6 7]
[2026-04-03 18:05:30,042][__main__][INFO] - Experiment Finished
