[2026-04-03 15:45:48,935][HYDRA] Joblib.Parallel(n_jobs=1,backend=loky,prefer=processes,require=None,verbose=0,timeout=None,pre_dispatch=2*n_jobs,batch_size=auto,temp_folder=None,max_nbytes=None,mmap_mode=r) is launching 25 jobs
[2026-04-03 15:45:48,935][HYDRA] Launching jobs, sweep output dir : multirun/2026-04-03/15-45-47
[2026-04-03 15:45:48,935][HYDRA] 	#0 : experiment=recommender_industry solver=hc_predictor problem=FRED_allcountry_monthly/industry_eu_aut
[2026-04-03 15:45:48,935][HYDRA] 	#1 : experiment=recommender_industry solver=hc_predictor problem=FRED_allcountry_monthly/industry_eu_bel
[2026-04-03 15:45:48,935][HYDRA] 	#2 : experiment=recommender_industry solver=hc_predictor problem=FRED_allcountry_monthly/industry_eu_cze
[2026-04-03 15:45:48,935][HYDRA] 	#3 : experiment=recommender_industry solver=hc_predictor problem=FRED_allcountry_monthly/industry_eu_deu
[2026-04-03 15:45:48,935][HYDRA] 	#4 : experiment=recommender_industry solver=hc_predictor problem=FRED_allcountry_monthly/industry_eu_dnk
[2026-04-03 15:45:48,935][HYDRA] 	#5 : experiment=recommender_industry solver=hc_predictor problem=FRED_allcountry_monthly/industry_eu_esp
[2026-04-03 15:45:48,935][HYDRA] 	#6 : experiment=recommender_industry solver=hc_predictor problem=FRED_allcountry_monthly/industry_eu_est
[2026-04-03 15:45:48,935][HYDRA] 	#7 : experiment=recommender_industry solver=hc_predictor problem=FRED_allcountry_monthly/industry_eu_fin
[2026-04-03 15:45:48,935][HYDRA] 	#8 : experiment=recommender_industry solver=hc_predictor problem=FRED_allcountry_monthly/industry_eu_fra
[2026-04-03 15:45:48,935][HYDRA] 	#9 : experiment=recommender_industry solver=hc_predictor problem=FRED_allcountry_monthly/industry_eu_gbr
[2026-04-03 15:45:48,935][HYDRA] 	#10 : experiment=recommender_industry solver=hc_predictor problem=FRED_allcountry_monthly/industry_eu_grc
[2026-04-03 15:45:48,935][HYDRA] 	#11 : experiment=recommender_industry solver=hc_predictor problem=FRED_allcountry_monthly/industry_eu_hun
[2026-04-03 15:45:48,935][HYDRA] 	#12 : experiment=recommender_industry solver=hc_predictor problem=FRED_allcountry_monthly/industry_eu_irl
[2026-04-03 15:45:48,935][HYDRA] 	#13 : experiment=recommender_industry solver=hc_predictor problem=FRED_allcountry_monthly/industry_eu_isl
[2026-04-03 15:45:48,935][HYDRA] 	#14 : experiment=recommender_industry solver=hc_predictor problem=FRED_allcountry_monthly/industry_eu_ita
[2026-04-03 15:45:48,935][HYDRA] 	#15 : experiment=recommender_industry solver=hc_predictor problem=FRED_allcountry_monthly/industry_eu_ltu
[2026-04-03 15:45:48,935][HYDRA] 	#16 : experiment=recommender_industry solver=hc_predictor problem=FRED_allcountry_monthly/industry_eu_lux
[2026-04-03 15:45:48,935][HYDRA] 	#17 : experiment=recommender_industry solver=hc_predictor problem=FRED_allcountry_monthly/industry_eu_lva
[2026-04-03 15:45:48,935][HYDRA] 	#18 : experiment=recommender_industry solver=hc_predictor problem=FRED_allcountry_monthly/industry_eu_nld
[2026-04-03 15:45:48,935][HYDRA] 	#19 : experiment=recommender_industry solver=hc_predictor problem=FRED_allcountry_monthly/industry_eu_nor
[2026-04-03 15:45:48,935][HYDRA] 	#20 : experiment=recommender_industry solver=hc_predictor problem=FRED_allcountry_monthly/industry_eu_pol
[2026-04-03 15:45:48,935][HYDRA] 	#21 : experiment=recommender_industry solver=hc_predictor problem=FRED_allcountry_monthly/industry_eu_prt
[2026-04-03 15:45:48,935][HYDRA] 	#22 : experiment=recommender_industry solver=hc_predictor problem=FRED_allcountry_monthly/industry_eu_svk
[2026-04-03 15:45:48,935][HYDRA] 	#23 : experiment=recommender_industry solver=hc_predictor problem=FRED_allcountry_monthly/industry_eu_svn
[2026-04-03 15:45:48,935][HYDRA] 	#24 : experiment=recommender_industry solver=hc_predictor problem=FRED_allcountry_monthly/industry_eu_swe
solver:
  name: hc_predictor
  model_name: HC
  custom_objective: lagrange
  N_SELECT_FEATURES: 5
  n_runs: 5
  recalculate_dag: true
  feature_selector: SequentialFeatureSelector
  n_outer: 10
  n_inner: 100
  hidden_dim: 32
  depth: 2
  constrained: true
  rho0: 0
  lambda0: 1.0
  rho_mult: 1.0
  learning_rate: 0.25
  lambda_update_rate: 1.0
  weight_decay: 0.25
  loss_type: l2
  reg_type: l2
  a_reg_type: l1
  lambda1: 0.1
  lambda2: 0.1
  nonzero_threshold: 0.001
  constraints_mode: weights
  callback_mode: all_cycles
  robust: false
  tabu_edges: false
  weights_bound: 1.0
  time_limit: 1800
  target_mip_gap: 0.0001
  data_path: ./data/
  knowledge_graph_filename: knowledge_graph_intersection.graphml
  debug: false
problem:
  name: industry_eu
  data_path: data/industry_eu/processed/industry_eu_fred_ExcludingConstruction_allcountry_monthly_206x25.csv
  frequency: M
  impute: none
  dropna_selected: true
  target: AUT
  features:
  - BEL
  - CZE
  - DEU
  - DNK
  - ESP
  - EST
  - FIN
  - FRA
  - GBR
  - GRC
  - HUN
  - IRL
  - ISL
  - ITA
  - LTU
  - LUX
  - LVA
  - NLD
  - NOR
  - POL
  - PRT
  - SVK
  - SVN
  - SWE
experiment: recommender_industry

[2026-04-03 15:45:49,960][__main__][INFO] - Starting experiment in /Users/xiaoyuhe/Recommender_Pavel/multirun/2026-04-03/15-45-47/0
Index(['AUT', 'BEL', 'CZE', 'DEU', 'DNK', 'ESP', 'EST', 'FIN', 'FRA', 'GBR',
       'GRC', 'HUN', 'IRL', 'ISL', 'ITA', 'LTU', 'LUX', 'LVA', 'NLD', 'NOR',
       'POL', 'PRT', 'SVK', 'SVN', 'SWE'],
      dtype='object')
[2026-04-03 15:45:50,115][root][INFO] - w_est shape (25, 25)
[2026-04-03 15:45:50,115][root][INFO] - target_col AUT
[2026-04-03 15:45:50,115][root][INFO] - row_and_col_names 25
[2026-04-03 15:45:50,115][root][INFO] - prep_data.shape (206, 25)
[2026-04-03 15:45:50,115][root][INFO] - row_and_col_names Index(['AUT', 'BEL', 'CZE', 'DEU', 'DNK', 'ESP', 'EST', 'FIN', 'FRA', 'GBR',
       'GRC', 'HUN', 'IRL', 'ISL', 'ITA', 'LTU', 'LUX', 'LVA', 'NLD', 'NOR',
       'POL', 'PRT', 'SVK', 'SVN', 'SWE'],
      dtype='object')
[2026-04-03 15:45:50,122][root][INFO] - Testing on columns 24: Index(['BEL', 'CZE', 'DEU', 'DNK', 'ESP', 'EST', 'FIN', 'FRA', 'GBR', 'GRC',
       'HUN', 'IRL', 'ISL', 'ITA', 'LTU', 'LUX', 'LVA', 'NLD', 'NOR', 'POL',
       'PRT', 'SVK', 'SVN', 'SWE'],
      dtype='object')
[2026-04-03 15:56:44,598][root][INFO] - Best features Index(['BEL', 'DEU', 'PRT', 'SVK', 'SVN'], dtype='object'), [ 0  2 20 21 22]
[2026-04-03 15:56:56,136][__main__][INFO] - Experiment Finished
solver:
  name: hc_predictor
  model_name: HC
  custom_objective: lagrange
  N_SELECT_FEATURES: 5
  n_runs: 5
  recalculate_dag: true
  feature_selector: SequentialFeatureSelector
  n_outer: 10
  n_inner: 100
  hidden_dim: 32
  depth: 2
  constrained: true
  rho0: 0
  lambda0: 1.0
  rho_mult: 1.0
  learning_rate: 0.25
  lambda_update_rate: 1.0
  weight_decay: 0.25
  loss_type: l2
  reg_type: l2
  a_reg_type: l1
  lambda1: 0.1
  lambda2: 0.1
  nonzero_threshold: 0.001
  constraints_mode: weights
  callback_mode: all_cycles
  robust: false
  tabu_edges: false
  weights_bound: 1.0
  time_limit: 1800
  target_mip_gap: 0.0001
  data_path: ./data/
  knowledge_graph_filename: knowledge_graph_intersection.graphml
  debug: false
problem:
  name: industry_eu
  data_path: data/industry_eu/processed/industry_eu_fred_ExcludingConstruction_allcountry_monthly_206x25.csv
  frequency: M
  impute: none
  dropna_selected: true
  target: BEL
  features:
  - AUT
  - CZE
  - DEU
  - DNK
  - ESP
  - EST
  - FIN
  - FRA
  - GBR
  - GRC
  - HUN
  - IRL
  - ISL
  - ITA
  - LTU
  - LUX
  - LVA
  - NLD
  - NOR
  - POL
  - PRT
  - SVK
  - SVN
  - SWE
experiment: recommender_industry

[2026-04-03 15:56:56,197][__main__][INFO] - Starting experiment in /Users/xiaoyuhe/Recommender_Pavel/multirun/2026-04-03/15-45-47/1
Index(['BEL', 'AUT', 'CZE', 'DEU', 'DNK', 'ESP', 'EST', 'FIN', 'FRA', 'GBR',
       'GRC', 'HUN', 'IRL', 'ISL', 'ITA', 'LTU', 'LUX', 'LVA', 'NLD', 'NOR',
       'POL', 'PRT', 'SVK', 'SVN', 'SWE'],
      dtype='object')
[2026-04-03 15:56:56,321][root][INFO] - w_est shape (25, 25)
[2026-04-03 15:56:56,321][root][INFO] - target_col BEL
[2026-04-03 15:56:56,321][root][INFO] - row_and_col_names 25
[2026-04-03 15:56:56,321][root][INFO] - prep_data.shape (206, 25)
[2026-04-03 15:56:56,321][root][INFO] - row_and_col_names Index(['BEL', 'AUT', 'CZE', 'DEU', 'DNK', 'ESP', 'EST', 'FIN', 'FRA', 'GBR',
       'GRC', 'HUN', 'IRL', 'ISL', 'ITA', 'LTU', 'LUX', 'LVA', 'NLD', 'NOR',
       'POL', 'PRT', 'SVK', 'SVN', 'SWE'],
      dtype='object')
[2026-04-03 15:56:56,328][root][INFO] - Testing on columns 24: Index(['AUT', 'CZE', 'DEU', 'DNK', 'ESP', 'EST', 'FIN', 'FRA', 'GBR', 'GRC',
       'HUN', 'IRL', 'ISL', 'ITA', 'LTU', 'LUX', 'LVA', 'NLD', 'NOR', 'POL',
       'PRT', 'SVK', 'SVN', 'SWE'],
      dtype='object')
[2026-04-03 16:02:18,615][root][INFO] - Best features Index(['DNK', 'ESP', 'GRC', 'IRL', 'LVA'], dtype='object'), [ 3  4  9 11 16]
[2026-04-03 16:02:25,504][__main__][INFO] - Experiment Finished
solver:
  name: hc_predictor
  model_name: HC
  custom_objective: lagrange
  N_SELECT_FEATURES: 5
  n_runs: 5
  recalculate_dag: true
  feature_selector: SequentialFeatureSelector
  n_outer: 10
  n_inner: 100
  hidden_dim: 32
  depth: 2
  constrained: true
  rho0: 0
  lambda0: 1.0
  rho_mult: 1.0
  learning_rate: 0.25
  lambda_update_rate: 1.0
  weight_decay: 0.25
  loss_type: l2
  reg_type: l2
  a_reg_type: l1
  lambda1: 0.1
  lambda2: 0.1
  nonzero_threshold: 0.001
  constraints_mode: weights
  callback_mode: all_cycles
  robust: false
  tabu_edges: false
  weights_bound: 1.0
  time_limit: 1800
  target_mip_gap: 0.0001
  data_path: ./data/
  knowledge_graph_filename: knowledge_graph_intersection.graphml
  debug: false
problem:
  name: industry_eu
  data_path: data/industry_eu/processed/industry_eu_fred_ExcludingConstruction_allcountry_monthly_206x25.csv
  frequency: M
  impute: none
  dropna_selected: true
  target: CZE
  features:
  - AUT
  - BEL
  - DEU
  - DNK
  - ESP
  - EST
  - FIN
  - FRA
  - GBR
  - GRC
  - HUN
  - IRL
  - ISL
  - ITA
  - LTU
  - LUX
  - LVA
  - NLD
  - NOR
  - POL
  - PRT
  - SVK
  - SVN
  - SWE
experiment: recommender_industry

[2026-04-03 16:02:25,565][__main__][INFO] - Starting experiment in /Users/xiaoyuhe/Recommender_Pavel/multirun/2026-04-03/15-45-47/2
Index(['CZE', 'AUT', 'BEL', 'DEU', 'DNK', 'ESP', 'EST', 'FIN', 'FRA', 'GBR',
       'GRC', 'HUN', 'IRL', 'ISL', 'ITA', 'LTU', 'LUX', 'LVA', 'NLD', 'NOR',
       'POL', 'PRT', 'SVK', 'SVN', 'SWE'],
      dtype='object')
[2026-04-03 16:02:25,697][root][INFO] - w_est shape (25, 25)
[2026-04-03 16:02:25,698][root][INFO] - target_col CZE
[2026-04-03 16:02:25,698][root][INFO] - row_and_col_names 25
[2026-04-03 16:02:25,698][root][INFO] - prep_data.shape (206, 25)
[2026-04-03 16:02:25,698][root][INFO] - row_and_col_names Index(['CZE', 'AUT', 'BEL', 'DEU', 'DNK', 'ESP', 'EST', 'FIN', 'FRA', 'GBR',
       'GRC', 'HUN', 'IRL', 'ISL', 'ITA', 'LTU', 'LUX', 'LVA', 'NLD', 'NOR',
       'POL', 'PRT', 'SVK', 'SVN', 'SWE'],
      dtype='object')
[2026-04-03 16:02:25,704][root][INFO] - Testing on columns 24: Index(['AUT', 'BEL', 'DEU', 'DNK', 'ESP', 'EST', 'FIN', 'FRA', 'GBR', 'GRC',
       'HUN', 'IRL', 'ISL', 'ITA', 'LTU', 'LUX', 'LVA', 'NLD', 'NOR', 'POL',
       'PRT', 'SVK', 'SVN', 'SWE'],
      dtype='object')
[2026-04-03 16:07:36,725][root][INFO] - Best features Index(['AUT', 'BEL', 'EST', 'FIN', 'POL'], dtype='object'), [ 0  1  5  6 19]
[2026-04-03 16:07:42,912][__main__][INFO] - Experiment Finished
solver:
  name: hc_predictor
  model_name: HC
  custom_objective: lagrange
  N_SELECT_FEATURES: 5
  n_runs: 5
  recalculate_dag: true
  feature_selector: SequentialFeatureSelector
  n_outer: 10
  n_inner: 100
  hidden_dim: 32
  depth: 2
  constrained: true
  rho0: 0
  lambda0: 1.0
  rho_mult: 1.0
  learning_rate: 0.25
  lambda_update_rate: 1.0
  weight_decay: 0.25
  loss_type: l2
  reg_type: l2
  a_reg_type: l1
  lambda1: 0.1
  lambda2: 0.1
  nonzero_threshold: 0.001
  constraints_mode: weights
  callback_mode: all_cycles
  robust: false
  tabu_edges: false
  weights_bound: 1.0
  time_limit: 1800
  target_mip_gap: 0.0001
  data_path: ./data/
  knowledge_graph_filename: knowledge_graph_intersection.graphml
  debug: false
problem:
  name: industry_eu
  data_path: data/industry_eu/processed/industry_eu_fred_ExcludingConstruction_allcountry_monthly_206x25.csv
  frequency: M
  impute: none
  dropna_selected: true
  target: DEU
  features:
  - AUT
  - BEL
  - CZE
  - DNK
  - ESP
  - EST
  - FIN
  - FRA
  - GBR
  - GRC
  - HUN
  - IRL
  - ISL
  - ITA
  - LTU
  - LUX
  - LVA
  - NLD
  - NOR
  - POL
  - PRT
  - SVK
  - SVN
  - SWE
experiment: recommender_industry

[2026-04-03 16:07:42,975][__main__][INFO] - Starting experiment in /Users/xiaoyuhe/Recommender_Pavel/multirun/2026-04-03/15-45-47/3
Index(['DEU', 'AUT', 'BEL', 'CZE', 'DNK', 'ESP', 'EST', 'FIN', 'FRA', 'GBR',
       'GRC', 'HUN', 'IRL', 'ISL', 'ITA', 'LTU', 'LUX', 'LVA', 'NLD', 'NOR',
       'POL', 'PRT', 'SVK', 'SVN', 'SWE'],
      dtype='object')
[2026-04-03 16:07:43,099][root][INFO] - w_est shape (25, 25)
[2026-04-03 16:07:43,099][root][INFO] - target_col DEU
[2026-04-03 16:07:43,099][root][INFO] - row_and_col_names 25
[2026-04-03 16:07:43,099][root][INFO] - prep_data.shape (206, 25)
[2026-04-03 16:07:43,099][root][INFO] - row_and_col_names Index(['DEU', 'AUT', 'BEL', 'CZE', 'DNK', 'ESP', 'EST', 'FIN', 'FRA', 'GBR',
       'GRC', 'HUN', 'IRL', 'ISL', 'ITA', 'LTU', 'LUX', 'LVA', 'NLD', 'NOR',
       'POL', 'PRT', 'SVK', 'SVN', 'SWE'],
      dtype='object')
[2026-04-03 16:07:43,104][root][INFO] - Testing on columns 24: Index(['AUT', 'BEL', 'CZE', 'DNK', 'ESP', 'EST', 'FIN', 'FRA', 'GBR', 'GRC',
       'HUN', 'IRL', 'ISL', 'ITA', 'LTU', 'LUX', 'LVA', 'NLD', 'NOR', 'POL',
       'PRT', 'SVK', 'SVN', 'SWE'],
      dtype='object')
[2026-04-03 16:13:54,535][root][INFO] - Best features Index(['AUT', 'IRL', 'LVA', 'NLD', 'NOR'], dtype='object'), [ 0 11 16 17 18]
[2026-04-03 16:14:01,291][__main__][INFO] - Experiment Finished
solver:
  name: hc_predictor
  model_name: HC
  custom_objective: lagrange
  N_SELECT_FEATURES: 5
  n_runs: 5
  recalculate_dag: true
  feature_selector: SequentialFeatureSelector
  n_outer: 10
  n_inner: 100
  hidden_dim: 32
  depth: 2
  constrained: true
  rho0: 0
  lambda0: 1.0
  rho_mult: 1.0
  learning_rate: 0.25
  lambda_update_rate: 1.0
  weight_decay: 0.25
  loss_type: l2
  reg_type: l2
  a_reg_type: l1
  lambda1: 0.1
  lambda2: 0.1
  nonzero_threshold: 0.001
  constraints_mode: weights
  callback_mode: all_cycles
  robust: false
  tabu_edges: false
  weights_bound: 1.0
  time_limit: 1800
  target_mip_gap: 0.0001
  data_path: ./data/
  knowledge_graph_filename: knowledge_graph_intersection.graphml
  debug: false
problem:
  name: industry_eu
  data_path: data/industry_eu/processed/industry_eu_fred_ExcludingConstruction_allcountry_monthly_206x25.csv
  frequency: M
  impute: none
  dropna_selected: true
  target: DNK
  features:
  - AUT
  - BEL
  - CZE
  - DEU
  - ESP
  - EST
  - FIN
  - FRA
  - GBR
  - GRC
  - HUN
  - IRL
  - ISL
  - ITA
  - LTU
  - LUX
  - LVA
  - NLD
  - NOR
  - POL
  - PRT
  - SVK
  - SVN
  - SWE
experiment: recommender_industry

[2026-04-03 16:14:01,356][__main__][INFO] - Starting experiment in /Users/xiaoyuhe/Recommender_Pavel/multirun/2026-04-03/15-45-47/4
Index(['DNK', 'AUT', 'BEL', 'CZE', 'DEU', 'ESP', 'EST', 'FIN', 'FRA', 'GBR',
       'GRC', 'HUN', 'IRL', 'ISL', 'ITA', 'LTU', 'LUX', 'LVA', 'NLD', 'NOR',
       'POL', 'PRT', 'SVK', 'SVN', 'SWE'],
      dtype='object')
[2026-04-03 16:14:01,482][root][INFO] - w_est shape (25, 25)
[2026-04-03 16:14:01,482][root][INFO] - target_col DNK
[2026-04-03 16:14:01,483][root][INFO] - row_and_col_names 25
[2026-04-03 16:14:01,483][root][INFO] - prep_data.shape (206, 25)
[2026-04-03 16:14:01,483][root][INFO] - row_and_col_names Index(['DNK', 'AUT', 'BEL', 'CZE', 'DEU', 'ESP', 'EST', 'FIN', 'FRA', 'GBR',
       'GRC', 'HUN', 'IRL', 'ISL', 'ITA', 'LTU', 'LUX', 'LVA', 'NLD', 'NOR',
       'POL', 'PRT', 'SVK', 'SVN', 'SWE'],
      dtype='object')
[2026-04-03 16:14:01,486][root][INFO] - Testing on columns 24: Index(['AUT', 'BEL', 'CZE', 'DEU', 'ESP', 'EST', 'FIN', 'FRA', 'GBR', 'GRC',
       'HUN', 'IRL', 'ISL', 'ITA', 'LTU', 'LUX', 'LVA', 'NLD', 'NOR', 'POL',
       'PRT', 'SVK', 'SVN', 'SWE'],
      dtype='object')
[2026-04-03 16:23:16,642][root][INFO] - Best features Index(['AUT', 'DEU', 'ESP', 'FRA', 'NLD'], dtype='object'), [ 0  3  4  7 17]
[2026-04-03 16:23:41,399][__main__][INFO] - Experiment Finished
solver:
  name: hc_predictor
  model_name: HC
  custom_objective: lagrange
  N_SELECT_FEATURES: 5
  n_runs: 5
  recalculate_dag: true
  feature_selector: SequentialFeatureSelector
  n_outer: 10
  n_inner: 100
  hidden_dim: 32
  depth: 2
  constrained: true
  rho0: 0
  lambda0: 1.0
  rho_mult: 1.0
  learning_rate: 0.25
  lambda_update_rate: 1.0
  weight_decay: 0.25
  loss_type: l2
  reg_type: l2
  a_reg_type: l1
  lambda1: 0.1
  lambda2: 0.1
  nonzero_threshold: 0.001
  constraints_mode: weights
  callback_mode: all_cycles
  robust: false
  tabu_edges: false
  weights_bound: 1.0
  time_limit: 1800
  target_mip_gap: 0.0001
  data_path: ./data/
  knowledge_graph_filename: knowledge_graph_intersection.graphml
  debug: false
problem:
  name: industry_eu
  data_path: data/industry_eu/processed/industry_eu_fred_ExcludingConstruction_allcountry_monthly_206x25.csv
  frequency: M
  impute: none
  dropna_selected: true
  target: ESP
  features:
  - AUT
  - BEL
  - CZE
  - DEU
  - DNK
  - EST
  - FIN
  - FRA
  - GBR
  - GRC
  - HUN
  - IRL
  - ISL
  - ITA
  - LTU
  - LUX
  - LVA
  - NLD
  - NOR
  - POL
  - PRT
  - SVK
  - SVN
  - SWE
experiment: recommender_industry

[2026-04-03 16:23:41,477][__main__][INFO] - Starting experiment in /Users/xiaoyuhe/Recommender_Pavel/multirun/2026-04-03/15-45-47/5
Index(['ESP', 'AUT', 'BEL', 'CZE', 'DEU', 'DNK', 'EST', 'FIN', 'FRA', 'GBR',
       'GRC', 'HUN', 'IRL', 'ISL', 'ITA', 'LTU', 'LUX', 'LVA', 'NLD', 'NOR',
       'POL', 'PRT', 'SVK', 'SVN', 'SWE'],
      dtype='object')
[2026-04-03 16:23:41,631][root][INFO] - w_est shape (25, 25)
[2026-04-03 16:23:41,631][root][INFO] - target_col ESP
[2026-04-03 16:23:41,631][root][INFO] - row_and_col_names 25
[2026-04-03 16:23:41,631][root][INFO] - prep_data.shape (206, 25)
[2026-04-03 16:23:41,631][root][INFO] - row_and_col_names Index(['ESP', 'AUT', 'BEL', 'CZE', 'DEU', 'DNK', 'EST', 'FIN', 'FRA', 'GBR',
       'GRC', 'HUN', 'IRL', 'ISL', 'ITA', 'LTU', 'LUX', 'LVA', 'NLD', 'NOR',
       'POL', 'PRT', 'SVK', 'SVN', 'SWE'],
      dtype='object')
[2026-04-03 16:23:41,637][root][INFO] - Testing on columns 24: Index(['AUT', 'BEL', 'CZE', 'DEU', 'DNK', 'EST', 'FIN', 'FRA', 'GBR', 'GRC',
       'HUN', 'IRL', 'ISL', 'ITA', 'LTU', 'LUX', 'LVA', 'NLD', 'NOR', 'POL',
       'PRT', 'SVK', 'SVN', 'SWE'],
      dtype='object')
[2026-04-03 16:32:57,248][root][INFO] - Best features Index(['DNK', 'HUN', 'IRL', 'LUX', 'POL'], dtype='object'), [ 4 10 11 15 19]
[2026-04-03 16:33:23,177][__main__][INFO] - Experiment Finished
solver:
  name: hc_predictor
  model_name: HC
  custom_objective: lagrange
  N_SELECT_FEATURES: 5
  n_runs: 5
  recalculate_dag: true
  feature_selector: SequentialFeatureSelector
  n_outer: 10
  n_inner: 100
  hidden_dim: 32
  depth: 2
  constrained: true
  rho0: 0
  lambda0: 1.0
  rho_mult: 1.0
  learning_rate: 0.25
  lambda_update_rate: 1.0
  weight_decay: 0.25
  loss_type: l2
  reg_type: l2
  a_reg_type: l1
  lambda1: 0.1
  lambda2: 0.1
  nonzero_threshold: 0.001
  constraints_mode: weights
  callback_mode: all_cycles
  robust: false
  tabu_edges: false
  weights_bound: 1.0
  time_limit: 1800
  target_mip_gap: 0.0001
  data_path: ./data/
  knowledge_graph_filename: knowledge_graph_intersection.graphml
  debug: false
problem:
  name: industry_eu
  data_path: data/industry_eu/processed/industry_eu_fred_ExcludingConstruction_allcountry_monthly_206x25.csv
  frequency: M
  impute: none
  dropna_selected: true
  target: EST
  features:
  - AUT
  - BEL
  - CZE
  - DEU
  - DNK
  - ESP
  - FIN
  - FRA
  - GBR
  - GRC
  - HUN
  - IRL
  - ISL
  - ITA
  - LTU
  - LUX
  - LVA
  - NLD
  - NOR
  - POL
  - PRT
  - SVK
  - SVN
  - SWE
experiment: recommender_industry

[2026-04-03 16:33:23,262][__main__][INFO] - Starting experiment in /Users/xiaoyuhe/Recommender_Pavel/multirun/2026-04-03/15-45-47/6
Index(['EST', 'AUT', 'BEL', 'CZE', 'DEU', 'DNK', 'ESP', 'FIN', 'FRA', 'GBR',
       'GRC', 'HUN', 'IRL', 'ISL', 'ITA', 'LTU', 'LUX', 'LVA', 'NLD', 'NOR',
       'POL', 'PRT', 'SVK', 'SVN', 'SWE'],
      dtype='object')
[2026-04-03 16:33:23,425][root][INFO] - w_est shape (25, 25)
[2026-04-03 16:33:23,425][root][INFO] - target_col EST
[2026-04-03 16:33:23,425][root][INFO] - row_and_col_names 25
[2026-04-03 16:33:23,425][root][INFO] - prep_data.shape (206, 25)
[2026-04-03 16:33:23,425][root][INFO] - row_and_col_names Index(['EST', 'AUT', 'BEL', 'CZE', 'DEU', 'DNK', 'ESP', 'FIN', 'FRA', 'GBR',
       'GRC', 'HUN', 'IRL', 'ISL', 'ITA', 'LTU', 'LUX', 'LVA', 'NLD', 'NOR',
       'POL', 'PRT', 'SVK', 'SVN', 'SWE'],
      dtype='object')
[2026-04-03 16:33:23,432][root][INFO] - Testing on columns 24: Index(['AUT', 'BEL', 'CZE', 'DEU', 'DNK', 'ESP', 'FIN', 'FRA', 'GBR', 'GRC',
       'HUN', 'IRL', 'ISL', 'ITA', 'LTU', 'LUX', 'LVA', 'NLD', 'NOR', 'POL',
       'PRT', 'SVK', 'SVN', 'SWE'],
      dtype='object')
[2026-04-03 16:38:26,724][root][INFO] - Best features Index(['DEU', 'FIN', 'GRC', 'IRL', 'PRT'], dtype='object'), [ 3  6  9 11 20]
[2026-04-03 16:38:33,058][__main__][INFO] - Experiment Finished
solver:
  name: hc_predictor
  model_name: HC
  custom_objective: lagrange
  N_SELECT_FEATURES: 5
  n_runs: 5
  recalculate_dag: true
  feature_selector: SequentialFeatureSelector
  n_outer: 10
  n_inner: 100
  hidden_dim: 32
  depth: 2
  constrained: true
  rho0: 0
  lambda0: 1.0
  rho_mult: 1.0
  learning_rate: 0.25
  lambda_update_rate: 1.0
  weight_decay: 0.25
  loss_type: l2
  reg_type: l2
  a_reg_type: l1
  lambda1: 0.1
  lambda2: 0.1
  nonzero_threshold: 0.001
  constraints_mode: weights
  callback_mode: all_cycles
  robust: false
  tabu_edges: false
  weights_bound: 1.0
  time_limit: 1800
  target_mip_gap: 0.0001
  data_path: ./data/
  knowledge_graph_filename: knowledge_graph_intersection.graphml
  debug: false
problem:
  name: industry_eu
  data_path: data/industry_eu/processed/industry_eu_fred_ExcludingConstruction_allcountry_monthly_206x25.csv
  frequency: M
  impute: none
  dropna_selected: true
  target: FIN
  features:
  - AUT
  - BEL
  - CZE
  - DEU
  - DNK
  - ESP
  - EST
  - FRA
  - GBR
  - GRC
  - HUN
  - IRL
  - ISL
  - ITA
  - LTU
  - LUX
  - LVA
  - NLD
  - NOR
  - POL
  - PRT
  - SVK
  - SVN
  - SWE
experiment: recommender_industry

[2026-04-03 16:38:33,145][__main__][INFO] - Starting experiment in /Users/xiaoyuhe/Recommender_Pavel/multirun/2026-04-03/15-45-47/7
Index(['FIN', 'AUT', 'BEL', 'CZE', 'DEU', 'DNK', 'ESP', 'EST', 'FRA', 'GBR',
       'GRC', 'HUN', 'IRL', 'ISL', 'ITA', 'LTU', 'LUX', 'LVA', 'NLD', 'NOR',
       'POL', 'PRT', 'SVK', 'SVN', 'SWE'],
      dtype='object')
[2026-04-03 16:38:33,296][root][INFO] - w_est shape (25, 25)
[2026-04-03 16:38:33,296][root][INFO] - target_col FIN
[2026-04-03 16:38:33,296][root][INFO] - row_and_col_names 25
[2026-04-03 16:38:33,296][root][INFO] - prep_data.shape (206, 25)
[2026-04-03 16:38:33,296][root][INFO] - row_and_col_names Index(['FIN', 'AUT', 'BEL', 'CZE', 'DEU', 'DNK', 'ESP', 'EST', 'FRA', 'GBR',
       'GRC', 'HUN', 'IRL', 'ISL', 'ITA', 'LTU', 'LUX', 'LVA', 'NLD', 'NOR',
       'POL', 'PRT', 'SVK', 'SVN', 'SWE'],
      dtype='object')
[2026-04-03 16:38:33,302][root][INFO] - Testing on columns 24: Index(['AUT', 'BEL', 'CZE', 'DEU', 'DNK', 'ESP', 'EST', 'FRA', 'GBR', 'GRC',
       'HUN', 'IRL', 'ISL', 'ITA', 'LTU', 'LUX', 'LVA', 'NLD', 'NOR', 'POL',
       'PRT', 'SVK', 'SVN', 'SWE'],
      dtype='object')
[2026-04-03 16:48:03,434][root][INFO] - Best features Index(['GBR', 'GRC', 'LVA', 'POL', 'SVN'], dtype='object'), [ 8  9 16 19 22]
[2026-04-03 16:48:22,753][__main__][INFO] - Experiment Finished
solver:
  name: hc_predictor
  model_name: HC
  custom_objective: lagrange
  N_SELECT_FEATURES: 5
  n_runs: 5
  recalculate_dag: true
  feature_selector: SequentialFeatureSelector
  n_outer: 10
  n_inner: 100
  hidden_dim: 32
  depth: 2
  constrained: true
  rho0: 0
  lambda0: 1.0
  rho_mult: 1.0
  learning_rate: 0.25
  lambda_update_rate: 1.0
  weight_decay: 0.25
  loss_type: l2
  reg_type: l2
  a_reg_type: l1
  lambda1: 0.1
  lambda2: 0.1
  nonzero_threshold: 0.001
  constraints_mode: weights
  callback_mode: all_cycles
  robust: false
  tabu_edges: false
  weights_bound: 1.0
  time_limit: 1800
  target_mip_gap: 0.0001
  data_path: ./data/
  knowledge_graph_filename: knowledge_graph_intersection.graphml
  debug: false
problem:
  name: industry_eu
  data_path: data/industry_eu/processed/industry_eu_fred_ExcludingConstruction_allcountry_monthly_206x25.csv
  frequency: M
  impute: none
  dropna_selected: true
  target: FRA
  features:
  - AUT
  - BEL
  - CZE
  - DEU
  - DNK
  - ESP
  - EST
  - FIN
  - GBR
  - GRC
  - HUN
  - IRL
  - ISL
  - ITA
  - LTU
  - LUX
  - LVA
  - NLD
  - NOR
  - POL
  - PRT
  - SVK
  - SVN
  - SWE
experiment: recommender_industry

[2026-04-03 16:48:22,816][__main__][INFO] - Starting experiment in /Users/xiaoyuhe/Recommender_Pavel/multirun/2026-04-03/15-45-47/8
Index(['FRA', 'AUT', 'BEL', 'CZE', 'DEU', 'DNK', 'ESP', 'EST', 'FIN', 'GBR',
       'GRC', 'HUN', 'IRL', 'ISL', 'ITA', 'LTU', 'LUX', 'LVA', 'NLD', 'NOR',
       'POL', 'PRT', 'SVK', 'SVN', 'SWE'],
      dtype='object')
[2026-04-03 16:48:22,941][root][INFO] - w_est shape (25, 25)
[2026-04-03 16:48:22,941][root][INFO] - target_col FRA
[2026-04-03 16:48:22,941][root][INFO] - row_and_col_names 25
[2026-04-03 16:48:22,941][root][INFO] - prep_data.shape (206, 25)
[2026-04-03 16:48:22,941][root][INFO] - row_and_col_names Index(['FRA', 'AUT', 'BEL', 'CZE', 'DEU', 'DNK', 'ESP', 'EST', 'FIN', 'GBR',
       'GRC', 'HUN', 'IRL', 'ISL', 'ITA', 'LTU', 'LUX', 'LVA', 'NLD', 'NOR',
       'POL', 'PRT', 'SVK', 'SVN', 'SWE'],
      dtype='object')
[2026-04-03 16:48:22,946][root][INFO] - Testing on columns 24: Index(['AUT', 'BEL', 'CZE', 'DEU', 'DNK', 'ESP', 'EST', 'FIN', 'GBR', 'GRC',
       'HUN', 'IRL', 'ISL', 'ITA', 'LTU', 'LUX', 'LVA', 'NLD', 'NOR', 'POL',
       'PRT', 'SVK', 'SVN', 'SWE'],
      dtype='object')
[2026-04-03 16:57:51,263][root][INFO] - Best features Index(['DNK', 'FIN', 'ISL', 'LTU', 'NLD'], dtype='object'), [ 4  7 12 14 17]
[2026-04-03 16:58:10,915][__main__][INFO] - Experiment Finished
solver:
  name: hc_predictor
  model_name: HC
  custom_objective: lagrange
  N_SELECT_FEATURES: 5
  n_runs: 5
  recalculate_dag: true
  feature_selector: SequentialFeatureSelector
  n_outer: 10
  n_inner: 100
  hidden_dim: 32
  depth: 2
  constrained: true
  rho0: 0
  lambda0: 1.0
  rho_mult: 1.0
  learning_rate: 0.25
  lambda_update_rate: 1.0
  weight_decay: 0.25
  loss_type: l2
  reg_type: l2
  a_reg_type: l1
  lambda1: 0.1
  lambda2: 0.1
  nonzero_threshold: 0.001
  constraints_mode: weights
  callback_mode: all_cycles
  robust: false
  tabu_edges: false
  weights_bound: 1.0
  time_limit: 1800
  target_mip_gap: 0.0001
  data_path: ./data/
  knowledge_graph_filename: knowledge_graph_intersection.graphml
  debug: false
problem:
  name: industry_eu
  data_path: data/industry_eu/processed/industry_eu_fred_ExcludingConstruction_allcountry_monthly_206x25.csv
  frequency: M
  impute: none
  dropna_selected: true
  target: GBR
  features:
  - AUT
  - BEL
  - CZE
  - DEU
  - DNK
  - ESP
  - EST
  - FIN
  - FRA
  - GRC
  - HUN
  - IRL
  - ISL
  - ITA
  - LTU
  - LUX
  - LVA
  - NLD
  - NOR
  - POL
  - PRT
  - SVK
  - SVN
  - SWE
experiment: recommender_industry

[2026-04-03 16:58:10,983][__main__][INFO] - Starting experiment in /Users/xiaoyuhe/Recommender_Pavel/multirun/2026-04-03/15-45-47/9
Index(['GBR', 'AUT', 'BEL', 'CZE', 'DEU', 'DNK', 'ESP', 'EST', 'FIN', 'FRA',
       'GRC', 'HUN', 'IRL', 'ISL', 'ITA', 'LTU', 'LUX', 'LVA', 'NLD', 'NOR',
       'POL', 'PRT', 'SVK', 'SVN', 'SWE'],
      dtype='object')
[2026-04-03 16:58:11,133][root][INFO] - w_est shape (25, 25)
[2026-04-03 16:58:11,133][root][INFO] - target_col GBR
[2026-04-03 16:58:11,133][root][INFO] - row_and_col_names 25
[2026-04-03 16:58:11,133][root][INFO] - prep_data.shape (206, 25)
[2026-04-03 16:58:11,133][root][INFO] - row_and_col_names Index(['GBR', 'AUT', 'BEL', 'CZE', 'DEU', 'DNK', 'ESP', 'EST', 'FIN', 'FRA',
       'GRC', 'HUN', 'IRL', 'ISL', 'ITA', 'LTU', 'LUX', 'LVA', 'NLD', 'NOR',
       'POL', 'PRT', 'SVK', 'SVN', 'SWE'],
      dtype='object')
[2026-04-03 16:58:11,140][root][INFO] - Testing on columns 24: Index(['AUT', 'BEL', 'CZE', 'DEU', 'DNK', 'ESP', 'EST', 'FIN', 'FRA', 'GRC',
       'HUN', 'IRL', 'ISL', 'ITA', 'LTU', 'LUX', 'LVA', 'NLD', 'NOR', 'POL',
       'PRT', 'SVK', 'SVN', 'SWE'],
      dtype='object')
[2026-04-03 17:06:36,119][root][INFO] - Best features Index(['BEL', 'DEU', 'ESP', 'LVA', 'NLD'], dtype='object'), [ 1  3  5 16 17]
[2026-04-03 17:06:46,120][__main__][INFO] - Experiment Finished
solver:
  name: hc_predictor
  model_name: HC
  custom_objective: lagrange
  N_SELECT_FEATURES: 5
  n_runs: 5
  recalculate_dag: true
  feature_selector: SequentialFeatureSelector
  n_outer: 10
  n_inner: 100
  hidden_dim: 32
  depth: 2
  constrained: true
  rho0: 0
  lambda0: 1.0
  rho_mult: 1.0
  learning_rate: 0.25
  lambda_update_rate: 1.0
  weight_decay: 0.25
  loss_type: l2
  reg_type: l2
  a_reg_type: l1
  lambda1: 0.1
  lambda2: 0.1
  nonzero_threshold: 0.001
  constraints_mode: weights
  callback_mode: all_cycles
  robust: false
  tabu_edges: false
  weights_bound: 1.0
  time_limit: 1800
  target_mip_gap: 0.0001
  data_path: ./data/
  knowledge_graph_filename: knowledge_graph_intersection.graphml
  debug: false
problem:
  name: industry_eu
  data_path: data/industry_eu/processed/industry_eu_fred_ExcludingConstruction_allcountry_monthly_206x25.csv
  frequency: M
  impute: none
  dropna_selected: true
  target: GRC
  features:
  - AUT
  - BEL
  - CZE
  - DEU
  - DNK
  - ESP
  - EST
  - FIN
  - FRA
  - GBR
  - HUN
  - IRL
  - ISL
  - ITA
  - LTU
  - LUX
  - LVA
  - NLD
  - NOR
  - POL
  - PRT
  - SVK
  - SVN
  - SWE
experiment: recommender_industry

[2026-04-03 17:06:46,201][__main__][INFO] - Starting experiment in /Users/xiaoyuhe/Recommender_Pavel/multirun/2026-04-03/15-45-47/10
Index(['GRC', 'AUT', 'BEL', 'CZE', 'DEU', 'DNK', 'ESP', 'EST', 'FIN', 'FRA',
       'GBR', 'HUN', 'IRL', 'ISL', 'ITA', 'LTU', 'LUX', 'LVA', 'NLD', 'NOR',
       'POL', 'PRT', 'SVK', 'SVN', 'SWE'],
      dtype='object')
[2026-04-03 17:06:46,343][root][INFO] - w_est shape (25, 25)
[2026-04-03 17:06:46,343][root][INFO] - target_col GRC
[2026-04-03 17:06:46,343][root][INFO] - row_and_col_names 25
[2026-04-03 17:06:46,343][root][INFO] - prep_data.shape (206, 25)
[2026-04-03 17:06:46,343][root][INFO] - row_and_col_names Index(['GRC', 'AUT', 'BEL', 'CZE', 'DEU', 'DNK', 'ESP', 'EST', 'FIN', 'FRA',
       'GBR', 'HUN', 'IRL', 'ISL', 'ITA', 'LTU', 'LUX', 'LVA', 'NLD', 'NOR',
       'POL', 'PRT', 'SVK', 'SVN', 'SWE'],
      dtype='object')
[2026-04-03 17:06:46,350][root][INFO] - Testing on columns 24: Index(['AUT', 'BEL', 'CZE', 'DEU', 'DNK', 'ESP', 'EST', 'FIN', 'FRA', 'GBR',
       'HUN', 'IRL', 'ISL', 'ITA', 'LTU', 'LUX', 'LVA', 'NLD', 'NOR', 'POL',
       'PRT', 'SVK', 'SVN', 'SWE'],
      dtype='object')
[2026-04-03 17:14:18,350][root][INFO] - Best features Index(['DNK', 'ISL', 'LTU', 'LVA', 'SVK'], dtype='object'), [ 4 12 14 16 21]
[2026-04-03 17:14:37,377][__main__][INFO] - Experiment Finished
solver:
  name: hc_predictor
  model_name: HC
  custom_objective: lagrange
  N_SELECT_FEATURES: 5
  n_runs: 5
  recalculate_dag: true
  feature_selector: SequentialFeatureSelector
  n_outer: 10
  n_inner: 100
  hidden_dim: 32
  depth: 2
  constrained: true
  rho0: 0
  lambda0: 1.0
  rho_mult: 1.0
  learning_rate: 0.25
  lambda_update_rate: 1.0
  weight_decay: 0.25
  loss_type: l2
  reg_type: l2
  a_reg_type: l1
  lambda1: 0.1
  lambda2: 0.1
  nonzero_threshold: 0.001
  constraints_mode: weights
  callback_mode: all_cycles
  robust: false
  tabu_edges: false
  weights_bound: 1.0
  time_limit: 1800
  target_mip_gap: 0.0001
  data_path: ./data/
  knowledge_graph_filename: knowledge_graph_intersection.graphml
  debug: false
problem:
  name: industry_eu
  data_path: data/industry_eu/processed/industry_eu_fred_ExcludingConstruction_allcountry_monthly_206x25.csv
  frequency: M
  impute: none
  dropna_selected: true
  target: HUN
  features:
  - AUT
  - BEL
  - CZE
  - DEU
  - DNK
  - ESP
  - EST
  - FIN
  - FRA
  - GBR
  - GRC
  - IRL
  - ISL
  - ITA
  - LTU
  - LUX
  - LVA
  - NLD
  - NOR
  - POL
  - PRT
  - SVK
  - SVN
  - SWE
experiment: recommender_industry

[2026-04-03 17:14:37,477][__main__][INFO] - Starting experiment in /Users/xiaoyuhe/Recommender_Pavel/multirun/2026-04-03/15-45-47/11
Index(['HUN', 'AUT', 'BEL', 'CZE', 'DEU', 'DNK', 'ESP', 'EST', 'FIN', 'FRA',
       'GBR', 'GRC', 'IRL', 'ISL', 'ITA', 'LTU', 'LUX', 'LVA', 'NLD', 'NOR',
       'POL', 'PRT', 'SVK', 'SVN', 'SWE'],
      dtype='object')
[2026-04-03 17:14:37,648][root][INFO] - w_est shape (25, 25)
[2026-04-03 17:14:37,648][root][INFO] - target_col HUN
[2026-04-03 17:14:37,648][root][INFO] - row_and_col_names 25
[2026-04-03 17:14:37,648][root][INFO] - prep_data.shape (206, 25)
[2026-04-03 17:14:37,648][root][INFO] - row_and_col_names Index(['HUN', 'AUT', 'BEL', 'CZE', 'DEU', 'DNK', 'ESP', 'EST', 'FIN', 'FRA',
       'GBR', 'GRC', 'IRL', 'ISL', 'ITA', 'LTU', 'LUX', 'LVA', 'NLD', 'NOR',
       'POL', 'PRT', 'SVK', 'SVN', 'SWE'],
      dtype='object')
[2026-04-03 17:14:37,655][root][INFO] - Testing on columns 24: Index(['AUT', 'BEL', 'CZE', 'DEU', 'DNK', 'ESP', 'EST', 'FIN', 'FRA', 'GBR',
       'GRC', 'IRL', 'ISL', 'ITA', 'LTU', 'LUX', 'LVA', 'NLD', 'NOR', 'POL',
       'PRT', 'SVK', 'SVN', 'SWE'],
      dtype='object')
[2026-04-03 17:23:29,465][root][INFO] - Best features Index(['ISL', 'LTU', 'LUX', 'NLD', 'SVN'], dtype='object'), [12 14 15 17 22]
[2026-04-03 17:23:53,829][__main__][INFO] - Experiment Finished
solver:
  name: hc_predictor
  model_name: HC
  custom_objective: lagrange
  N_SELECT_FEATURES: 5
  n_runs: 5
  recalculate_dag: true
  feature_selector: SequentialFeatureSelector
  n_outer: 10
  n_inner: 100
  hidden_dim: 32
  depth: 2
  constrained: true
  rho0: 0
  lambda0: 1.0
  rho_mult: 1.0
  learning_rate: 0.25
  lambda_update_rate: 1.0
  weight_decay: 0.25
  loss_type: l2
  reg_type: l2
  a_reg_type: l1
  lambda1: 0.1
  lambda2: 0.1
  nonzero_threshold: 0.001
  constraints_mode: weights
  callback_mode: all_cycles
  robust: false
  tabu_edges: false
  weights_bound: 1.0
  time_limit: 1800
  target_mip_gap: 0.0001
  data_path: ./data/
  knowledge_graph_filename: knowledge_graph_intersection.graphml
  debug: false
problem:
  name: industry_eu
  data_path: data/industry_eu/processed/industry_eu_fred_ExcludingConstruction_allcountry_monthly_206x25.csv
  frequency: M
  impute: none
  dropna_selected: true
  target: IRL
  features:
  - AUT
  - BEL
  - CZE
  - DEU
  - DNK
  - ESP
  - EST
  - FIN
  - FRA
  - GBR
  - GRC
  - HUN
  - ISL
  - ITA
  - LTU
  - LUX
  - LVA
  - NLD
  - NOR
  - POL
  - PRT
  - SVK
  - SVN
  - SWE
experiment: recommender_industry

[2026-04-03 17:23:53,916][__main__][INFO] - Starting experiment in /Users/xiaoyuhe/Recommender_Pavel/multirun/2026-04-03/15-45-47/12
Index(['IRL', 'AUT', 'BEL', 'CZE', 'DEU', 'DNK', 'ESP', 'EST', 'FIN', 'FRA',
       'GBR', 'GRC', 'HUN', 'ISL', 'ITA', 'LTU', 'LUX', 'LVA', 'NLD', 'NOR',
       'POL', 'PRT', 'SVK', 'SVN', 'SWE'],
      dtype='object')
[2026-04-03 17:23:54,063][root][INFO] - w_est shape (25, 25)
[2026-04-03 17:23:54,063][root][INFO] - target_col IRL
[2026-04-03 17:23:54,063][root][INFO] - row_and_col_names 25
[2026-04-03 17:23:54,063][root][INFO] - prep_data.shape (206, 25)
[2026-04-03 17:23:54,063][root][INFO] - row_and_col_names Index(['IRL', 'AUT', 'BEL', 'CZE', 'DEU', 'DNK', 'ESP', 'EST', 'FIN', 'FRA',
       'GBR', 'GRC', 'HUN', 'ISL', 'ITA', 'LTU', 'LUX', 'LVA', 'NLD', 'NOR',
       'POL', 'PRT', 'SVK', 'SVN', 'SWE'],
      dtype='object')
[2026-04-03 17:23:54,071][root][INFO] - Testing on columns 24: Index(['AUT', 'BEL', 'CZE', 'DEU', 'DNK', 'ESP', 'EST', 'FIN', 'FRA', 'GBR',
       'GRC', 'HUN', 'ISL', 'ITA', 'LTU', 'LUX', 'LVA', 'NLD', 'NOR', 'POL',
       'PRT', 'SVK', 'SVN', 'SWE'],
      dtype='object')
[2026-04-03 17:32:05,097][root][INFO] - Best features Index(['AUT', 'BEL', 'LTU', 'LVA', 'SWE'], dtype='object'), [ 0  1 14 16 23]
[2026-04-03 17:32:34,945][__main__][INFO] - Experiment Finished
solver:
  name: hc_predictor
  model_name: HC
  custom_objective: lagrange
  N_SELECT_FEATURES: 5
  n_runs: 5
  recalculate_dag: true
  feature_selector: SequentialFeatureSelector
  n_outer: 10
  n_inner: 100
  hidden_dim: 32
  depth: 2
  constrained: true
  rho0: 0
  lambda0: 1.0
  rho_mult: 1.0
  learning_rate: 0.25
  lambda_update_rate: 1.0
  weight_decay: 0.25
  loss_type: l2
  reg_type: l2
  a_reg_type: l1
  lambda1: 0.1
  lambda2: 0.1
  nonzero_threshold: 0.001
  constraints_mode: weights
  callback_mode: all_cycles
  robust: false
  tabu_edges: false
  weights_bound: 1.0
  time_limit: 1800
  target_mip_gap: 0.0001
  data_path: ./data/
  knowledge_graph_filename: knowledge_graph_intersection.graphml
  debug: false
problem:
  name: industry_eu
  data_path: data/industry_eu/processed/industry_eu_fred_ExcludingConstruction_allcountry_monthly_206x25.csv
  frequency: M
  impute: none
  dropna_selected: true
  target: ISL
  features:
  - AUT
  - BEL
  - CZE
  - DEU
  - DNK
  - ESP
  - EST
  - FIN
  - FRA
  - GBR
  - GRC
  - HUN
  - IRL
  - ITA
  - LTU
  - LUX
  - LVA
  - NLD
  - NOR
  - POL
  - PRT
  - SVK
  - SVN
  - SWE
experiment: recommender_industry

[2026-04-03 17:32:35,038][__main__][INFO] - Starting experiment in /Users/xiaoyuhe/Recommender_Pavel/multirun/2026-04-03/15-45-47/13
Index(['ISL', 'AUT', 'BEL', 'CZE', 'DEU', 'DNK', 'ESP', 'EST', 'FIN', 'FRA',
       'GBR', 'GRC', 'HUN', 'IRL', 'ITA', 'LTU', 'LUX', 'LVA', 'NLD', 'NOR',
       'POL', 'PRT', 'SVK', 'SVN', 'SWE'],
      dtype='object')
[2026-04-03 17:32:35,185][root][INFO] - w_est shape (25, 25)
[2026-04-03 17:32:35,185][root][INFO] - target_col ISL
[2026-04-03 17:32:35,185][root][INFO] - row_and_col_names 25
[2026-04-03 17:32:35,185][root][INFO] - prep_data.shape (206, 25)
[2026-04-03 17:32:35,185][root][INFO] - row_and_col_names Index(['ISL', 'AUT', 'BEL', 'CZE', 'DEU', 'DNK', 'ESP', 'EST', 'FIN', 'FRA',
       'GBR', 'GRC', 'HUN', 'IRL', 'ITA', 'LTU', 'LUX', 'LVA', 'NLD', 'NOR',
       'POL', 'PRT', 'SVK', 'SVN', 'SWE'],
      dtype='object')
[2026-04-03 17:32:35,192][root][INFO] - Testing on columns 24: Index(['AUT', 'BEL', 'CZE', 'DEU', 'DNK', 'ESP', 'EST', 'FIN', 'FRA', 'GBR',
       'GRC', 'HUN', 'IRL', 'ITA', 'LTU', 'LUX', 'LVA', 'NLD', 'NOR', 'POL',
       'PRT', 'SVK', 'SVN', 'SWE'],
      dtype='object')
[2026-04-03 17:39:18,147][root][INFO] - Best features Index(['ESP', 'GBR', 'IRL', 'LVA', 'SWE'], dtype='object'), [ 5  9 12 16 23]
[2026-04-03 17:39:26,537][__main__][INFO] - Experiment Finished
solver:
  name: hc_predictor
  model_name: HC
  custom_objective: lagrange
  N_SELECT_FEATURES: 5
  n_runs: 5
  recalculate_dag: true
  feature_selector: SequentialFeatureSelector
  n_outer: 10
  n_inner: 100
  hidden_dim: 32
  depth: 2
  constrained: true
  rho0: 0
  lambda0: 1.0
  rho_mult: 1.0
  learning_rate: 0.25
  lambda_update_rate: 1.0
  weight_decay: 0.25
  loss_type: l2
  reg_type: l2
  a_reg_type: l1
  lambda1: 0.1
  lambda2: 0.1
  nonzero_threshold: 0.001
  constraints_mode: weights
  callback_mode: all_cycles
  robust: false
  tabu_edges: false
  weights_bound: 1.0
  time_limit: 1800
  target_mip_gap: 0.0001
  data_path: ./data/
  knowledge_graph_filename: knowledge_graph_intersection.graphml
  debug: false
problem:
  name: industry_eu
  data_path: data/industry_eu/processed/industry_eu_fred_ExcludingConstruction_allcountry_monthly_206x25.csv
  frequency: M
  impute: none
  dropna_selected: true
  target: ITA
  features:
  - AUT
  - BEL
  - CZE
  - DEU
  - DNK
  - ESP
  - EST
  - FIN
  - FRA
  - GBR
  - GRC
  - HUN
  - IRL
  - ISL
  - LTU
  - LUX
  - LVA
  - NLD
  - NOR
  - POL
  - PRT
  - SVK
  - SVN
  - SWE
experiment: recommender_industry

[2026-04-03 17:39:26,623][__main__][INFO] - Starting experiment in /Users/xiaoyuhe/Recommender_Pavel/multirun/2026-04-03/15-45-47/14
Index(['ITA', 'AUT', 'BEL', 'CZE', 'DEU', 'DNK', 'ESP', 'EST', 'FIN', 'FRA',
       'GBR', 'GRC', 'HUN', 'IRL', 'ISL', 'LTU', 'LUX', 'LVA', 'NLD', 'NOR',
       'POL', 'PRT', 'SVK', 'SVN', 'SWE'],
      dtype='object')
[2026-04-03 17:39:26,776][root][INFO] - w_est shape (25, 25)
[2026-04-03 17:39:26,776][root][INFO] - target_col ITA
[2026-04-03 17:39:26,777][root][INFO] - row_and_col_names 25
[2026-04-03 17:39:26,777][root][INFO] - prep_data.shape (206, 25)
[2026-04-03 17:39:26,777][root][INFO] - row_and_col_names Index(['ITA', 'AUT', 'BEL', 'CZE', 'DEU', 'DNK', 'ESP', 'EST', 'FIN', 'FRA',
       'GBR', 'GRC', 'HUN', 'IRL', 'ISL', 'LTU', 'LUX', 'LVA', 'NLD', 'NOR',
       'POL', 'PRT', 'SVK', 'SVN', 'SWE'],
      dtype='object')
[2026-04-03 17:39:26,784][root][INFO] - Testing on columns 24: Index(['AUT', 'BEL', 'CZE', 'DEU', 'DNK', 'ESP', 'EST', 'FIN', 'FRA', 'GBR',
       'GRC', 'HUN', 'IRL', 'ISL', 'LTU', 'LUX', 'LVA', 'NLD', 'NOR', 'POL',
       'PRT', 'SVK', 'SVN', 'SWE'],
      dtype='object')
[2026-04-03 17:46:18,813][root][INFO] - Best features Index(['AUT', 'FIN', 'ISL', 'LUX', 'LVA'], dtype='object'), [ 0  7 13 15 16]
[2026-04-03 17:46:28,145][__main__][INFO] - Experiment Finished
solver:
  name: hc_predictor
  model_name: HC
  custom_objective: lagrange
  N_SELECT_FEATURES: 5
  n_runs: 5
  recalculate_dag: true
  feature_selector: SequentialFeatureSelector
  n_outer: 10
  n_inner: 100
  hidden_dim: 32
  depth: 2
  constrained: true
  rho0: 0
  lambda0: 1.0
  rho_mult: 1.0
  learning_rate: 0.25
  lambda_update_rate: 1.0
  weight_decay: 0.25
  loss_type: l2
  reg_type: l2
  a_reg_type: l1
  lambda1: 0.1
  lambda2: 0.1
  nonzero_threshold: 0.001
  constraints_mode: weights
  callback_mode: all_cycles
  robust: false
  tabu_edges: false
  weights_bound: 1.0
  time_limit: 1800
  target_mip_gap: 0.0001
  data_path: ./data/
  knowledge_graph_filename: knowledge_graph_intersection.graphml
  debug: false
problem:
  name: industry_eu
  data_path: data/industry_eu/processed/industry_eu_fred_ExcludingConstruction_allcountry_monthly_206x25.csv
  frequency: M
  impute: none
  dropna_selected: true
  target: LTU
  features:
  - AUT
  - BEL
  - CZE
  - DEU
  - DNK
  - ESP
  - EST
  - FIN
  - FRA
  - GBR
  - GRC
  - HUN
  - IRL
  - ISL
  - ITA
  - LUX
  - LVA
  - NLD
  - NOR
  - POL
  - PRT
  - SVK
  - SVN
  - SWE
experiment: recommender_industry

[2026-04-03 17:46:28,234][__main__][INFO] - Starting experiment in /Users/xiaoyuhe/Recommender_Pavel/multirun/2026-04-03/15-45-47/15
Index(['LTU', 'AUT', 'BEL', 'CZE', 'DEU', 'DNK', 'ESP', 'EST', 'FIN', 'FRA',
       'GBR', 'GRC', 'HUN', 'IRL', 'ISL', 'ITA', 'LUX', 'LVA', 'NLD', 'NOR',
       'POL', 'PRT', 'SVK', 'SVN', 'SWE'],
      dtype='object')
[2026-04-03 17:46:28,386][root][INFO] - w_est shape (25, 25)
[2026-04-03 17:46:28,386][root][INFO] - target_col LTU
[2026-04-03 17:46:28,386][root][INFO] - row_and_col_names 25
[2026-04-03 17:46:28,387][root][INFO] - prep_data.shape (206, 25)
[2026-04-03 17:46:28,387][root][INFO] - row_and_col_names Index(['LTU', 'AUT', 'BEL', 'CZE', 'DEU', 'DNK', 'ESP', 'EST', 'FIN', 'FRA',
       'GBR', 'GRC', 'HUN', 'IRL', 'ISL', 'ITA', 'LUX', 'LVA', 'NLD', 'NOR',
       'POL', 'PRT', 'SVK', 'SVN', 'SWE'],
      dtype='object')
[2026-04-03 17:46:28,400][root][INFO] - Testing on columns 24: Index(['AUT', 'BEL', 'CZE', 'DEU', 'DNK', 'ESP', 'EST', 'FIN', 'FRA', 'GBR',
       'GRC', 'HUN', 'IRL', 'ISL', 'ITA', 'LUX', 'LVA', 'NLD', 'NOR', 'POL',
       'PRT', 'SVK', 'SVN', 'SWE'],
      dtype='object')
[2026-04-03 17:54:38,081][root][INFO] - Best features Index(['AUT', 'CZE', 'ITA', 'NOR', 'POL'], dtype='object'), [ 0  2 14 18 19]
[2026-04-03 17:54:58,432][__main__][INFO] - Experiment Finished
solver:
  name: hc_predictor
  model_name: HC
  custom_objective: lagrange
  N_SELECT_FEATURES: 5
  n_runs: 5
  recalculate_dag: true
  feature_selector: SequentialFeatureSelector
  n_outer: 10
  n_inner: 100
  hidden_dim: 32
  depth: 2
  constrained: true
  rho0: 0
  lambda0: 1.0
  rho_mult: 1.0
  learning_rate: 0.25
  lambda_update_rate: 1.0
  weight_decay: 0.25
  loss_type: l2
  reg_type: l2
  a_reg_type: l1
  lambda1: 0.1
  lambda2: 0.1
  nonzero_threshold: 0.001
  constraints_mode: weights
  callback_mode: all_cycles
  robust: false
  tabu_edges: false
  weights_bound: 1.0
  time_limit: 1800
  target_mip_gap: 0.0001
  data_path: ./data/
  knowledge_graph_filename: knowledge_graph_intersection.graphml
  debug: false
problem:
  name: industry_eu
  data_path: data/industry_eu/processed/industry_eu_fred_ExcludingConstruction_allcountry_monthly_206x25.csv
  frequency: M
  impute: none
  dropna_selected: true
  target: LUX
  features:
  - AUT
  - BEL
  - CZE
  - DEU
  - DNK
  - ESP
  - EST
  - FIN
  - FRA
  - GBR
  - GRC
  - HUN
  - IRL
  - ISL
  - ITA
  - LTU
  - LVA
  - NLD
  - NOR
  - POL
  - PRT
  - SVK
  - SVN
  - SWE
experiment: recommender_industry

[2026-04-03 17:54:58,589][__main__][INFO] - Starting experiment in /Users/xiaoyuhe/Recommender_Pavel/multirun/2026-04-03/15-45-47/16
Index(['LUX', 'AUT', 'BEL', 'CZE', 'DEU', 'DNK', 'ESP', 'EST', 'FIN', 'FRA',
       'GBR', 'GRC', 'HUN', 'IRL', 'ISL', 'ITA', 'LTU', 'LVA', 'NLD', 'NOR',
       'POL', 'PRT', 'SVK', 'SVN', 'SWE'],
      dtype='object')
[2026-04-03 17:54:58,773][root][INFO] - w_est shape (25, 25)
[2026-04-03 17:54:58,773][root][INFO] - target_col LUX
[2026-04-03 17:54:58,773][root][INFO] - row_and_col_names 25
[2026-04-03 17:54:58,773][root][INFO] - prep_data.shape (206, 25)
[2026-04-03 17:54:58,773][root][INFO] - row_and_col_names Index(['LUX', 'AUT', 'BEL', 'CZE', 'DEU', 'DNK', 'ESP', 'EST', 'FIN', 'FRA',
       'GBR', 'GRC', 'HUN', 'IRL', 'ISL', 'ITA', 'LTU', 'LVA', 'NLD', 'NOR',
       'POL', 'PRT', 'SVK', 'SVN', 'SWE'],
      dtype='object')
[2026-04-03 17:54:58,786][root][INFO] - Testing on columns 24: Index(['AUT', 'BEL', 'CZE', 'DEU', 'DNK', 'ESP', 'EST', 'FIN', 'FRA', 'GBR',
       'GRC', 'HUN', 'IRL', 'ISL', 'ITA', 'LTU', 'LVA', 'NLD', 'NOR', 'POL',
       'PRT', 'SVK', 'SVN', 'SWE'],
      dtype='object')
[2026-04-03 18:05:25,868][root][INFO] - Best features Index(['AUT', 'FIN', 'LTU', 'NLD', 'SWE'], dtype='object'), [ 0  7 15 17 23]
[2026-04-03 18:05:41,366][__main__][INFO] - Experiment Finished
solver:
  name: hc_predictor
  model_name: HC
  custom_objective: lagrange
  N_SELECT_FEATURES: 5
  n_runs: 5
  recalculate_dag: true
  feature_selector: SequentialFeatureSelector
  n_outer: 10
  n_inner: 100
  hidden_dim: 32
  depth: 2
  constrained: true
  rho0: 0
  lambda0: 1.0
  rho_mult: 1.0
  learning_rate: 0.25
  lambda_update_rate: 1.0
  weight_decay: 0.25
  loss_type: l2
  reg_type: l2
  a_reg_type: l1
  lambda1: 0.1
  lambda2: 0.1
  nonzero_threshold: 0.001
  constraints_mode: weights
  callback_mode: all_cycles
  robust: false
  tabu_edges: false
  weights_bound: 1.0
  time_limit: 1800
  target_mip_gap: 0.0001
  data_path: ./data/
  knowledge_graph_filename: knowledge_graph_intersection.graphml
  debug: false
problem:
  name: industry_eu
  data_path: data/industry_eu/processed/industry_eu_fred_ExcludingConstruction_allcountry_monthly_206x25.csv
  frequency: M
  impute: none
  dropna_selected: true
  target: LVA
  features:
  - AUT
  - BEL
  - CZE
  - DEU
  - DNK
  - ESP
  - EST
  - FIN
  - FRA
  - GBR
  - GRC
  - HUN
  - IRL
  - ISL
  - ITA
  - LTU
  - LUX
  - NLD
  - NOR
  - POL
  - PRT
  - SVK
  - SVN
  - SWE
experiment: recommender_industry

[2026-04-03 18:05:41,489][__main__][INFO] - Starting experiment in /Users/xiaoyuhe/Recommender_Pavel/multirun/2026-04-03/15-45-47/17
Index(['LVA', 'AUT', 'BEL', 'CZE', 'DEU', 'DNK', 'ESP', 'EST', 'FIN', 'FRA',
       'GBR', 'GRC', 'HUN', 'IRL', 'ISL', 'ITA', 'LTU', 'LUX', 'NLD', 'NOR',
       'POL', 'PRT', 'SVK', 'SVN', 'SWE'],
      dtype='object')
[2026-04-03 18:05:41,689][root][INFO] - w_est shape (25, 25)
[2026-04-03 18:05:41,690][root][INFO] - target_col LVA
[2026-04-03 18:05:41,690][root][INFO] - row_and_col_names 25
[2026-04-03 18:05:41,690][root][INFO] - prep_data.shape (206, 25)
[2026-04-03 18:05:41,690][root][INFO] - row_and_col_names Index(['LVA', 'AUT', 'BEL', 'CZE', 'DEU', 'DNK', 'ESP', 'EST', 'FIN', 'FRA',
       'GBR', 'GRC', 'HUN', 'IRL', 'ISL', 'ITA', 'LTU', 'LUX', 'NLD', 'NOR',
       'POL', 'PRT', 'SVK', 'SVN', 'SWE'],
      dtype='object')
[2026-04-03 18:05:41,699][root][INFO] - Testing on columns 24: Index(['AUT', 'BEL', 'CZE', 'DEU', 'DNK', 'ESP', 'EST', 'FIN', 'FRA', 'GBR',
       'GRC', 'HUN', 'IRL', 'ISL', 'ITA', 'LTU', 'LUX', 'NLD', 'NOR', 'POL',
       'PRT', 'SVK', 'SVN', 'SWE'],
      dtype='object')
[2026-04-03 18:18:30,422][root][INFO] - Best features Index(['AUT', 'FRA', 'HUN', 'LUX', 'SVN'], dtype='object'), [ 0  8 11 16 22]
[2026-04-03 18:19:03,289][__main__][INFO] - Experiment Finished
solver:
  name: hc_predictor
  model_name: HC
  custom_objective: lagrange
  N_SELECT_FEATURES: 5
  n_runs: 5
  recalculate_dag: true
  feature_selector: SequentialFeatureSelector
  n_outer: 10
  n_inner: 100
  hidden_dim: 32
  depth: 2
  constrained: true
  rho0: 0
  lambda0: 1.0
  rho_mult: 1.0
  learning_rate: 0.25
  lambda_update_rate: 1.0
  weight_decay: 0.25
  loss_type: l2
  reg_type: l2
  a_reg_type: l1
  lambda1: 0.1
  lambda2: 0.1
  nonzero_threshold: 0.001
  constraints_mode: weights
  callback_mode: all_cycles
  robust: false
  tabu_edges: false
  weights_bound: 1.0
  time_limit: 1800
  target_mip_gap: 0.0001
  data_path: ./data/
  knowledge_graph_filename: knowledge_graph_intersection.graphml
  debug: false
problem:
  name: industry_eu
  data_path: data/industry_eu/processed/industry_eu_fred_ExcludingConstruction_allcountry_monthly_206x25.csv
  frequency: M
  impute: none
  dropna_selected: true
  target: NLD
  features:
  - AUT
  - BEL
  - CZE
  - DEU
  - DNK
  - ESP
  - EST
  - FIN
  - FRA
  - GBR
  - GRC
  - HUN
  - IRL
  - ISL
  - ITA
  - LTU
  - LUX
  - LVA
  - NOR
  - POL
  - PRT
  - SVK
  - SVN
  - SWE
experiment: recommender_industry

[2026-04-03 18:19:03,421][__main__][INFO] - Starting experiment in /Users/xiaoyuhe/Recommender_Pavel/multirun/2026-04-03/15-45-47/18
Index(['NLD', 'AUT', 'BEL', 'CZE', 'DEU', 'DNK', 'ESP', 'EST', 'FIN', 'FRA',
       'GBR', 'GRC', 'HUN', 'IRL', 'ISL', 'ITA', 'LTU', 'LUX', 'LVA', 'NOR',
       'POL', 'PRT', 'SVK', 'SVN', 'SWE'],
      dtype='object')
[2026-04-03 18:19:03,634][root][INFO] - w_est shape (25, 25)
[2026-04-03 18:19:03,634][root][INFO] - target_col NLD
[2026-04-03 18:19:03,634][root][INFO] - row_and_col_names 25
[2026-04-03 18:19:03,635][root][INFO] - prep_data.shape (206, 25)
[2026-04-03 18:19:03,635][root][INFO] - row_and_col_names Index(['NLD', 'AUT', 'BEL', 'CZE', 'DEU', 'DNK', 'ESP', 'EST', 'FIN', 'FRA',
       'GBR', 'GRC', 'HUN', 'IRL', 'ISL', 'ITA', 'LTU', 'LUX', 'LVA', 'NOR',
       'POL', 'PRT', 'SVK', 'SVN', 'SWE'],
      dtype='object')
[2026-04-03 18:19:03,649][root][INFO] - Testing on columns 24: Index(['AUT', 'BEL', 'CZE', 'DEU', 'DNK', 'ESP', 'EST', 'FIN', 'FRA', 'GBR',
       'GRC', 'HUN', 'IRL', 'ISL', 'ITA', 'LTU', 'LUX', 'LVA', 'NOR', 'POL',
       'PRT', 'SVK', 'SVN', 'SWE'],
      dtype='object')
[2026-04-03 18:38:44,121][root][INFO] - Best features Index(['GRC', 'LUX', 'LVA', 'SVK', 'SWE'], dtype='object'), [10 16 17 21 23]
[2026-04-03 18:39:20,752][__main__][INFO] - Experiment Finished
solver:
  name: hc_predictor
  model_name: HC
  custom_objective: lagrange
  N_SELECT_FEATURES: 5
  n_runs: 5
  recalculate_dag: true
  feature_selector: SequentialFeatureSelector
  n_outer: 10
  n_inner: 100
  hidden_dim: 32
  depth: 2
  constrained: true
  rho0: 0
  lambda0: 1.0
  rho_mult: 1.0
  learning_rate: 0.25
  lambda_update_rate: 1.0
  weight_decay: 0.25
  loss_type: l2
  reg_type: l2
  a_reg_type: l1
  lambda1: 0.1
  lambda2: 0.1
  nonzero_threshold: 0.001
  constraints_mode: weights
  callback_mode: all_cycles
  robust: false
  tabu_edges: false
  weights_bound: 1.0
  time_limit: 1800
  target_mip_gap: 0.0001
  data_path: ./data/
  knowledge_graph_filename: knowledge_graph_intersection.graphml
  debug: false
problem:
  name: industry_eu
  data_path: data/industry_eu/processed/industry_eu_fred_ExcludingConstruction_allcountry_monthly_206x25.csv
  frequency: M
  impute: none
  dropna_selected: true
  target: NOR
  features:
  - AUT
  - BEL
  - CZE
  - DEU
  - DNK
  - ESP
  - EST
  - FIN
  - FRA
  - GBR
  - GRC
  - HUN
  - IRL
  - ISL
  - ITA
  - LTU
  - LUX
  - LVA
  - NLD
  - POL
  - PRT
  - SVK
  - SVN
  - SWE
experiment: recommender_industry

[2026-04-03 18:39:20,824][__main__][INFO] - Starting experiment in /Users/xiaoyuhe/Recommender_Pavel/multirun/2026-04-03/15-45-47/19
Index(['NOR', 'AUT', 'BEL', 'CZE', 'DEU', 'DNK', 'ESP', 'EST', 'FIN', 'FRA',
       'GBR', 'GRC', 'HUN', 'IRL', 'ISL', 'ITA', 'LTU', 'LUX', 'LVA', 'NLD',
       'POL', 'PRT', 'SVK', 'SVN', 'SWE'],
      dtype='object')
[2026-04-03 18:39:20,982][root][INFO] - w_est shape (25, 25)
[2026-04-03 18:39:20,982][root][INFO] - target_col NOR
[2026-04-03 18:39:20,982][root][INFO] - row_and_col_names 25
[2026-04-03 18:39:20,982][root][INFO] - prep_data.shape (206, 25)
[2026-04-03 18:39:20,982][root][INFO] - row_and_col_names Index(['NOR', 'AUT', 'BEL', 'CZE', 'DEU', 'DNK', 'ESP', 'EST', 'FIN', 'FRA',
       'GBR', 'GRC', 'HUN', 'IRL', 'ISL', 'ITA', 'LTU', 'LUX', 'LVA', 'NLD',
       'POL', 'PRT', 'SVK', 'SVN', 'SWE'],
      dtype='object')
[2026-04-03 18:39:20,988][root][INFO] - Testing on columns 24: Index(['AUT', 'BEL', 'CZE', 'DEU', 'DNK', 'ESP', 'EST', 'FIN', 'FRA', 'GBR',
       'GRC', 'HUN', 'IRL', 'ISL', 'ITA', 'LTU', 'LUX', 'LVA', 'NLD', 'POL',
       'PRT', 'SVK', 'SVN', 'SWE'],
      dtype='object')
[2026-04-03 18:50:22,818][root][INFO] - Best features Index(['BEL', 'CZE', 'LTU', 'SVK', 'SVN'], dtype='object'), [ 1  2 15 21 22]
[2026-04-03 18:51:08,301][__main__][INFO] - Experiment Finished
solver:
  name: hc_predictor
  model_name: HC
  custom_objective: lagrange
  N_SELECT_FEATURES: 5
  n_runs: 5
  recalculate_dag: true
  feature_selector: SequentialFeatureSelector
  n_outer: 10
  n_inner: 100
  hidden_dim: 32
  depth: 2
  constrained: true
  rho0: 0
  lambda0: 1.0
  rho_mult: 1.0
  learning_rate: 0.25
  lambda_update_rate: 1.0
  weight_decay: 0.25
  loss_type: l2
  reg_type: l2
  a_reg_type: l1
  lambda1: 0.1
  lambda2: 0.1
  nonzero_threshold: 0.001
  constraints_mode: weights
  callback_mode: all_cycles
  robust: false
  tabu_edges: false
  weights_bound: 1.0
  time_limit: 1800
  target_mip_gap: 0.0001
  data_path: ./data/
  knowledge_graph_filename: knowledge_graph_intersection.graphml
  debug: false
problem:
  name: industry_eu
  data_path: data/industry_eu/processed/industry_eu_fred_ExcludingConstruction_allcountry_monthly_206x25.csv
  frequency: M
  impute: none
  dropna_selected: true
  target: POL
  features:
  - AUT
  - BEL
  - CZE
  - DEU
  - DNK
  - ESP
  - EST
  - FIN
  - FRA
  - GBR
  - GRC
  - HUN
  - IRL
  - ISL
  - ITA
  - LTU
  - LUX
  - LVA
  - NLD
  - NOR
  - PRT
  - SVK
  - SVN
  - SWE
experiment: recommender_industry

[2026-04-03 18:51:08,357][__main__][INFO] - Starting experiment in /Users/xiaoyuhe/Recommender_Pavel/multirun/2026-04-03/15-45-47/20
Index(['POL', 'AUT', 'BEL', 'CZE', 'DEU', 'DNK', 'ESP', 'EST', 'FIN', 'FRA',
       'GBR', 'GRC', 'HUN', 'IRL', 'ISL', 'ITA', 'LTU', 'LUX', 'LVA', 'NLD',
       'NOR', 'PRT', 'SVK', 'SVN', 'SWE'],
      dtype='object')
[2026-04-03 18:51:08,504][root][INFO] - w_est shape (25, 25)
[2026-04-03 18:51:08,504][root][INFO] - target_col POL
[2026-04-03 18:51:08,504][root][INFO] - row_and_col_names 25
[2026-04-03 18:51:08,504][root][INFO] - prep_data.shape (206, 25)
[2026-04-03 18:51:08,504][root][INFO] - row_and_col_names Index(['POL', 'AUT', 'BEL', 'CZE', 'DEU', 'DNK', 'ESP', 'EST', 'FIN', 'FRA',
       'GBR', 'GRC', 'HUN', 'IRL', 'ISL', 'ITA', 'LTU', 'LUX', 'LVA', 'NLD',
       'NOR', 'PRT', 'SVK', 'SVN', 'SWE'],
      dtype='object')
[2026-04-03 18:51:08,506][root][INFO] - Testing on columns 24: Index(['AUT', 'BEL', 'CZE', 'DEU', 'DNK', 'ESP', 'EST', 'FIN', 'FRA', 'GBR',
       'GRC', 'HUN', 'IRL', 'ISL', 'ITA', 'LTU', 'LUX', 'LVA', 'NLD', 'NOR',
       'PRT', 'SVK', 'SVN', 'SWE'],
      dtype='object')
[2026-04-03 19:16:39,052][root][INFO] - Best features Index(['FIN', 'GRC', 'ISL', 'LUX', 'LVA'], dtype='object'), [ 7 10 13 16 17]
[2026-04-03 19:18:04,298][__main__][INFO] - Experiment Finished
solver:
  name: hc_predictor
  model_name: HC
  custom_objective: lagrange
  N_SELECT_FEATURES: 5
  n_runs: 5
  recalculate_dag: true
  feature_selector: SequentialFeatureSelector
  n_outer: 10
  n_inner: 100
  hidden_dim: 32
  depth: 2
  constrained: true
  rho0: 0
  lambda0: 1.0
  rho_mult: 1.0
  learning_rate: 0.25
  lambda_update_rate: 1.0
  weight_decay: 0.25
  loss_type: l2
  reg_type: l2
  a_reg_type: l1
  lambda1: 0.1
  lambda2: 0.1
  nonzero_threshold: 0.001
  constraints_mode: weights
  callback_mode: all_cycles
  robust: false
  tabu_edges: false
  weights_bound: 1.0
  time_limit: 1800
  target_mip_gap: 0.0001
  data_path: ./data/
  knowledge_graph_filename: knowledge_graph_intersection.graphml
  debug: false
problem:
  name: industry_eu
  data_path: data/industry_eu/processed/industry_eu_fred_ExcludingConstruction_allcountry_monthly_206x25.csv
  frequency: M
  impute: none
  dropna_selected: true
  target: PRT
  features:
  - AUT
  - BEL
  - CZE
  - DEU
  - DNK
  - ESP
  - EST
  - FIN
  - FRA
  - GBR
  - GRC
  - HUN
  - IRL
  - ISL
  - ITA
  - LTU
  - LUX
  - LVA
  - NLD
  - NOR
  - POL
  - SVK
  - SVN
  - SWE
experiment: recommender_industry

[2026-04-03 19:18:04,547][__main__][INFO] - Starting experiment in /Users/xiaoyuhe/Recommender_Pavel/multirun/2026-04-03/15-45-47/21
Index(['PRT', 'AUT', 'BEL', 'CZE', 'DEU', 'DNK', 'ESP', 'EST', 'FIN', 'FRA',
       'GBR', 'GRC', 'HUN', 'IRL', 'ISL', 'ITA', 'LTU', 'LUX', 'LVA', 'NLD',
       'NOR', 'POL', 'SVK', 'SVN', 'SWE'],
      dtype='object')
[2026-04-03 19:18:04,709][root][INFO] - w_est shape (25, 25)
[2026-04-03 19:18:04,709][root][INFO] - target_col PRT
[2026-04-03 19:18:04,709][root][INFO] - row_and_col_names 25
[2026-04-03 19:18:04,709][root][INFO] - prep_data.shape (206, 25)
[2026-04-03 19:18:04,709][root][INFO] - row_and_col_names Index(['PRT', 'AUT', 'BEL', 'CZE', 'DEU', 'DNK', 'ESP', 'EST', 'FIN', 'FRA',
       'GBR', 'GRC', 'HUN', 'IRL', 'ISL', 'ITA', 'LTU', 'LUX', 'LVA', 'NLD',
       'NOR', 'POL', 'SVK', 'SVN', 'SWE'],
      dtype='object')
[2026-04-03 19:18:04,711][root][INFO] - Testing on columns 24: Index(['AUT', 'BEL', 'CZE', 'DEU', 'DNK', 'ESP', 'EST', 'FIN', 'FRA', 'GBR',
       'GRC', 'HUN', 'IRL', 'ISL', 'ITA', 'LTU', 'LUX', 'LVA', 'NLD', 'NOR',
       'POL', 'SVK', 'SVN', 'SWE'],
      dtype='object')
[2026-04-03 19:24:46,423][root][INFO] - Best features Index(['AUT', 'FIN', 'IRL', 'LVA', 'SWE'], dtype='object'), [ 0  7 12 17 23]
[2026-04-03 19:24:56,799][__main__][INFO] - Experiment Finished
solver:
  name: hc_predictor
  model_name: HC
  custom_objective: lagrange
  N_SELECT_FEATURES: 5
  n_runs: 5
  recalculate_dag: true
  feature_selector: SequentialFeatureSelector
  n_outer: 10
  n_inner: 100
  hidden_dim: 32
  depth: 2
  constrained: true
  rho0: 0
  lambda0: 1.0
  rho_mult: 1.0
  learning_rate: 0.25
  lambda_update_rate: 1.0
  weight_decay: 0.25
  loss_type: l2
  reg_type: l2
  a_reg_type: l1
  lambda1: 0.1
  lambda2: 0.1
  nonzero_threshold: 0.001
  constraints_mode: weights
  callback_mode: all_cycles
  robust: false
  tabu_edges: false
  weights_bound: 1.0
  time_limit: 1800
  target_mip_gap: 0.0001
  data_path: ./data/
  knowledge_graph_filename: knowledge_graph_intersection.graphml
  debug: false
problem:
  name: industry_eu
  data_path: data/industry_eu/processed/industry_eu_fred_ExcludingConstruction_allcountry_monthly_206x25.csv
  frequency: M
  impute: none
  dropna_selected: true
  target: SVK
  features:
  - AUT
  - BEL
  - CZE
  - DEU
  - DNK
  - ESP
  - EST
  - FIN
  - FRA
  - GBR
  - GRC
  - HUN
  - IRL
  - ISL
  - ITA
  - LTU
  - LUX
  - LVA
  - NLD
  - NOR
  - POL
  - PRT
  - SVN
  - SWE
experiment: recommender_industry

[2026-04-03 19:24:56,861][__main__][INFO] - Starting experiment in /Users/xiaoyuhe/Recommender_Pavel/multirun/2026-04-03/15-45-47/22
Index(['SVK', 'AUT', 'BEL', 'CZE', 'DEU', 'DNK', 'ESP', 'EST', 'FIN', 'FRA',
       'GBR', 'GRC', 'HUN', 'IRL', 'ISL', 'ITA', 'LTU', 'LUX', 'LVA', 'NLD',
       'NOR', 'POL', 'PRT', 'SVN', 'SWE'],
      dtype='object')
[2026-04-03 19:24:57,009][root][INFO] - w_est shape (25, 25)
[2026-04-03 19:24:57,009][root][INFO] - target_col SVK
[2026-04-03 19:24:57,009][root][INFO] - row_and_col_names 25
[2026-04-03 19:24:57,009][root][INFO] - prep_data.shape (206, 25)
[2026-04-03 19:24:57,009][root][INFO] - row_and_col_names Index(['SVK', 'AUT', 'BEL', 'CZE', 'DEU', 'DNK', 'ESP', 'EST', 'FIN', 'FRA',
       'GBR', 'GRC', 'HUN', 'IRL', 'ISL', 'ITA', 'LTU', 'LUX', 'LVA', 'NLD',
       'NOR', 'POL', 'PRT', 'SVN', 'SWE'],
      dtype='object')
[2026-04-03 19:24:57,012][root][INFO] - Testing on columns 24: Index(['AUT', 'BEL', 'CZE', 'DEU', 'DNK', 'ESP', 'EST', 'FIN', 'FRA', 'GBR',
       'GRC', 'HUN', 'IRL', 'ISL', 'ITA', 'LTU', 'LUX', 'LVA', 'NLD', 'NOR',
       'POL', 'PRT', 'SVN', 'SWE'],
      dtype='object')
[2026-04-03 19:34:45,000][root][INFO] - Best features Index(['ESP', 'GBR', 'ITA', 'LTU', 'NOR'], dtype='object'), [ 5  9 14 15 19]
[2026-04-03 19:35:07,943][__main__][INFO] - Experiment Finished
solver:
  name: hc_predictor
  model_name: HC
  custom_objective: lagrange
  N_SELECT_FEATURES: 5
  n_runs: 5
  recalculate_dag: true
  feature_selector: SequentialFeatureSelector
  n_outer: 10
  n_inner: 100
  hidden_dim: 32
  depth: 2
  constrained: true
  rho0: 0
  lambda0: 1.0
  rho_mult: 1.0
  learning_rate: 0.25
  lambda_update_rate: 1.0
  weight_decay: 0.25
  loss_type: l2
  reg_type: l2
  a_reg_type: l1
  lambda1: 0.1
  lambda2: 0.1
  nonzero_threshold: 0.001
  constraints_mode: weights
  callback_mode: all_cycles
  robust: false
  tabu_edges: false
  weights_bound: 1.0
  time_limit: 1800
  target_mip_gap: 0.0001
  data_path: ./data/
  knowledge_graph_filename: knowledge_graph_intersection.graphml
  debug: false
problem:
  name: industry_eu
  data_path: data/industry_eu/processed/industry_eu_fred_ExcludingConstruction_allcountry_monthly_206x25.csv
  frequency: M
  impute: none
  dropna_selected: true
  target: SVN
  features:
  - AUT
  - BEL
  - CZE
  - DEU
  - DNK
  - ESP
  - EST
  - FIN
  - FRA
  - GBR
  - GRC
  - HUN
  - IRL
  - ISL
  - ITA
  - LTU
  - LUX
  - LVA
  - NLD
  - NOR
  - POL
  - PRT
  - SVK
  - SWE
experiment: recommender_industry

[2026-04-03 19:35:07,999][__main__][INFO] - Starting experiment in /Users/xiaoyuhe/Recommender_Pavel/multirun/2026-04-03/15-45-47/23
Index(['SVN', 'AUT', 'BEL', 'CZE', 'DEU', 'DNK', 'ESP', 'EST', 'FIN', 'FRA',
       'GBR', 'GRC', 'HUN', 'IRL', 'ISL', 'ITA', 'LTU', 'LUX', 'LVA', 'NLD',
       'NOR', 'POL', 'PRT', 'SVK', 'SWE'],
      dtype='object')
[2026-04-03 19:35:08,155][root][INFO] - w_est shape (25, 25)
[2026-04-03 19:35:08,155][root][INFO] - target_col SVN
[2026-04-03 19:35:08,155][root][INFO] - row_and_col_names 25
[2026-04-03 19:35:08,155][root][INFO] - prep_data.shape (206, 25)
[2026-04-03 19:35:08,155][root][INFO] - row_and_col_names Index(['SVN', 'AUT', 'BEL', 'CZE', 'DEU', 'DNK', 'ESP', 'EST', 'FIN', 'FRA',
       'GBR', 'GRC', 'HUN', 'IRL', 'ISL', 'ITA', 'LTU', 'LUX', 'LVA', 'NLD',
       'NOR', 'POL', 'PRT', 'SVK', 'SWE'],
      dtype='object')
[2026-04-03 19:35:08,157][root][INFO] - Testing on columns 24: Index(['AUT', 'BEL', 'CZE', 'DEU', 'DNK', 'ESP', 'EST', 'FIN', 'FRA', 'GBR',
       'GRC', 'HUN', 'IRL', 'ISL', 'ITA', 'LTU', 'LUX', 'LVA', 'NLD', 'NOR',
       'POL', 'PRT', 'SVK', 'SWE'],
      dtype='object')
[2026-04-03 19:42:56,100][root][INFO] - Best features Index(['FRA', 'ISL', 'NLD', 'PRT', 'SWE'], dtype='object'), [ 8 13 18 21 23]
[2026-04-03 19:43:13,928][__main__][INFO] - Experiment Finished
solver:
  name: hc_predictor
  model_name: HC
  custom_objective: lagrange
  N_SELECT_FEATURES: 5
  n_runs: 5
  recalculate_dag: true
  feature_selector: SequentialFeatureSelector
  n_outer: 10
  n_inner: 100
  hidden_dim: 32
  depth: 2
  constrained: true
  rho0: 0
  lambda0: 1.0
  rho_mult: 1.0
  learning_rate: 0.25
  lambda_update_rate: 1.0
  weight_decay: 0.25
  loss_type: l2
  reg_type: l2
  a_reg_type: l1
  lambda1: 0.1
  lambda2: 0.1
  nonzero_threshold: 0.001
  constraints_mode: weights
  callback_mode: all_cycles
  robust: false
  tabu_edges: false
  weights_bound: 1.0
  time_limit: 1800
  target_mip_gap: 0.0001
  data_path: ./data/
  knowledge_graph_filename: knowledge_graph_intersection.graphml
  debug: false
problem:
  name: industry_eu
  data_path: data/industry_eu/processed/industry_eu_fred_ExcludingConstruction_allcountry_monthly_206x25.csv
  frequency: M
  impute: none
  dropna_selected: true
  target: SWE
  features:
  - AUT
  - BEL
  - CZE
  - DEU
  - DNK
  - ESP
  - EST
  - FIN
  - FRA
  - GBR
  - GRC
  - HUN
  - IRL
  - ISL
  - ITA
  - LTU
  - LUX
  - LVA
  - NLD
  - NOR
  - POL
  - PRT
  - SVK
  - SVN
experiment: recommender_industry

[2026-04-03 19:43:13,993][__main__][INFO] - Starting experiment in /Users/xiaoyuhe/Recommender_Pavel/multirun/2026-04-03/15-45-47/24
Index(['SWE', 'AUT', 'BEL', 'CZE', 'DEU', 'DNK', 'ESP', 'EST', 'FIN', 'FRA',
       'GBR', 'GRC', 'HUN', 'IRL', 'ISL', 'ITA', 'LTU', 'LUX', 'LVA', 'NLD',
       'NOR', 'POL', 'PRT', 'SVK', 'SVN'],
      dtype='object')
[2026-04-03 19:43:14,152][root][INFO] - w_est shape (25, 25)
[2026-04-03 19:43:14,152][root][INFO] - target_col SWE
[2026-04-03 19:43:14,152][root][INFO] - row_and_col_names 25
[2026-04-03 19:43:14,152][root][INFO] - prep_data.shape (206, 25)
[2026-04-03 19:43:14,152][root][INFO] - row_and_col_names Index(['SWE', 'AUT', 'BEL', 'CZE', 'DEU', 'DNK', 'ESP', 'EST', 'FIN', 'FRA',
       'GBR', 'GRC', 'HUN', 'IRL', 'ISL', 'ITA', 'LTU', 'LUX', 'LVA', 'NLD',
       'NOR', 'POL', 'PRT', 'SVK', 'SVN'],
      dtype='object')
[2026-04-03 19:43:14,154][root][INFO] - Testing on columns 24: Index(['AUT', 'BEL', 'CZE', 'DEU', 'DNK', 'ESP', 'EST', 'FIN', 'FRA', 'GBR',
       'GRC', 'HUN', 'IRL', 'ISL', 'ITA', 'LTU', 'LUX', 'LVA', 'NLD', 'NOR',
       'POL', 'PRT', 'SVK', 'SVN'],
      dtype='object')
[2026-04-03 19:56:22,225][root][INFO] - Best features Index(['DEU', 'FRA', 'GRC', 'POL', 'SVK'], dtype='object'), [ 3  8 10 20 22]
[2026-04-03 19:57:02,153][__main__][INFO] - Experiment Finished
